 cgamex86

 Timestamp is 5922f38e (Mon May 22 10:19:58 2017)

 Preferred load address is 30000000

 Start         Length     Name                   Class
 0001:00000000 0006662dH .text                   CODE
 0001:0006662d 0002f103H .textbss                CODE
 0002:00000000 000095b0H .rdata                  DATA
 0002:000095b0 0000016aH .edata                  DATA
 0003:00000000 00000104H .CRT$XCA                DATA
 0003:00000104 00000104H .CRT$XCZ                DATA
 0003:00000208 00000104H .CRT$XIA                DATA
 0003:0000030c 00000109H .CRT$XIC                DATA
 0003:00000418 00000104H .CRT$XIZ                DATA
 0003:0000051c 00000104H .CRT$XPA                DATA
 0003:00000620 00000104H .CRT$XPX                DATA
 0003:00000724 00000104H .CRT$XPZ                DATA
 0003:00000828 00000104H .CRT$XTA                DATA
 0003:0000092c 00000104H .CRT$XTZ                DATA
 0003:00000a30 00005690H .data                   DATA
 0003:000060c0 006115e0H .bss                    DATA
 0004:00000000 00000014H .idata$2                DATA
 0004:00000014 00000014H .idata$3                DATA
 0004:00000028 0000018cH .idata$4                DATA
 0004:000001b4 0000018cH .idata$5                DATA
 0004:00000340 000006c8H .idata$6                DATA

  Address         Publics by Value              Rva+Base     Lib:Object

 0001:00001890       _BG_FindItemForPowerup     30002890 f   bg_misc.obj
 0001:00001930       _BG_FindItemForHoldable    30002930 f   bg_misc.obj
 0001:000019c0       _BG_FindItemForWeapon      300029c0 f   bg_misc.obj
 0001:00001a30       _BG_FindItem               30002a30 f   bg_misc.obj
 0001:00001a90       _BG_PlayerTouchesItem      30002a90 f   bg_misc.obj
 0001:00001b80       _BG_CanItemBeGrabbed       30002b80 f   bg_misc.obj
 0001:00001e40       _BG_EvaluateTrajectory     30002e40 f   bg_misc.obj
 0001:00002130       _BG_EvaluateTrajectoryDelta 30003130 f   bg_misc.obj
 0001:00002360       _BG_AddPredictableEventToPlayerstate 30003360 f   bg_misc.obj
 0001:00002440       _BG_TouchJumpPad           30003440 f   bg_misc.obj
 0001:00002560       _BG_PlayerStateToEntityState 30003560 f   bg_misc.obj
 0001:00002990       _BG_PlayerStateToEntityStateExtraPolate 30003990 f   bg_misc.obj
 0001:00002de0       _PM_AddEvent               30003de0 f   bg_pmove.obj
 0001:00002e10       _PM_AddTouchEnt            30003e10 f   bg_pmove.obj
 0001:00002ec0       _PM_ClipVelocity           30003ec0 f   bg_pmove.obj
 0001:00002f80       _PM_UpdateViewAngles       30003f80 f   bg_pmove.obj
 0001:000030c0       _PmoveSingle               300040c0 f   bg_pmove.obj
 0001:00006e50       _Pmove                     30007e50 f   bg_pmove.obj
 0001:00006f80       _PM_SlideMove              30007f80 f   bg_slidemove.obj
 0001:00007a60       _PM_StepSlideMove          30008a60 f   bg_slidemove.obj
 0001:00007fa0       _CG_TargetCommand_f        30008fa0 f   cg_consolecmds.obj
 0001:00008510       _CG_ConsoleCommand         30009510 f   cg_consolecmds.obj
 0001:00008590       _CG_InitConsoleCommands    30009590 f   cg_consolecmds.obj
 0001:000087a0       _CG_Draw3DModel            300097a0 f   cg_draw.obj
 0001:00008950       _CG_DrawHead               30009950 f   cg_draw.obj
 0001:00008af0       _CG_DrawFlagModel          30009af0 f   cg_draw.obj
 0001:00008cd0       _CG_DrawTeamBackground     30009cd0 f   cg_draw.obj
 0001:00008d50       _CG_AddLagometerFrameInfo  30009d50 f   cg_draw.obj
 0001:00008da0       _CG_AddLagometerSnapshotInfo 30009da0 f   cg_draw.obj
 0001:00008e40       _CG_CenterPrint            30009e40 f   cg_draw.obj
 0001:00008ef0       _CG_DrawActive             30009ef0 f   cg_draw.obj
 0001:0000d330       _CG_AdjustFrom640          3000e330 f   cg_drawtools.obj
 0001:0000d3a0       _CG_FillRect               3000e3a0 f   cg_drawtools.obj
 0001:0000d420       _CG_DrawSides              3000e420 f   cg_drawtools.obj
 0001:0000d4d0       _CG_DrawTopBottom          3000e4d0 f   cg_drawtools.obj
 0001:0000d580       _CG_DrawRect               3000e580 f   cg_drawtools.obj
 0001:0000d600       _CG_DrawPic                3000e600 f   cg_drawtools.obj
 0001:0000d670       _CG_DrawChar               3000e670 f   cg_drawtools.obj
 0001:0000d770       _CG_DrawStringExt          3000e770 f   cg_drawtools.obj
 0001:0000d9d0       _CG_DrawBigString          3000e9d0 f   cg_drawtools.obj
 0001:0000da30       _CG_DrawBigStringColor     3000ea30 f   cg_drawtools.obj
 0001:0000da70       _CG_DrawSmallString        3000ea70 f   cg_drawtools.obj
 0001:0000dad0       _CG_DrawSmallStringColor   3000ead0 f   cg_drawtools.obj
 0001:0000db10       _CG_DrawStrlen             3000eb10 f   cg_drawtools.obj
 0001:0000dba0       _CG_TileClear              3000eba0 f   cg_drawtools.obj
 0001:0000dda0       _CG_FadeColor              3000eda0 f   cg_drawtools.obj
 0001:0000de60       _CG_TeamColor              3000ee60 f   cg_drawtools.obj
 0001:0000dec0       _CG_GetColorForHealth      3000eec0 f   cg_drawtools.obj
 0001:0000e010       _CG_ColorForHealth         3000f010 f   cg_drawtools.obj
 0001:0000e060       _UI_DrawBannerString       3000f060 f   cg_drawtools.obj
 0001:0000e3b0       _UI_ProportionalStringWidth 3000f3b0 f   cg_drawtools.obj
 0001:0000e440       _UI_ProportionalSizeScale  3000f440 f   cg_drawtools.obj
 0001:0000e480       _UI_DrawProportionalString 3000f480 f   cg_drawtools.obj
 0001:0000e950       _CG_BubbleTrail            3000f950 f   cg_effects.obj
 0001:0000ecc0       _CG_SmokePuff              3000fcc0 f   cg_effects.obj
 0001:0000ef70       _CG_SpawnEffect            3000ff70 f   cg_effects.obj
 0001:0000f0d0       _CG_ScorePlum              300100d0 f   cg_effects.obj
 0001:0000f2c0       _CG_MakeExplosion          300102c0 f   cg_effects.obj
 0001:0000f550       _CG_Bleed                  30010550 f   cg_effects.obj
 0001:0000f670       _CG_LaunchGib              30010670 f   cg_effects.obj
 0001:0000f800       _CG_GibPlayer              30010800 f   cg_effects.obj
 0001:000100e0       _CG_LaunchExplode          300110e0 f   cg_effects.obj
 0001:00010270       _CG_BigExplode             30011270 f   cg_effects.obj
 0001:000106f0       _CG_PositionEntityOnTag    300116f0 f   cg_ents.obj
 0001:00010840       _CG_PositionRotatedEntityOnTag 30011840 f   cg_ents.obj
 0001:000109a0       _CG_SetEntitySoundPosition 300119a0 f   cg_ents.obj
 0001:00010a60       _CG_Beam                   30011a60 f   cg_ents.obj
 0001:00010b40       _CG_AdjustPositionForMover 30011b40 f   cg_ents.obj
 0001:00010ce0       _CG_AddPacketEntities      30011ce0 f   cg_ents.obj
 0001:000129d0       _CG_PlaceString            300139d0 f   cg_event.obj
 0001:00012b70       _CG_PainEvent              30013b70 f   cg_event.obj
 0001:00012c40       _CG_EntityEvent            30013c40 f   cg_event.obj
 0001:00015060       _CG_CheckEvents            30016060 f   cg_event.obj
 0001:00015180       _CG_LoadingString          30016180 f   cg_info.obj
 0001:000151c0       _CG_LoadingItem            300161c0 f   cg_info.obj
 0001:00015250       _CG_LoadingClient          30016250 f   cg_info.obj
 0001:000154a0       _CG_DrawInformation        300164a0 f   cg_info.obj
 0001:00015b80       _CG_InitLocalEntities      30016b80 f   cg_localents.obj
 0001:00015c20       _CG_FreeLocalEntity        30016c20 f   cg_localents.obj
 0001:00015c90       _CG_AllocLocalEntity       30016c90 f   cg_localents.obj
 0001:00015d30       _CG_BloodTrail             30016d30 f   cg_localents.obj
 0001:00015e30       _CG_FragmentBounceMark     30016e30 f   cg_localents.obj
 0001:00015f80       _CG_FragmentBounceSound    30016f80 f   cg_localents.obj
 0001:00016030       _CG_ReflectVelocity        30017030 f   cg_localents.obj
 0001:00016210       _CG_AddFragment            30017210 f   cg_localents.obj
 0001:000164e0       _CG_AddFadeRGB             300174e0 f   cg_localents.obj
 0001:000165b0       _CG_AddScorePlum           300175b0 f   cg_localents.obj
 0001:00016b60       _CG_AddLocalEntities       30017b60 f   cg_localents.obj
 0001:000173b0       _vmMain                    300183b0 f   cg_main.obj
 0001:000174e0       _CG_RegisterCvars          300184e0 f   cg_main.obj
 0001:00017620       _CG_UpdateCvars            30018620 f   cg_main.obj
 0001:00017790       _CG_CrosshairPlayer        30018790 f   cg_main.obj
 0001:000177d0       _CG_LastAttacker           300187d0 f   cg_main.obj
 0001:00017810       _CG_Printf                 30018810 f   cg_main.obj
 0001:00017870       _CG_Error                  30018870 f   cg_main.obj
 0001:000178d0       _Com_Error                 300188d0 f   cg_main.obj
 0001:00017930       _Com_Printf                30018930 f   cg_main.obj
 0001:00017990       _CG_Argv                   30018990 f   cg_main.obj
 0001:000179d0       _CG_BuildSpectatorString   300189d0 f   cg_main.obj
 0001:00017ab0       _CG_ConfigString           30018ab0 f   cg_main.obj
 0001:00017b00       _CG_StartMusic             30018b00 f   cg_main.obj
 0001:00017b90       _CG_Init                   30018b90 f   cg_main.obj
 0001:00019600       _CG_Shutdown               3001a600 f   cg_main.obj
 0001:00019620       _CG_EventHandling          3001a620 f   cg_main.obj
 0001:00019640       _CG_KeyEvent               3001a640 f   cg_main.obj
 0001:00019660       _CG_MouseEvent             3001a660 f   cg_main.obj
 0001:00019680       _CG_InitMarkPolys          3001a680 f   cg_marks.obj
 0001:00019720       _CG_FreeMarkPoly           3001a720 f   cg_marks.obj
 0001:00019790       _CG_AllocMark              3001a790 f   cg_marks.obj
 0001:00019860       _CG_ImpactMark             3001a860 f   cg_marks.obj
 0001:00019e80       _CG_AddMarks               3001ae80 f   cg_marks.obj
 0001:0001a150       _CG_ClearParticles         3001b150 f   cg_marks.obj
 0001:0001a2d0       _CG_AddParticleToScene     3001b2d0 f   cg_marks.obj
 0001:0001ce40       _CG_AddParticles           3001de40 f   cg_marks.obj
 0001:0001d320       _CG_ParticleSnowFlurry     3001e320 f   cg_marks.obj
 0001:0001d690       _CG_ParticleSnow           3001e690 f   cg_marks.obj
 0001:0001d970       _CG_ParticleBubble         3001e970 f   cg_marks.obj
 0001:0001dcc0       _CG_ParticleSmoke          3001ecc0 f   cg_marks.obj
 0001:0001df00       _CG_ParticleBulletDebris   3001ef00 f   cg_marks.obj
 0001:0001e0c0       _CG_ParticleExplosion      3001f0c0 f   cg_marks.obj
 0001:0001e320       _CG_AddParticleShrapnel    3001f320 f   cg_marks.obj
 0001:0001e340       _CG_NewParticleArea        3001f340 f   cg_marks.obj
 0001:0001e5d0       _CG_SnowLink               3001f5d0 f   cg_marks.obj
 0001:0001e670       _CG_ParticleImpactSmokePuff 3001f670 f   cg_marks.obj
 0001:0001e8b0       _CG_Particle_Bleed         3001f8b0 f   cg_marks.obj
 0001:0001eac0       _CG_Particle_OilParticle   3001fac0 f   cg_marks.obj
 0001:0001ecf0       _CG_Particle_OilSlick      3001fcf0 f   cg_marks.obj
 0001:0001efd0       _CG_OilSlickRemove         3001ffd0 f   cg_marks.obj
 0001:0001f080       _ValidBloodPool            30020080 f   cg_marks.obj
 0001:0001f2e0       _CG_BloodPool              300202e0 f   cg_marks.obj
 0001:0001f530       _CG_ParticleBloodCloud     30020530 f   cg_marks.obj
 0001:0001f830       _CG_ParticleSparks         30020830 f   cg_marks.obj
 0001:0001fb90       _CG_ParticleDust           30020b90 f   cg_marks.obj
 0001:00020050       _CG_ParticleMisc           30021050 f   cg_marks.obj
 0001:000201c0       _CG_CustomSound            300211c0 f   cg_players.obj
 0001:000202b0       _CG_NewClientInfo          300212b0 f   cg_players.obj
 0001:00022cd0       _CG_LoadDeferredPlayers    30023cd0 f   cg_players.obj
 0001:00022d80       _CG_AddRefEntityWithPowerups 30023d80 f   cg_players.obj
 0001:00022eb0       _CG_LightVerts             30023eb0 f   cg_players.obj
 0001:00023080       _CG_Player                 30024080 f   cg_players.obj
 0001:00025310       _CG_ResetPlayerEntity      30026310 f   cg_players.obj
 0001:00025610       _CG_CheckAmmo              30026610 f   cg_playerstate.obj
 0001:00025760       _CG_DamageFeedback         30026760 f   cg_playerstate.obj
 0001:00025b40       _CG_Respawn                30026b40 f   cg_playerstate.obj
 0001:00025b90       _CG_CheckPlayerstateEvents 30026b90 f   cg_playerstate.obj
 0001:00025d40       _CG_CheckChangedPredictableEvents 30026d40 f   cg_playerstate.obj
 0001:00025e70       _CG_CheckLocalSounds       30026e70 f   cg_playerstate.obj
 0001:00026400       _CG_TransitionPlayerState  30027400 f   cg_playerstate.obj
 0001:00026580       _CG_BuildSolidList         30027580 f   cg_predict.obj
 0001:000266d0       _CG_Trace                  300276d0 f   cg_predict.obj
 0001:00026a30       _CG_PointContents          30027a30 f   cg_predict.obj
 0001:00026b20       _CG_PredictPlayerState     30027b20 f   cg_predict.obj
 0001:00027900       _CG_DrawOldScoreboard      30028900 f   cg_scoreboard.obj
 0001:00028920       _CG_DrawOldTourneyScoreboard 30029920 f   cg_scoreboard.obj
 0001:00028d70       _CG_ParseServerinfo        30029d70 f   cg_servercmds.obj
 0001:00028f90       _CG_SetConfigValues        30029f90 f   cg_servercmds.obj
 0001:00029060       _CG_ShaderStateChanged     3002a060 f   cg_servercmds.obj
 0001:00029290       _CG_ParseVoiceChats        3002a290 f   cg_servercmds.obj
 0001:00029870       _CG_LoadVoiceChats         3002a870 f   cg_servercmds.obj
 0001:00029980       _CG_HeadModelVoiceChats    3002a980 f   cg_servercmds.obj
 0001:00029b10       _CG_GetVoiceChat           3002ab10 f   cg_servercmds.obj
 0001:00029c20       _CG_VoiceChatListForClient 3002ac20 f   cg_servercmds.obj
 0001:0002a0b0       _CG_PlayVoiceChat          3002b0b0 f   cg_servercmds.obj
 0001:0002a0d0       _CG_PlayBufferedVoiceChats 3002b0d0 f   cg_servercmds.obj
 0001:0002a0f0       _CG_AddBufferedVoiceChat   3002b0f0 f   cg_servercmds.obj
 0001:0002a110       _CG_VoiceChatLocal         3002b110 f   cg_servercmds.obj
 0001:0002a130       _CG_VoiceChat              3002b130 f   cg_servercmds.obj
 0001:0002a150       _CG_ExecuteNewServerCommands 3002b150 f   cg_servercmds.obj
 0001:0002b3e0       _CG_SetInitialSnapshot     3002c3e0 f   cg_snapshot.obj
 0001:0002b600       _CG_ProcessSnapshots       3002c600 f   cg_snapshot.obj
 0001:0002bd60       _dllEntry                  3002cd60 f   cg_syscalls.obj
 0001:0002bd80       _PASSFLOAT                 3002cd80 f   cg_syscalls.obj
 0001:0002bda0       _trap_Print                3002cda0 f   cg_syscalls.obj
 0001:0002bdd0       _trap_Error                3002cdd0 f   cg_syscalls.obj
 0001:0002be00       _trap_Milliseconds         3002ce00 f   cg_syscalls.obj
 0001:0002be30       _trap_Cvar_Register        3002ce30 f   cg_syscalls.obj
 0001:0002be70       _trap_Cvar_Update          3002ce70 f   cg_syscalls.obj
 0001:0002bea0       _trap_Cvar_Set             3002cea0 f   cg_syscalls.obj
 0001:0002bed0       _trap_Cvar_VariableStringBuffer 3002ced0 f   cg_syscalls.obj
 0001:0002bf00       _trap_Argc                 3002cf00 f   cg_syscalls.obj
 0001:0002bf30       _trap_Argv                 3002cf30 f   cg_syscalls.obj
 0001:0002bf60       _trap_Args                 3002cf60 f   cg_syscalls.obj
 0001:0002bf90       _trap_FS_FOpenFile         3002cf90 f   cg_syscalls.obj
 0001:0002bfc0       _trap_FS_Read              3002cfc0 f   cg_syscalls.obj
 0001:0002bff0       _trap_FS_Write             3002cff0 f   cg_syscalls.obj
 0001:0002c020       _trap_FS_FCloseFile        3002d020 f   cg_syscalls.obj
 0001:0002c050       _trap_FS_Seek              3002d050 f   cg_syscalls.obj
 0001:0002c080       _trap_SendConsoleCommand   3002d080 f   cg_syscalls.obj
 0001:0002c0b0       _trap_AddCommand           3002d0b0 f   cg_syscalls.obj
 0001:0002c0e0       _trap_RemoveCommand        3002d0e0 f   cg_syscalls.obj
 0001:0002c110       _trap_SendClientCommand    3002d110 f   cg_syscalls.obj
 0001:0002c140       _trap_UpdateScreen         3002d140 f   cg_syscalls.obj
 0001:0002c170       _trap_CM_LoadMap           3002d170 f   cg_syscalls.obj
 0001:0002c1a0       _trap_CM_NumInlineModels   3002d1a0 f   cg_syscalls.obj
 0001:0002c1d0       _trap_CM_InlineModel       3002d1d0 f   cg_syscalls.obj
 0001:0002c200       _trap_CM_TempBoxModel      3002d200 f   cg_syscalls.obj
 0001:0002c230       _trap_CM_TempCapsuleModel  3002d230 f   cg_syscalls.obj
 0001:0002c260       _trap_CM_PointContents     3002d260 f   cg_syscalls.obj
 0001:0002c290       _trap_CM_TransformedPointContents 3002d290 f   cg_syscalls.obj
 0001:0002c2d0       _trap_CM_BoxTrace          3002d2d0 f   cg_syscalls.obj
 0001:0002c320       _trap_CM_CapsuleTrace      3002d320 f   cg_syscalls.obj
 0001:0002c370       _trap_CM_TransformedBoxTrace 3002d370 f   cg_syscalls.obj
 0001:0002c3c0       _trap_CM_TransformedCapsuleTrace 3002d3c0 f   cg_syscalls.obj
 0001:0002c410       _trap_CM_MarkFragments     3002d410 f   cg_syscalls.obj
 0001:0002c460       _trap_S_StartSound         3002d460 f   cg_syscalls.obj
 0001:0002c4a0       _trap_S_StartLocalSound    3002d4a0 f   cg_syscalls.obj
 0001:0002c4d0       _trap_S_ClearLoopingSounds 3002d4d0 f   cg_syscalls.obj
 0001:0002c500       _trap_S_AddLoopingSound    3002d500 f   cg_syscalls.obj
 0001:0002c540       _trap_S_AddRealLoopingSound 3002d540 f   cg_syscalls.obj
 0001:0002c580       _trap_S_StopLoopingSound   3002d580 f   cg_syscalls.obj
 0001:0002c5b0       _trap_S_UpdateEntityPosition 3002d5b0 f   cg_syscalls.obj
 0001:0002c5e0       _trap_S_Respatialize       3002d5e0 f   cg_syscalls.obj
 0001:0002c620       _trap_S_RegisterSound      3002d620 f   cg_syscalls.obj
 0001:0002c650       _trap_S_StartBackgroundTrack 3002d650 f   cg_syscalls.obj
 0001:0002c680       _trap_R_LoadWorldMap       3002d680 f   cg_syscalls.obj
 0001:0002c6b0       _trap_R_RegisterModel      3002d6b0 f   cg_syscalls.obj
 0001:0002c6e0       _trap_R_RegisterSkin       3002d6e0 f   cg_syscalls.obj
 0001:0002c710       _trap_R_RegisterShader     3002d710 f   cg_syscalls.obj
 0001:0002c740       _trap_R_RegisterShaderNoMip 3002d740 f   cg_syscalls.obj
 0001:0002c770       _trap_R_RegisterFont       3002d770 f   cg_syscalls.obj
 0001:0002c7a0       _trap_R_ClearScene         3002d7a0 f   cg_syscalls.obj
 0001:0002c7d0       _trap_R_AddRefEntityToScene 3002d7d0 f   cg_syscalls.obj
 0001:0002c800       _trap_R_AddPolyToScene     3002d800 f   cg_syscalls.obj
 0001:0002c830       _trap_R_AddPolysToScene    3002d830 f   cg_syscalls.obj
 0001:0002c870       _trap_R_LightForPoint      3002d870 f   cg_syscalls.obj
 0001:0002c8b0       _trap_R_AddLightToScene    3002d8b0 f   cg_syscalls.obj
 0001:0002c920       _trap_R_AddAdditiveLightToScene 3002d920 f   cg_syscalls.obj
 0001:0002c990       _trap_R_RenderScene        3002d990 f   cg_syscalls.obj
 0001:0002c9c0       _trap_R_SetColor           3002d9c0 f   cg_syscalls.obj
 0001:0002c9f0       _trap_R_DrawStretchPic     3002d9f0 f   cg_syscalls.obj
 0001:0002caa0       _trap_R_ModelBounds        3002daa0 f   cg_syscalls.obj
 0001:0002cad0       _trap_R_LerpTag            3002dad0 f   cg_syscalls.obj
 0001:0002cb20       _trap_R_RemapShader        3002db20 f   cg_syscalls.obj
 0001:0002cb50       _trap_GetGlconfig          3002db50 f   cg_syscalls.obj
 0001:0002cb80       _trap_GetGameState         3002db80 f   cg_syscalls.obj
 0001:0002cbb0       _trap_GetCurrentSnapshotNumber 3002dbb0 f   cg_syscalls.obj
 0001:0002cbe0       _trap_GetSnapshot          3002dbe0 f   cg_syscalls.obj
 0001:0002cc10       _trap_GetServerCommand     3002dc10 f   cg_syscalls.obj
 0001:0002cc40       _trap_GetCurrentCmdNumber  3002dc40 f   cg_syscalls.obj
 0001:0002cc70       _trap_GetUserCmd           3002dc70 f   cg_syscalls.obj
 0001:0002cca0       _trap_SetUserCmdValue      3002dca0 f   cg_syscalls.obj
 0001:0002cce0       _testPrintInt              3002dce0 f   cg_syscalls.obj
 0001:0002cd10       _testPrintFloat            3002dd10 f   cg_syscalls.obj
 0001:0002cd50       _trap_MemoryRemaining      3002dd50 f   cg_syscalls.obj
 0001:0002cd80       _trap_Key_IsDown           3002dd80 f   cg_syscalls.obj
 0001:0002cdb0       _trap_Key_GetCatcher       3002ddb0 f   cg_syscalls.obj
 0001:0002cde0       _trap_Key_SetCatcher       3002dde0 f   cg_syscalls.obj
 0001:0002ce10       _trap_Key_GetKey           3002de10 f   cg_syscalls.obj
 0001:0002ce40       _trap_PC_AddGlobalDefine   3002de40 f   cg_syscalls.obj
 0001:0002ce70       _trap_PC_LoadSource        3002de70 f   cg_syscalls.obj
 0001:0002cea0       _trap_PC_FreeSource        3002dea0 f   cg_syscalls.obj
 0001:0002ced0       _trap_PC_ReadToken         3002ded0 f   cg_syscalls.obj
 0001:0002cf00       _trap_PC_SourceFileAndLine 3002df00 f   cg_syscalls.obj
 0001:0002cf30       _trap_S_StopBackgroundTrack 3002df30 f   cg_syscalls.obj
 0001:0002cf60       _trap_RealTime             3002df60 f   cg_syscalls.obj
 0001:0002cf90       _trap_SnapVector           3002df90 f   cg_syscalls.obj
 0001:0002cfc0       _trap_CIN_PlayCinematic    3002dfc0 f   cg_syscalls.obj
 0001:0002d000       _trap_CIN_StopCinematic    3002e000 f   cg_syscalls.obj
 0001:0002d030       _trap_CIN_RunCinematic     3002e030 f   cg_syscalls.obj
 0001:0002d060       _trap_CIN_DrawCinematic    3002e060 f   cg_syscalls.obj
 0001:0002d090       _trap_CIN_SetExtents       3002e090 f   cg_syscalls.obj
 0001:0002d0d0       _trap_GetEntityToken       3002e0d0 f   cg_syscalls.obj
 0001:0002d100       _trap_R_inPVS              3002e100 f   cg_syscalls.obj
 0001:0002d130       _CG_TestModel_f            3002e130 f   cg_view.obj
 0001:0002d2b0       _CG_TestGun_f              3002e2b0 f   cg_view.obj
 0001:0002d2f0       _CG_TestModelNextFrame_f   3002e2f0 f   cg_view.obj
 0001:0002d330       _CG_TestModelPrevFrame_f   3002e330 f   cg_view.obj
 0001:0002d390       _CG_TestModelNextSkin_f    3002e390 f   cg_view.obj
 0001:0002d3d0       _CG_TestModelPrevSkin_f    3002e3d0 f   cg_view.obj
 0001:0002d430       _CG_ZoomDown_f             3002e430 f   cg_view.obj
 0001:0002d470       _CG_ZoomUp_f               3002e470 f   cg_view.obj
 0001:0002d4b0       _CG_AddBufferedSound       3002e4b0 f   cg_view.obj
 0001:0002d520       _CG_DrawActiveFrame        3002e520 f   cg_view.obj
 0001:0002ee10       _CG_RailTrail              3002fe10 f   cg_weapons.obj
 0001:0002f720       _CG_GrappleTrail           30030720 f   cg_weapons.obj
 0001:0002f9b0       _CG_RegisterWeapon         300309b0 f   cg_weapons.obj
 0001:00031430       _CG_RegisterItemVisuals    30032430 f   cg_weapons.obj
 0001:00031580       _CG_AddPlayerWeapon        30032580 f   cg_weapons.obj
 0001:000324a0       _CG_AddViewWeapon          300334a0 f   cg_weapons.obj
 0001:00032b90       _CG_DrawWeaponSelect       30033b90 f   cg_weapons.obj
 0001:00032e50       _CG_NextWeapon_f           30033e50 f   cg_weapons.obj
 0001:00032f90       _CG_PrevWeapon_f           30033f90 f   cg_weapons.obj
 0001:00033070       _CG_Weapon_f               30034070 f   cg_weapons.obj
 0001:00033120       _CG_OutOfAmmoChange        30034120 f   cg_weapons.obj
 0001:00033190       _CG_FireWeapon             30034190 f   cg_weapons.obj
 0001:00033320       _CG_MissileHitWall         30034320 f   cg_weapons.obj
 0001:00033900       _CG_MissileHitPlayer       30034900 f   cg_weapons.obj
 0001:00033960       _CG_ShotgunFire            30034960 f   cg_weapons.obj
 0001:00033e10       _CG_Tracer                 30034e10 f   cg_weapons.obj
 0001:000342d0       _CG_Bullet                 300352d0 f   cg_weapons.obj
 0001:000345f0       _Q_rand                    300355f0 f   q_math.obj
 0001:00034630       _Q_random                  30035630 f   q_math.obj
 0001:00034670       _Q_crandom                 30035670 f   q_math.obj
 0001:000346a0       _ClampChar                 300356a0 f   q_math.obj
 0001:000346d0       _ClampShort                300356d0 f   q_math.obj
 0001:00034710       _DirToByte                 30035710 f   q_math.obj
 0001:000347e0       _ByteToDir                 300357e0 f   q_math.obj
 0001:00034880       _ColorBytes3               30035880 f   q_math.obj
 0001:000348e0       _ColorBytes4               300358e0 f   q_math.obj
 0001:00034950       _NormalizeColor            30035950 f   q_math.obj
 0001:00034a20       _PlaneFromPoints           30035a20 f   q_math.obj
 0001:00034bb0       _RotatePointAroundVector   30035bb0 f   q_math.obj
 0001:00034e60       _RotateAroundDirection     30035e60 f   q_math.obj
 0001:00034f10       _vectoangles               30035f10 f   q_math.obj
 0001:000350e0       _AnglesToAxis              300360e0 f   q_math.obj
 0001:00035150       _AxisClear                 30036150 f   q_math.obj
 0001:000351e0       _AxisCopy                  300361e0 f   q_math.obj
 0001:00035280       _ProjectPointOnPlane       30036280 f   q_math.obj
 0001:000353c0       _MakeNormalVectors         300363c0 f   q_math.obj
 0001:000354b0       _VectorRotate              300364b0 f   q_math.obj
 0001:00035570       _Q_rsqrt                   30036570 f   q_math.obj
 0001:000355e0       _Q_fabs                    300365e0 f   q_math.obj
 0001:00035610       _LerpAngle                 30036610 f   q_math.obj
 0001:00035690       _AngleSubtract             30036690 f   q_math.obj
 0001:00035700       _AnglesSubtract            30036700 f   q_math.obj
 0001:00035780       _AngleMod                  30036780 f   q_math.obj
 0001:000357c0       _AngleNormalize360         300367c0 f   q_math.obj
 0001:00035800       _AngleNormalize180         30036800 f   q_math.obj
 0001:00035850       _AngleDelta                30036850 f   q_math.obj
 0001:00035880       _SetPlaneSignbits          30036880 f   q_math.obj
 0001:00035900       _BoxOnPlaneSide            30036900 f   q_math.obj
 0001:00035bd0       _RadiusFromBounds          30036bd0 f   q_math.obj
 0001:00035cf0       _ClearBounds               30036cf0 f   q_math.obj
 0001:00035d50       _AddPointToBounds          30036d50 f   q_math.obj
 0001:00035e50       _VectorNormalize           30036e50 f   q_math.obj
 0001:00035f10       _VectorNormalize2          30036f10 f   q_math.obj
 0001:00035ff0       __VectorMA                 30036ff0 f   q_math.obj
 0001:00036050       __DotProduct               30037050 f   q_math.obj
 0001:000360a0       __VectorSubtract           300370a0 f   q_math.obj
 0001:00036100       __VectorAdd                30037100 f   q_math.obj
 0001:00036160       __VectorCopy               30037160 f   q_math.obj
 0001:000361a0       __VectorScale              300371a0 f   q_math.obj
 0001:000361f0       _Vector4Scale              300371f0 f   q_math.obj
 0001:00036250       _Q_log2                    30037250 f   q_math.obj
 0001:00036290       _MatrixMultiply            30037290 f   q_math.obj
 0001:000364a0       _AngleVectors              300374a0 f   q_math.obj
 0001:00036700       _PerpendicularVector       30037700 f   q_math.obj
 0001:000367f0       _Com_Clamp                 300377f0 f   q_shared.obj
 0001:00036840       _COM_SkipPath              30037840 f   q_shared.obj
 0001:000368a0       _COM_StripExtension        300378a0 f   q_shared.obj
 0001:00036900       _COM_DefaultExtension      30037900 f   q_shared.obj
 0001:000369b0       _ShortSwap                 300379b0 f   q_shared.obj
 0001:00036a10       _ShortNoSwap               30037a10 f   q_shared.obj
 0001:00036a30       _LongSwap                  30037a30 f   q_shared.obj
 0001:00036ad0       _LongNoSwap                30037ad0 f   q_shared.obj
 0001:00036af0       _Long64Swap                30037af0 f   q_shared.obj
 0001:00036b50       _Long64NoSwap              30037b50 f   q_shared.obj
 0001:00036b70       _FloatSwap                 30037b70 f   q_shared.obj
 0001:00036bb0       _FloatNoSwap               30037bb0 f   q_shared.obj
 0001:00036bd0       _COM_BeginParseSession     30037bd0 f   q_shared.obj
 0001:00036c20       _COM_GetCurrentParseLine   30037c20 f   q_shared.obj
 0001:00036c40       _COM_Parse                 30037c40 f   q_shared.obj
 0001:00036c70       _COM_ParseError            30037c70 f   q_shared.obj
 0001:00036ce0       _COM_ParseWarning          30037ce0 f   q_shared.obj
 0001:00036d50       _COM_Compress              30037d50 f   q_shared.obj
 0001:00036fd0       _COM_ParseExt              30037fd0 f   q_shared.obj
 0001:00037300       _COM_MatchToken            30038300 f   q_shared.obj
 0001:00037360       _SkipBracedSection         30038360 f   q_shared.obj
 0001:000373f0       _SkipRestOfLine            300383f0 f   q_shared.obj
 0001:00037460       _Parse1DMatrix             30038460 f   q_shared.obj
 0001:000374f0       _Parse2DMatrix             300384f0 f   q_shared.obj
 0001:00037580       _Parse3DMatrix             30038580 f   q_shared.obj
 0001:00037620       _Q_isprint                 30038620 f   q_shared.obj
 0001:00037650       _Q_islower                 30038650 f   q_shared.obj
 0001:00037680       _Q_isupper                 30038680 f   q_shared.obj
 0001:000376b0       _Q_isalpha                 300386b0 f   q_shared.obj
 0001:000376f0       _Q_strrchr                 300386f0 f   q_shared.obj
 0001:00037770       _Q_strncpyz                30038770 f   q_shared.obj
 0001:00037800       _Q_stricmpn                30038800 f   q_shared.obj
 0001:00037910       _Q_strncmp                 30038910 f   q_shared.obj
 0001:000379a0       _Q_stricmp                 300389a0 f   q_shared.obj
 0001:000379f0       _Q_strlwr                  300389f0 f   q_shared.obj
 0001:00037a50       _Q_strupr                  30038a50 f   q_shared.obj
 0001:00037ab0       _Q_strcat                  30038ab0 f   q_shared.obj
 0001:00037b20       _Q_PrintStrlen             30038b20 f   q_shared.obj
 0001:00037bc0       _Q_CleanStr                30038bc0 f   q_shared.obj
 0001:00037c80       _Com_sprintf               30038c80 f   q_shared.obj
 0001:00037d30       _va                        30038d30 f   q_shared.obj
 0001:00037da0       _Info_ValueForKey          30038da0 f   q_shared.obj
 0001:00037f80       _Info_NextPair             30038f80 f   q_shared.obj
 0001:00038090       _Info_RemoveKey            30039090 f   q_shared.obj
 0001:00038260       _Info_RemoveKey_Big        30039260 f   q_shared.obj
 0001:00038430       _Info_Validate             30039430 f   q_shared.obj
 0001:00038490       _Info_SetValueForKey       30039490 f   q_shared.obj
 0001:00038670       _Info_SetValueForKey_Big   30039670 f   q_shared.obj
 0001:00038840       _UI_Alloc                  30039840 f   ui_shared.obj
 0001:000388e0       _UI_InitMemory             300398e0 f   ui_shared.obj
 0001:00038910       _UI_OutOfMemory            30039910 f   ui_shared.obj
 0001:00038930       _String_Alloc              30039930 f   ui_shared.obj
 0001:00038b70       _String_Report             30039b70 f   ui_shared.obj
 0001:00038c40       _String_Init               30039c40 f   ui_shared.obj
 0001:00038d00       _PC_SourceWarning          30039d00 f   ui_shared.obj
 0001:00038da0       _PC_SourceError            30039da0 f   ui_shared.obj
 0001:00038e40       _LerpColor                 30039e40 f   ui_shared.obj
 0001:00038f00       _Float_Parse               30039f00 f   ui_shared.obj
 0001:00038f60       _PC_Float_Parse            30039f60 f   ui_shared.obj
 0001:00039050       _Color_Parse               3003a050 f   ui_shared.obj
 0001:000390c0       _PC_Color_Parse            3003a0c0 f   ui_shared.obj
 0001:00039130       _Int_Parse                 3003a130 f   ui_shared.obj
 0001:00039190       _PC_Int_Parse              3003a190 f   ui_shared.obj
 0001:00039270       _Rect_Parse                3003a270 f   ui_shared.obj
 0001:00039300       _PC_Rect_Parse             3003a300 f   ui_shared.obj
 0001:00039390       _String_Parse              3003a390 f   ui_shared.obj
 0001:000393f0       _PC_String_Parse           3003a3f0 f   ui_shared.obj
 0001:00039450       _PC_Script_Parse           3003a450 f   ui_shared.obj
 0001:000395e0       _Init_Display              3003a5e0 f   ui_shared.obj
 0001:00039600       _GradientBar_Paint         3003a600 f   ui_shared.obj
 0001:00039680       _Window_Init               3003a680 f   ui_shared.obj
 0001:00039700       _Fade                      3003a700 f   ui_shared.obj
 0001:00039800       _Window_Paint              3003a800 f   ui_shared.obj
 0001:00039e30       _Item_SetScreenCoords      3003ae30 f   ui_shared.obj
 0001:00039ee0       _Item_UpdatePosition       3003aee0 f   ui_shared.obj
 0001:00039f80       _Menu_UpdatePosition       3003af80 f   ui_shared.obj
 0001:0003a030       _Menu_PostParse            3003b030 f   ui_shared.obj
 0001:0003a0a0       _Menu_ClearFocus           3003b0a0 f   ui_shared.obj
 0001:0003a1b0       _IsVisible                 3003b1b0 f   ui_shared.obj
 0001:0003a200       _Rect_ContainsPoint        3003b200 f   ui_shared.obj
 0001:0003a290       _Menu_ItemsMatchingGroup   3003b290 f   ui_shared.obj
 0001:0003a350       _Menu_GetMatchingItemByNumber 3003b350 f   ui_shared.obj
 0001:0003a430       _Script_SetColor           3003b430 f   ui_shared.obj
 0001:0003a570       _Script_SetAsset           3003b570 f   ui_shared.obj
 0001:0003a5a0       _Script_SetBackground      3003b5a0 f   ui_shared.obj
 0001:0003a5f0       _Menu_FindItemByName       3003b5f0 f   ui_shared.obj
 0001:0003a690       _Script_SetTeamColor       3003b690 f   ui_shared.obj
 0001:0003a700       _Script_SetItemColor       3003b700 f   ui_shared.obj
 0001:0003a8c0       _Menu_ShowItemByName       3003b8c0 f   ui_shared.obj
 0001:0003a9a0       _Menu_FadeItemByName       3003b9a0 f   ui_shared.obj
 0001:0003aa70       _Menus_FindByName          3003ba70 f   ui_shared.obj
 0001:0003aaf0       _Menus_ShowByName          3003baf0 f   ui_shared.obj
 0001:0003ab30       _Menus_OpenByName          3003bb30 f   ui_shared.obj
 0001:0003ab60       _Menus_CloseByName         3003bb60 f   ui_shared.obj
 0001:0003ac20       _Menus_CloseAll            3003bc20 f   ui_shared.obj
 0001:0003acb0       _Script_Show               3003bcb0 f   ui_shared.obj
 0001:0003ad00       _Script_Hide               3003bd00 f   ui_shared.obj
 0001:0003ad50       _Script_FadeIn             3003bd50 f   ui_shared.obj
 0001:0003ada0       _Script_FadeOut            3003bda0 f   ui_shared.obj
 0001:0003adf0       _Script_Open               3003bdf0 f   ui_shared.obj
 0001:0003ae30       _Script_ConditionalOpen    3003be30 f   ui_shared.obj
 0001:0003aee0       _Script_Close              3003bee0 f   ui_shared.obj
 0001:0003af20       _Menu_TransitionItemByName 3003bf20 f   ui_shared.obj
 0001:0003b0c0       _Script_Transition         3003c0c0 f   ui_shared.obj
 0001:0003b1d0       _Menu_OrbitItemByName      3003c1d0 f   ui_shared.obj
 0001:0003b2a0       _Script_Orbit              3003c2a0 f   ui_shared.obj
 0001:0003b390       _Script_SetFocus           3003c390 f   ui_shared.obj
 0001:0003b4a0       _Script_SetPlayerModel     3003c4a0 f   ui_shared.obj
 0001:0003b4f0       _Script_SetPlayerHead      3003c4f0 f   ui_shared.obj
 0001:0003b540       _Script_SetCvar            3003c540 f   ui_shared.obj
 0001:0003b5a0       _Script_Exec               3003c5a0 f   ui_shared.obj
 0001:0003b600       _Script_Play               3003c600 f   ui_shared.obj
 0001:0003b660       _Script_playLooped         3003c660 f   ui_shared.obj
 0001:0003b6c0       _Item_RunScript            3003c6c0 f   ui_shared.obj
 0001:0003b870       _Item_EnableShowViaCvar    3003c870 f   ui_shared.obj
 0001:0003ba70       _Item_SetFocus             3003ca70 f   ui_shared.obj
 0001:0003bd40       _Item_ListBox_MaxScroll    3003cd40 f   ui_shared.obj
 0001:0003be00       _Item_ListBox_ThumbPosition 3003ce00 f   ui_shared.obj
 0001:0003bf50       _Item_ListBox_ThumbDrawPosition 3003cf50 f   ui_shared.obj
 0001:0003c130       _Item_Slider_ThumbPosition 3003d130 f   ui_shared.obj
 0001:0003c250       _Item_Slider_OverSlider    3003d250 f   ui_shared.obj
 0001:0003c2d0       _Item_ListBox_OverLB       3003d2d0 f   ui_shared.obj
 0001:0003c630       _Item_ListBox_MouseEnter   3003d630 f   ui_shared.obj
 0001:0003c830       _Item_MouseEnter           3003d830 f   ui_shared.obj
 0001:0003ca30       _Item_MouseLeave           3003da30 f   ui_shared.obj
 0001:0003cac0       _Menu_HitTest              3003dac0 f   ui_shared.obj
 0001:0003cb40       _Item_SetMouseOver         3003db40 f   ui_shared.obj
 0001:0003cb90       _Item_OwnerDraw_HandleKey  3003db90 f   ui_shared.obj
 0001:0003cbf0       _Item_ListBox_HandleKey    3003dbf0 f   ui_shared.obj
 0001:0003d5d0       _Item_YesNo_HandleKey      3003e5d0 f   ui_shared.obj
 0001:0003d700       _Item_Multi_CountSettings  3003e700 f   ui_shared.obj
 0001:0003d740       _Item_Multi_FindCvarByValue 3003e740 f   ui_shared.obj
 0001:0003d8b0       _Item_Multi_Setting        3003e8b0 f   ui_shared.obj
 0001:0003da40       _Item_Multi_HandleKey      3003ea40 f   ui_shared.obj
 0001:0003dc40       _Item_TextField_HandleKey  3003ec40 f   ui_shared.obj
 0001:0003e410       _Item_StartCapture         3003f410 f   ui_shared.obj
 0001:0003ebe0       _Item_StopCapture          3003fbe0 f   ui_shared.obj
 0001:0003ec00       _Item_Slider_HandleKey     3003fc00 f   ui_shared.obj
 0001:0003ee30       _Item_HandleKey            3003fe30 f   ui_shared.obj
 0001:0003f010       _Item_Action               30040010 f   ui_shared.obj
 0001:0003f050       _Menu_SetPrevCursorItem    30040050 f   ui_shared.obj
 0001:0003f200       _Menu_SetNextCursorItem    30040200 f   ui_shared.obj
 0001:0003f3b0       _Menus_Activate            300403b0 f   ui_shared.obj
 0001:0003f5f0       _Display_VisibleMenuCount  300405f0 f   ui_shared.obj
 0001:0003f660       _Menus_HandleOOBClick      30040660 f   ui_shared.obj
 0001:0003f820       _Menu_HandleKey            30040820 f   ui_shared.obj
 0001:0003ffe0       _ToWindowCoords            30040fe0 f   ui_shared.obj
 0001:00040050       _Rect_ToWindowCoords       30041050 f   ui_shared.obj
 0001:00040080       _Item_SetTextExtents       30041080 f   ui_shared.obj
 0001:00040390       _Item_TextColor            30041390 f   ui_shared.obj
 0001:00040680       _Item_Text_AutoWrapped_Paint 30041680 f   ui_shared.obj
 0001:00040af0       _Item_Text_Wrapped_Paint   30041af0 f   ui_shared.obj
 0001:00040db0       _Item_Text_Paint           30041db0 f   ui_shared.obj
 0001:00040f40       _Item_TextField_Paint      30041f40 f   ui_shared.obj
 0001:000412d0       _Item_YesNo_Paint          300422d0 f   ui_shared.obj
 0001:00041560       _Item_Multi_Paint          30042560 f   ui_shared.obj
 0001:00041770       _Controls_GetConfig        30042770 f   ui_shared.obj
 0001:000418d0       _Controls_SetConfig        300428d0 f   ui_shared.obj
 0001:000419c0       _Controls_SetDefaults      300429c0 f   ui_shared.obj
 0001:00041a40       _BindingIDFromName         30042a40 f   ui_shared.obj
 0001:00041ab0       _BindingFromName           30042ab0 f   ui_shared.obj
 0001:00041c00       _Item_Slider_Paint         30042c00 f   ui_shared.obj
 0001:00041e60       _Item_Bind_Paint           30042e60 f   ui_shared.obj
 0001:00042140       _Display_KeyBindPending    30043140 f   ui_shared.obj
 0001:00042160       _Item_Bind_HandleKey       30043160 f   ui_shared.obj
 0001:00042580       _AdjustFrom640             30043580 f   ui_shared.obj
 0001:00042610       _Item_Model_Paint          30043610 f   ui_shared.obj
 0001:00042a50       _Item_Image_Paint          30043a50 f   ui_shared.obj
 0001:00042ae0       _Item_ListBox_Paint        30043ae0 f   ui_shared.obj
 0001:000435a0       _Item_OwnerDraw_Paint      300445a0 f   ui_shared.obj
 0001:00043b90       _Item_Paint                30044b90 f   ui_shared.obj
 0001:00044360       _Menu_Init                 30045360 f   ui_shared.obj
 0001:00044400       _Menu_GetFocusedItem       30045400 f   ui_shared.obj
 0001:00044480       _Menu_GetFocused           30045480 f   ui_shared.obj
 0001:00044510       _Menu_ScrollFeeder         30045510 f   ui_shared.obj
 0001:000445b0       _Menu_SetFeederSelection   300455b0 f   ui_shared.obj
 0001:00044700       _Menus_AnyFullScreenVisible 30045700 f   ui_shared.obj
 0001:00044780       _Menus_ActivateByName      30045780 f   ui_shared.obj
 0001:00044890       _Item_Init                 30045890 f   ui_shared.obj
 0001:000448e0       _Menu_HandleMouseMove      300458e0 f   ui_shared.obj
 0001:00044bb0       _Menu_Paint                30045bb0 f   ui_shared.obj
 0001:00044d70       _Item_ValidateTypeData     30045d70 f   ui_shared.obj
 0001:00044f10       _KeywordHash_Key           30045f10 f   ui_shared.obj
 0001:00044ff0       _KeywordHash_Add           30045ff0 f   ui_shared.obj
 0001:00045040       _KeywordHash_Find          30046040 f   ui_shared.obj
 0001:000450c0       _ItemParse_name            300460c0 f   ui_shared.obj
 0001:00045100       _ItemParse_focusSound      30046100 f   ui_shared.obj
 0001:00045160       _ItemParse_text            30046160 f   ui_shared.obj
 0001:000451a0       _ItemParse_group           300461a0 f   ui_shared.obj
 0001:000451e0       _ItemParse_asset_model     300461e0 f   ui_shared.obj
 0001:00045270       _ItemParse_asset_shader    30046270 f   ui_shared.obj
 0001:000452d0       _ItemParse_model_origin    300462d0 f   ui_shared.obj
 0001:00045370       _ItemParse_model_fovx      30046370 f   ui_shared.obj
 0001:000453d0       _ItemParse_model_fovy      300463d0 f   ui_shared.obj
 0001:00045430       _ItemParse_model_rotation  30046430 f   ui_shared.obj
 0001:00045490       _ItemParse_model_angle     30046490 f   ui_shared.obj
 0001:000454f0       _ItemParse_rect            300464f0 f   ui_shared.obj
 0001:00045530       _ItemParse_style           30046530 f   ui_shared.obj
 0001:00045570       _ItemParse_decoration      30046570 f   ui_shared.obj
 0001:000455a0       _ItemParse_notselectable   300465a0 f   ui_shared.obj
 0001:00045600       _ItemParse_wrapped         30046600 f   ui_shared.obj
 0001:00045630       _ItemParse_autowrapped     30046630 f   ui_shared.obj
 0001:00045660       _ItemParse_horizontalscroll 30046660 f   ui_shared.obj
 0001:00045690       _ItemParse_type            30046690 f   ui_shared.obj
 0001:000456e0       _ItemParse_elementwidth    300466e0 f   ui_shared.obj
 0001:00045740       _ItemParse_elementheight   30046740 f   ui_shared.obj
 0001:000457a0       _ItemParse_feeder          300467a0 f   ui_shared.obj
 0001:000457e0       _ItemParse_elementtype     300467e0 f   ui_shared.obj
 0001:00045850       _ItemParse_columns         30046850 f   ui_shared.obj
 0001:000459a0       _ItemParse_border          300469a0 f   ui_shared.obj
 0001:000459e0       _ItemParse_bordersize      300469e0 f   ui_shared.obj
 0001:00045a20       _ItemParse_visible         30046a20 f   ui_shared.obj
 0001:00045a80       _ItemParse_ownerdraw       30046a80 f   ui_shared.obj
 0001:00045ad0       _ItemParse_align           30046ad0 f   ui_shared.obj
 0001:00045b10       _ItemParse_textalign       30046b10 f   ui_shared.obj
 0001:00045b50       _ItemParse_textalignx      30046b50 f   ui_shared.obj
 0001:00045b90       _ItemParse_textaligny      30046b90 f   ui_shared.obj
 0001:00045bd0       _ItemParse_textscale       30046bd0 f   ui_shared.obj
 0001:00045c10       _ItemParse_textstyle       30046c10 f   ui_shared.obj
 0001:00045c50       _ItemParse_backcolor       30046c50 f   ui_shared.obj
 0001:00045cc0       _ItemParse_forecolor       30046cc0 f   ui_shared.obj
 0001:00045d40       _ItemParse_bordercolor     30046d40 f   ui_shared.obj
 0001:00045db0       _ItemParse_outlinecolor    30046db0 f   ui_shared.obj
 0001:00045df0       _ItemParse_background      30046df0 f   ui_shared.obj
 0001:00045e50       _ItemParse_cinematic       30046e50 f   ui_shared.obj
 0001:00045e90       _ItemParse_doubleClick     30046e90 f   ui_shared.obj
 0001:00045f10       _ItemParse_onFocus         30046f10 f   ui_shared.obj
 0001:00045f50       _ItemParse_leaveFocus      30046f50 f   ui_shared.obj
 0001:00045f90       _ItemParse_mouseEnter      30046f90 f   ui_shared.obj
 0001:00045fd0       _ItemParse_mouseExit       30046fd0 f   ui_shared.obj
 0001:00046010       _ItemParse_mouseEnterText  30047010 f   ui_shared.obj
 0001:00046050       _ItemParse_mouseExitText   30047050 f   ui_shared.obj
 0001:00046090       _ItemParse_action          30047090 f   ui_shared.obj
 0001:000460d0       _ItemParse_special         300470d0 f   ui_shared.obj
 0001:00046110       _ItemParse_cvarTest        30047110 f   ui_shared.obj
 0001:00046150       _ItemParse_cvar            30047150 f   ui_shared.obj
 0001:000461f0       _ItemParse_maxChars        300471f0 f   ui_shared.obj
 0001:00046270       _ItemParse_maxPaintChars   30047270 f   ui_shared.obj
 0001:000462f0       _ItemParse_cvarFloat       300472f0 f   ui_shared.obj
 0001:000463c0       _ItemParse_cvarStrList     300473c0 f   ui_shared.obj
 0001:000465e0       _ItemParse_cvarFloatList   300475e0 f   ui_shared.obj
 0001:000467d0       _ItemParse_addColorRange   300477d0 f   ui_shared.obj
 0001:000468a0       _ItemParse_ownerdrawFlag   300478a0 f   ui_shared.obj
 0001:000468f0       _ItemParse_enableCvar      300478f0 f   ui_shared.obj
 0001:00046940       _ItemParse_disableCvar     30047940 f   ui_shared.obj
 0001:00046990       _ItemParse_showCvar        30047990 f   ui_shared.obj
 0001:000469e0       _ItemParse_hideCvar        300479e0 f   ui_shared.obj
 0001:00046a30       _Item_SetupKeywordHash     30047a30 f   ui_shared.obj
 0001:00046ab0       _Item_Parse                30047ab0 f   ui_shared.obj
 0001:00046c10       _Item_InitControls         30047c10 f   ui_shared.obj
 0001:00046ca0       _MenuParse_font            30047ca0 f   ui_shared.obj
 0001:00046d40       _MenuParse_name            30047d40 f   ui_shared.obj
 0001:00046da0       _MenuParse_fullscreen      30047da0 f   ui_shared.obj
 0001:00046df0       _MenuParse_rect            30047df0 f   ui_shared.obj
 0001:00046e30       _MenuParse_style           30047e30 f   ui_shared.obj
 0001:00046e80       _MenuParse_visible         30047e80 f   ui_shared.obj
 0001:00046ee0       _MenuParse_onOpen          30047ee0 f   ui_shared.obj
 0001:00046f30       _MenuParse_onClose         30047f30 f   ui_shared.obj
 0001:00046f80       _MenuParse_onESC           30047f80 f   ui_shared.obj
 0001:00046fd0       _MenuParse_border          30047fd0 f   ui_shared.obj
 0001:00047020       _MenuParse_borderSize      30048020 f   ui_shared.obj
 0001:00047070       _MenuParse_backcolor       30048070 f   ui_shared.obj
 0001:000470f0       _MenuParse_forecolor       300480f0 f   ui_shared.obj
 0001:00047180       _MenuParse_bordercolor     30048180 f   ui_shared.obj
 0001:00047200       _MenuParse_focuscolor      30048200 f   ui_shared.obj
 0001:00047280       _MenuParse_disablecolor    30048280 f   ui_shared.obj
 0001:00047300       _MenuParse_outlinecolor    30048300 f   ui_shared.obj
 0001:00047350       _MenuParse_background      30048350 f   ui_shared.obj
 0001:000473b0       _MenuParse_cinematic       300483b0 f   ui_shared.obj
 0001:00047400       _MenuParse_ownerdrawFlag   30048400 f   ui_shared.obj
 0001:00047460       _MenuParse_ownerdraw       30048460 f   ui_shared.obj
 0001:000474b0       _MenuParse_popup           300484b0 f   ui_shared.obj
 0001:000474f0       _MenuParse_outOfBounds     300484f0 f   ui_shared.obj
 0001:00047530       _MenuParse_soundLoop       30048530 f   ui_shared.obj
 0001:00047580       _MenuParse_fadeClamp       30048580 f   ui_shared.obj
 0001:000475d0       _MenuParse_fadeAmount      300485d0 f   ui_shared.obj
 0001:00047620       _MenuParse_fadeCycle       30048620 f   ui_shared.obj
 0001:00047670       _MenuParse_itemDef         30048670 f   ui_shared.obj
 0001:00047790       _Menu_SetupKeywordHash     30048790 f   ui_shared.obj
 0001:00047810       _Menu_Parse                30048810 f   ui_shared.obj
 0001:00047980       _Menu_New                  30048980 f   ui_shared.obj
 0001:00047a00       _Menu_Count                30048a00 f   ui_shared.obj
 0001:00047a20       _Menu_PaintAll             30048a20 f   ui_shared.obj
 0001:00047b20       _Menu_Reset                30048b20 f   ui_shared.obj
 0001:00047b40       _Display_GetContext        30048b40 f   ui_shared.obj
 0001:00047b60       _Display_CaptureItem       30048b60 f   ui_shared.obj
 0001:00047bf0       _Display_MouseMove         30048bf0 f   ui_shared.obj
 0001:00047d00       _Display_CursorType        30048d00 f   ui_shared.obj
 0001:00047dc0       _Display_HandleKey         30048dc0 f   ui_shared.obj
 0001:00047e20       _Display_CacheAll          30048e20 f   ui_shared.obj
 0001:00048160       __fpmath                   30049160 f   LIBCMTD:fpinit.obj
 0001:00048190       __fpclear                  30049190 f   LIBCMTD:fpinit.obj
 0001:000481a0       __cfltcvt_init             300491a0 f   LIBCMTD:fpinit.obj
 0001:000481f0       ___setfflag                300491f0 f   LIBCMTD:fpinit.obj
 0001:00048210       __CIsin                    30049210 f   LIBCMTD:sin.obj
 0001:00048224       _sin                       30049224 f   LIBCMTD:sin.obj
 0001:000482c0       __CIcos                    300492c0 f   LIBCMTD:cos.obj
 0001:000482d4       _cos                       300492d4 f   LIBCMTD:cos.obj
 0001:00048370       _atof                      30049370 f   LIBCMTD:atof.obj
 0001:000483f0       _fabs                      300493f0 f   LIBCMTD:fabs.obj
 0001:000484e4       __ftol                     300494e4 f   LIBCMTD:ftol.obj
 0001:00048510       _memset                    30049510 f   LIBCMTD:memset.obj
 0001:00048570       _abs                       30049570 f   LIBCMTD:abs.obj
 0001:000485a0       __CIsqrt                   300495a0 f   LIBCMTD:sqrt.obj
 0001:000485b4       _sqrt                      300495b4 f   LIBCMTD:sqrt.obj
 0001:00048660       _atol                      30049660 f   LIBCMTD:atox.obj
 0001:00048760       _atoi                      30049760 f   LIBCMTD:atox.obj
 0001:00048780       __atoi64                   30049780 f   LIBCMTD:atox.obj
 0001:000488b0       _strlen                    300498b0 f   LIBCMTD:strlen.obj
 0001:00048930       _srand                     30049930 f   LIBCMTD:rand.obj
 0001:00048940       _rand                      30049940 f   LIBCMTD:rand.obj
 0001:00048980       _memcpy                    30049980 f   LIBCMTD:memcpy.obj
 0001:00048cc0       _strcpy                    30049cc0 f   LIBCMTD:strcat.obj
 0001:00048cd0       _strcat                    30049cd0 f   LIBCMTD:strcat.obj
 0001:00048db0       _vsprintf                  30049db0 f   LIBCMTD:vsprintf.obj
 0001:00048eb0       _strcmp                    30049eb0 f   LIBCMTD:strcmp.obj
 0001:00048f40       __alloca_probe             30049f40 f   LIBCMTD:chkstk.obj
 0001:00048f40       __chkstk                   30049f40 f   LIBCMTD:chkstk.obj
 0001:00048f70       _floor                     30049f70 f   LIBCMTD:floor.obj
 0001:000490c0       _strchr                    3004a0c0 f   LIBCMTD:strchr.obj
 0001:000490c6       ___from_strstr_to_strchr   3004a0c6 f   LIBCMTD:strchr.obj
 0001:00049180       __CIacos                   3004a180 f   LIBCMTD:acos.obj
 0001:00049194       _acos                      3004a194 f   LIBCMTD:acos.obj
 0001:00049250       _strncpy                   3004a250 f   LIBCMTD:strncpy.obj
 0001:00049350       _strstr                    3004a350 f   LIBCMTD:strstr.obj
 0001:000493d0       _atan2                     3004a3d0 f   LIBCMTD:87ctriga.obj
 0001:000493da       __CIatan2                  3004a3da f   LIBCMTD:87ctriga.obj
 0001:000493f0       __CItan                    3004a3f0 f   LIBCMTD:tan.obj
 0001:00049404       _tan                       3004a404 f   LIBCMTD:tan.obj
 0001:000494b0       __assert                   3004a4b0 f   LIBCMTD:assert.obj
 0001:00049830       __tolower                  3004a830 f   LIBCMTD:tolower.obj
 0001:00049840       _tolower                   3004a840 f   LIBCMTD:tolower.obj
 0001:000498e0       __tolower_lk               3004a8e0 f   LIBCMTD:tolower.obj
 0001:00049a10       __toupper                  3004aa10 f   LIBCMTD:toupper.obj
 0001:00049a20       _toupper                   3004aa20 f   LIBCMTD:toupper.obj
 0001:00049ac0       __toupper_lk               3004aac0 f   LIBCMTD:toupper.obj
 0001:00049bf0       _memmove                   3004abf0 f   LIBCMTD:memmove.obj
 0001:00049f30       __CRT_INIT@12              3004af30 f   LIBCMTD:dllcrt0.obj
 0001:0004a070       __DllMainCRTStartup@12     3004b070 f   LIBCMTD:dllcrt0.obj
 0001:0004a170       __amsg_exit                3004b170 f   LIBCMTD:dllcrt0.obj
 0001:0004a1b0       __setdefaultprecision      3004b1b0 f   LIBCMTD:fp8.obj
 0001:0004a1d0       __ms_p5_test_fdiv          3004b1d0 f   LIBCMTD:testfdiv.obj
 0001:0004a230       __ms_p5_mp_test_fdiv       3004b230 f   LIBCMTD:testfdiv.obj
 0001:0004a280       __forcdecpt                3004b280 f   LIBCMTD:cvt.obj
 0001:0004a330       __cropzeros                3004b330 f   LIBCMTD:cvt.obj
 0001:0004a410       __positive                 3004b410 f   LIBCMTD:cvt.obj
 0001:0004a440       __fassign                  3004b440 f   LIBCMTD:cvt.obj
 0001:0004a490       __cftoe                    3004b490 f   LIBCMTD:cvt.obj
 0001:0004a680       __cftof                    3004b680 f   LIBCMTD:cvt.obj
 0001:0004a830       __cftog                    3004b830 f   LIBCMTD:cvt.obj
 0001:0004a920       __cfltcvt                  3004b920 f   LIBCMTD:cvt.obj
 0001:0004a9b0       __trandisp1                3004b9b0 f   LIBCMTD:87disp.obj
 0001:0004aa17       __trandisp2                3004ba17 f   LIBCMTD:87disp.obj
 0001:0004aaa3       __rttospopde               3004baa3 f   LIBCMTD:87disp.obj
 0001:0004aaa8       __rttospop                 3004baa8 f   LIBCMTD:87disp.obj
 0001:0004aaaa       __rtnospop                 3004baaa f   LIBCMTD:87disp.obj
 0001:0004aaac       __rttosnpop                3004baac f   LIBCMTD:87disp.obj
 0001:0004aaad       __rtnospopde               3004baad f   LIBCMTD:87disp.obj
 0001:0004aab4       __rtzeropop                3004bab4 f   LIBCMTD:87disp.obj
 0001:0004aab6       __rtzeronpop               3004bab6 f   LIBCMTD:87disp.obj
 0001:0004aabb       __rtonepop                 3004babb f   LIBCMTD:87disp.obj
 0001:0004aabd       __rtonenpop                3004babd f   LIBCMTD:87disp.obj
 0001:0004aac2       __tosnan1                  3004bac2 f   LIBCMTD:87disp.obj
 0001:0004aaed       __nosnan2                  3004baed f   LIBCMTD:87disp.obj
 0001:0004aaef       __tosnan2                  3004baef f   LIBCMTD:87disp.obj
 0001:0004ab17       __nan2                     3004bb17 f   LIBCMTD:87disp.obj
 0001:0004ab56       __rtindfpop                3004bb56 f   LIBCMTD:87disp.obj
 0001:0004ab58       __rtindfnpop               3004bb58 f   LIBCMTD:87disp.obj
 0001:0004ab69       __rttosnpopde              3004bb69 f   LIBCMTD:87disp.obj
 0001:0004ab73       __rtchsifneg               3004bb73 f   LIBCMTD:87disp.obj
 0001:0004ab80       __twoToTOS                 3004bb80 f   LIBCMTD:common.obj
 0001:0004ab95       __load_CW                  3004bb95 f   LIBCMTD:common.obj
 0001:0004abac       __convertTOStoQNaN         3004bbac f   LIBCMTD:common.obj
 0001:0004abc5       __fload_withFB             3004bbc5 f   LIBCMTD:common.obj
 0001:0004ac08       __checkTOS_withFB          3004bc08 f   LIBCMTD:common.obj
 0001:0004ac1e       __fast_exit                3004bc1e f   LIBCMTD:common.obj
 0001:0004ac2b       __math_exit                3004bc2b f   LIBCMTD:common.obj
 0001:0004ac55       __check_overflow_exit      3004bc55 f   LIBCMTD:common.obj
 0001:0004ac69       __check_range_exit         3004bc69 f   LIBCMTD:common.obj
 0001:0004ad10       __startTwoArgErrorHandling 3004bd10 f   LIBCMTD:genexcep.obj
 0001:0004ad27       __startOneArgErrorHandling 3004bd27 f   LIBCMTD:genexcep.obj
 0001:0004ad70       __fltin2                   3004bd70 f   LIBCMTD:cfin.obj
 0001:0004ae30       __isctype                  3004be30 f   LIBCMTD:isctype.obj
 0001:0004aef0       __handle_qnan1             3004bef0 f   LIBCMTD:fpexcept.obj
 0001:0004af50       __handle_qnan2             3004bf50 f   LIBCMTD:fpexcept.obj
 0001:0004afc0       __except1                  3004bfc0 f   LIBCMTD:fpexcept.obj
 0001:0004b080       __except2                  3004c080 f   LIBCMTD:fpexcept.obj
 0001:0004b150       __raise_exc                3004c150 f   LIBCMTD:fpexcept.obj
 0001:0004b620       __handle_exc               3004c620 f   LIBCMTD:fpexcept.obj
 0001:0004b9a0       __umatherr                 3004c9a0 f   LIBCMTD:fpexcept.obj
 0001:0004ba40       __set_errno                3004ca40 f   LIBCMTD:fpexcept.obj
 0001:0004bac0       __errcode                  3004cac0 f   LIBCMTD:fpexcept.obj
 0001:0004bb40       __set_exp                  3004cb40 f   LIBCMTD:util.obj
 0001:0004bb80       __get_exp                  3004cb80 f   LIBCMTD:util.obj
 0001:0004bbb0       __add_exp                  3004cbb0 f   LIBCMTD:util.obj
 0001:0004bbf0       __set_bexp                 3004cbf0 f   LIBCMTD:util.obj
 0001:0004bc30       __sptype                   3004cc30 f   LIBCMTD:util.obj
 0001:0004bcb0       __decomp                   3004ccb0 f   LIBCMTD:util.obj
 0001:0004bdf0       __statfp                   3004cdf0 f   LIBCMTD:fpctrl.obj
 0001:0004be10       __clrfp                    3004ce10 f   LIBCMTD:fpctrl.obj
 0001:0004be30       __ctrlfp                   3004ce30 f   LIBCMTD:fpctrl.obj
 0001:0004be70       __set_statfp               3004ce70 f   LIBCMTD:fpctrl.obj
 0001:0004bef0       __allmul                   3004cef0 f   LIBCMTD:llmul.obj
 0001:0004bf30       __mtinit                   3004cf30 f   LIBCMTD:tidtable.obj
 0001:0004bfc0       __mtterm                   3004cfc0 f   LIBCMTD:tidtable.obj
 0001:0004bff0       __initptd                  3004cff0 f   LIBCMTD:tidtable.obj
 0001:0004c010       __getptd                   3004d010 f   LIBCMTD:tidtable.obj
 0001:0004c0b0       __freeptd                  3004d0b0 f   LIBCMTD:tidtable.obj
 0001:0004c1c0       ___threadid                3004d1c0 f   LIBCMTD:tidtable.obj
 0001:0004c1d0       ___threadhandle            3004d1d0 f   LIBCMTD:tidtable.obj
 0001:0004c1e0       __flsbuf                   3004d1e0 f   LIBCMTD:_flsbuf.obj
 0001:0004c460       __output                   3004d460 f   LIBCMTD:output.obj
 0001:0004d300       __CrtDbgBreak              3004e300 f   LIBCMTD:dbgrpt.obj
 0001:0004d310       __CrtSetReportMode         3004e310 f   LIBCMTD:dbgrpt.obj
 0001:0004d370       __CrtSetReportFile         3004e370 f   LIBCMTD:dbgrpt.obj
 0001:0004d3f0       __CrtSetReportHook         3004e3f0 f   LIBCMTD:dbgrpt.obj
 0001:0004d410       __CrtDbgReport             3004e410 f   LIBCMTD:dbgrpt.obj
 0001:0004dab0       __frnd                     3004eab0 f   LIBCMTD:frnd.obj
 0001:0004daec       __fFATN2                   3004eaec f   LIBCMTD:87triga.obj
 0001:0004db3c       __rtpiby2                  3004eb3c f   LIBCMTD:87triga.obj
 0001:0004db80       __cintrindisp2             3004eb80 f   LIBCMTD:87cdisp.obj
 0001:0004dbbe       __cintrindisp1             3004ebbe f   LIBCMTD:87cdisp.obj
 0001:0004dbfb       __ctrandisp2               3004ebfb f   LIBCMTD:87cdisp.obj
 0001:0004dd7b       __ctrandisp1               3004ed7b f   LIBCMTD:87cdisp.obj
 0001:0004ddae       __fload                    3004edae f   LIBCMTD:87cdisp.obj
 0001:0004ddf0       _abort                     3004edf0 f   LIBCMTD:abort.obj
 0001:0004de10       __cinit                    3004ee10 f   LIBCMTD:crt0dat.obj
 0001:0004de50       _exit                      3004ee50 f   LIBCMTD:crt0dat.obj
 0001:0004de70       __exit                     3004ee70 f   LIBCMTD:crt0dat.obj
 0001:0004de90       __cexit                    3004ee90 f   LIBCMTD:crt0dat.obj
 0001:0004deb0       __c_exit                   3004eeb0 f   LIBCMTD:crt0dat.obj
 0001:0004dfc0       __lockexit                 3004efc0 f   LIBCMTD:crt0dat.obj
 0001:0004dfd0       __unlockexit               3004efd0 f   LIBCMTD:crt0dat.obj
 0001:0004e010       _signal                    3004f010 f   LIBCMTD:winsig.obj
 0001:0004e2e0       _raise                     3004f2e0 f   LIBCMTD:winsig.obj
 0001:0004e580       ___fpecode                 3004f580 f   LIBCMTD:winsig.obj
 0001:0004e590       ___pxcptinfoptrs           3004f590 f   LIBCMTD:winsig.obj
 0001:0004e5a0       ___crtMessageBoxA          3004f5a0 f   LIBCMTD:crtmbox.obj
 0001:0004e660       __itoa                     3004f660 f   LIBCMTD:xtoa.obj
 0001:0004e780       __ltoa                     3004f780 f   LIBCMTD:xtoa.obj
 0001:0004e7c0       __ultoa                    3004f7c0 f   LIBCMTD:xtoa.obj
 0001:0004e7e0       __i64toa                   3004f7e0 f   LIBCMTD:xtoa.obj
 0001:0004e930       __ui64toa                  3004f930 f   LIBCMTD:xtoa.obj
 0001:0004e950       _strncat                   3004f950 f   LIBCMTD:strncat.obj
 0001:0004ea80       _fflush                    3004fa80 f   LIBCMTD:fflush.obj
 0001:0004ead0       __fflush_lk                3004fad0 f   LIBCMTD:fflush.obj
 0001:0004eb20       __flush                    3004fb20 f   LIBCMTD:fflush.obj
 0001:0004ebe0       __flushall                 3004fbe0 f   LIBCMTD:fflush.obj
 0001:0004ed30       _fprintf                   3004fd30 f   LIBCMTD:fprintf.obj
 0001:0004ee00       _setvbuf                   3004fe00 f   LIBCMTD:setvbuf.obj
 0001:0004ef70       ___initstdio               3004ff70 f   LIBCMTD:_file.obj
 0001:0004f0a0       ___endstdio                300500a0 f   LIBCMTD:_file.obj
 0001:0004f0c0       __lock_file                300500c0 f   LIBCMTD:_file.obj
 0001:0004f100       __lock_file2               30050100 f   LIBCMTD:_file.obj
 0001:0004f130       __unlock_file              30050130 f   LIBCMTD:_file.obj
 0001:0004f170       __unlock_file2             30050170 f   LIBCMTD:_file.obj
 0001:0004f1a0       __mtinitlocks              300501a0 f   LIBCMTD:mlock.obj
 0001:0004f1e0       __mtdeletelocks            300501e0 f   LIBCMTD:mlock.obj
 0001:0004f280       __lock                     30050280 f   LIBCMTD:mlock.obj
 0001:0004f320       __unlock                   30050320 f   LIBCMTD:mlock.obj
 0001:0004f340       __lockerr_exit             30050340 f   LIBCMTD:mlock.obj
 0001:0004f360       _setlocale                 30050360 f   LIBCMTD:setlocal.obj
 0001:0004f9f0       __expandlocale             300509f0 f   LIBCMTD:setlocal.obj
 0001:0004fb80       ___init_dummy              30050b80 f   LIBCMTD:setlocal.obj
 0001:0004fb90       __strcats                  30050b90 f   LIBCMTD:setlocal.obj
 0001:0004fbe0       ___lc_strtolc              30050be0 f   LIBCMTD:setlocal.obj
 0001:0004fd40       ___lc_lctostr              30050d40 f   LIBCMTD:setlocal.obj
 0001:0004fdb0       ___crtLCMapStringA         30050db0 f   LIBCMTD:a_map.obj
 0001:00050110       __ioinit                   30051110 f   LIBCMTD:ioinit.obj
 0001:00050440       __ioterm                   30051440 f   LIBCMTD:ioinit.obj
 0001:000504e0       _malloc                    300514e0 f   LIBCMTD:dbgheap.obj
 0001:00050500       __malloc_dbg               30051500 f   LIBCMTD:dbgheap.obj
 0001:00050530       __nh_malloc                30051530 f   LIBCMTD:dbgheap.obj
 0001:00050550       __nh_malloc_dbg            30051550 f   LIBCMTD:dbgheap.obj
 0001:000505b0       __heap_alloc               300515b0 f   LIBCMTD:dbgheap.obj
 0001:000505d0       __heap_alloc_dbg           300515d0 f   LIBCMTD:dbgheap.obj
 0001:000508f0       _calloc                    300518f0 f   LIBCMTD:dbgheap.obj
 0001:00050910       __calloc_dbg               30051910 f   LIBCMTD:dbgheap.obj
 0001:00050970       _realloc                   30051970 f   LIBCMTD:dbgheap.obj
 0001:00050990       __realloc_dbg              30051990 f   LIBCMTD:dbgheap.obj
 0001:00050ef0       __expand                   30051ef0 f   LIBCMTD:dbgheap.obj
 0001:00050f10       __expand_dbg               30051f10 f   LIBCMTD:dbgheap.obj
 0001:00050f50       _free                      30051f50 f   LIBCMTD:dbgheap.obj
 0001:00050f70       __free_lk                  30051f70 f   LIBCMTD:dbgheap.obj
 0001:00050f90       __free_dbg                 30051f90 f   LIBCMTD:dbgheap.obj
 0001:00050fc0       __free_dbg_lk              30051fc0 f   LIBCMTD:dbgheap.obj
 0001:000513b0       __msize                    300523b0 f   LIBCMTD:dbgheap.obj
 0001:000513d0       __msize_dbg                300523d0 f   LIBCMTD:dbgheap.obj
 0001:00051530       __CrtSetBreakAlloc         30052530 f   LIBCMTD:dbgheap.obj
 0001:00051550       __CrtSetDbgBlockType       30052550 f   LIBCMTD:dbgheap.obj
 0001:000515f0       __CrtSetAllocHook          300525f0 f   LIBCMTD:dbgheap.obj
 0001:000516a0       __CrtCheckMemory           300526a0 f   LIBCMTD:dbgheap.obj
 0001:00051a10       __CrtSetDbgFlag            30052a10 f   LIBCMTD:dbgheap.obj
 0001:00051a40       __CrtDoForAllClientObjects 30052a40 f   LIBCMTD:dbgheap.obj
 0001:00051ab0       __CrtIsValidPointer        30052ab0 f   LIBCMTD:dbgheap.obj
 0001:00051b00       __CrtIsValidHeapPointer    30052b00 f   LIBCMTD:dbgheap.obj
 0001:00051b90       __CrtIsMemoryBlock         30052b90 f   LIBCMTD:dbgheap.obj
 0001:00051c80       __CrtSetDumpClient         30052c80 f   LIBCMTD:dbgheap.obj
 0001:00051ca0       __CrtMemCheckpoint         30052ca0 f   LIBCMTD:dbgheap.obj
 0001:00051e10       __CrtMemDifference         30052e10 f   LIBCMTD:dbgheap.obj
 0001:00051f40       __CrtMemDumpAllObjectsSince 30052f40 f   LIBCMTD:dbgheap.obj
 0001:00052320       __CrtDumpMemoryLeaks       30053320 f   LIBCMTD:dbgheap.obj
 0001:000523a0       __CrtMemDumpStatistics     300533a0 f   LIBCMTD:dbgheap.obj
 0001:00052470       __setenvp                  30053470 f   LIBCMTD:stdenvp.obj
 0001:000525c0       __setargv                  300535c0 f   LIBCMTD:stdargv.obj
 0001:00052ad0       ___crtGetEnvironmentStringsA 30053ad0 f   LIBCMTD:a_env.obj
 0001:00052cf0       __heap_init                30053cf0 f   LIBCMTD:heapinit.obj
 0001:00052d40       __heap_term                30053d40 f   LIBCMTD:heapinit.obj
 0001:00052de0       _DllMain@12                30053de0 f   LIBCMTD:dllmain.obj
 0001:00052df0       __FF_MSGBANNER             30053df0 f   LIBCMTD:crt0msg.obj
 0001:00052e40       __NMSG_WRITE               30053e40 f   LIBCMTD:crt0msg.obj
 0001:00053000       __GET_RTERRMSG             30054000 f   LIBCMTD:crt0msg.obj
 0001:00053050       __statusfp                 30054050 f   LIBCMTD:ieee87.obj
 0001:00053070       __clearfp                  30054070 f   LIBCMTD:ieee87.obj
 0001:00053090       __control87                30054090 f   LIBCMTD:ieee87.obj
 0001:000530e0       __controlfp                300540e0 f   LIBCMTD:ieee87.obj
 0001:00053100       __fpreset                  30054100 f   LIBCMTD:ieee87.obj
 0001:000534f0       __ZeroTail                 300544f0 f   LIBCMTD:intrncvt.obj
 0001:00053580       __IncMan                   30054580 f   LIBCMTD:intrncvt.obj
 0001:00053630       __RoundMan                 30054630 f   LIBCMTD:intrncvt.obj
 0001:00053710       __CopyMan                  30054710 f   LIBCMTD:intrncvt.obj
 0001:00053760       __FillZeroMan              30054760 f   LIBCMTD:intrncvt.obj
 0001:00053790       __IsZeroMan                30054790 f   LIBCMTD:intrncvt.obj
 0001:000537d0       __ShrMan                   300547d0 f   LIBCMTD:intrncvt.obj
 0001:000538c0       __ld12cvt                  300548c0 f   LIBCMTD:intrncvt.obj
 0001:00053b10       __ld12tod                  30054b10 f   LIBCMTD:intrncvt.obj
 0001:00053b30       __ld12tof                  30054b30 f   LIBCMTD:intrncvt.obj
 0001:00053b50       __ld12told                 30054b50 f   LIBCMTD:intrncvt.obj
 0001:00053c10       __atodbl                   30054c10 f   LIBCMTD:intrncvt.obj
 0001:00053c50       __atoldbl                  30054c50 f   LIBCMTD:intrncvt.obj
 0001:00053c90       __atoflt                   30054c90 f   LIBCMTD:intrncvt.obj
 0001:00053cd0       __fptostr                  30054cd0 f   LIBCMTD:_fptostr.obj
 0001:00053dd0       __fltout2                  30054dd0 f   LIBCMTD:cfout.obj
 0001:00053e50       ___dtold                   30054e50 f   LIBCMTD:cfout.obj
 0001:00053fc0       __fptrap                   30054fc0 f   LIBCMTD:crt0fp.obj
 0001:00053fd0       __87except                 30054fd0 f   LIBCMTD:87except.obj
 0001:00054150       ___strgtold12              30055150 f   LIBCMTD:strgtold.obj
 0001:00054c80       ___STRINGTOLD              30055c80 f   LIBCMTD:strgtold.obj
 0001:00054cd0       ___crtGetStringTypeA       30055cd0 f   LIBCMTD:a_str.obj
 0001:00054e90       __dosmaperr                30055e90 f   LIBCMTD:dosmap.obj
 0001:00054f30       __errno                    30055f30 f   LIBCMTD:dosmap.obj
 0001:00054f40       ___doserrno                30055f40 f   LIBCMTD:dosmap.obj
 0001:00054f50       __matherr                  30055f50 f   LIBCMTD:matherr.obj
 0001:00054f60       __XcptFilter               30055f60 f   LIBCMTD:winxfltr.obj
 0001:00055180       __lseek                    30056180 f   LIBCMTD:lseek.obj
 0001:00055210       __lseek_lk                 30056210 f   LIBCMTD:lseek.obj
 0001:000552d0       __write                    300562d0 f   LIBCMTD:write.obj
 0001:00055360       __write_lk                 30056360 f   LIBCMTD:write.obj
 0001:000555e0       __getbuf                   300565e0 f   LIBCMTD:_getbuf.obj
 0001:000556b0       __isatty                   300566b0 f   LIBCMTD:isatty.obj
 0001:000556f0       _wctomb                    300566f0 f   LIBCMTD:wctomb.obj
 0001:00055770       __wctomb_lk                30056770 f   LIBCMTD:wctomb.obj
 0001:00055810       __aulldiv                  30056810 f   LIBCMTD:ulldiv.obj
 0001:00055880       __aullrem                  30056880 f   LIBCMTD:ullrem.obj
 0001:00055900       __snprintf                 30056900 f   LIBCMTD:snprintf.obj
 0001:00055a00       __vsnprintf                30056a00 f   LIBCMTD:vsnprint.obj
 0001:00055b00       __commit                   30056b00 f   LIBCMTD:commit.obj
 0001:00055be0       __stbuf                    30056be0 f   LIBCMTD:_sftbuf.obj
 0001:00055d40       __ftbuf                    30056d40 f   LIBCMTD:_sftbuf.obj
 0001:00055de0       __freebuf                  30056de0 f   LIBCMTD:_freebuf.obj
 0001:00055e80       __fcloseall                30056e80 f   LIBCMTD:closeall.obj
 0001:00055f60       ___init_time               30056f60 f   LIBCMTD:inittime.obj
 0001:000568e0       ___init_numeric            300578e0 f   LIBCMTD:initnum.obj
 0001:00056c10       ___init_monetary           30057c10 f   LIBCMTD:initmon.obj
 0001:00057070       ___init_ctype              30058070 f   LIBCMTD:initctyp.obj
 0001:00057410       ___init_collate            30058410 f   LIBCMTD:initcoll.obj
 0001:00057420       _strcspn                   30058420 f   LIBCMTD:strcspn.obj
 0001:00057460       _strncmp                   30058460 f   LIBCMTD:strncmp.obj
 0001:000574a0       _strpbrk                   300584a0 f   LIBCMTD:strpbrk.obj
 0001:000574e0       ___get_qualified_locale    300584e0 f   LIBCMTD:getqloc.obj
 0001:00058278       __global_unwind2           30059278 f   LIBCMTD:exsup.obj
 0001:000582ba       __local_unwind2            300592ba f   LIBCMTD:exsup.obj
 0001:00058312       __NLG_Return2              30059312 f   LIBCMTD:exsup.obj
 0001:00058322       __abnormal_termination     30059322 f   LIBCMTD:exsup.obj
 0001:00058345       __NLG_Notify1              30059345 f   LIBCMTD:exsup.obj
 0001:0005834e       __NLG_Notify               3005934e f   LIBCMTD:exsup.obj
 0001:00058361       __NLG_Dispatch             30059361 f   LIBCMTD:exsup.obj
 0001:00058370       __except_handler3          30059370 f   LIBCMTD:exsup3.obj
 0001:0005842d       __seh_longjmp_unwind@4     3005942d f   LIBCMTD:exsup3.obj
 0001:00058450       ?_set_new_handler@@YAP6AHI@ZP6AHI@Z@Z 30059450 f   LIBCMTD:handler.obj
 0001:00058480       ?_query_new_handler@@YAP6AHI@ZXZ 30059480 f   LIBCMTD:handler.obj
 0001:00058490       __callnewh                 30059490 f   LIBCMTD:handler.obj
 0001:000584c0       __malloc_base              300594c0 f   LIBCMTD:malloc.obj
 0001:000584e0       __nh_malloc_base           300594e0 f   LIBCMTD:malloc.obj
 0001:00058540       __heap_alloc_base          30059540 f   LIBCMTD:malloc.obj
 0001:000585b0       __CrtDefaultAllocHook      300595b0 f   LIBCMTD:dbghook.obj
 0001:000585c0       __expand_base              300595c0 f   LIBCMTD:expand.obj
 0001:00058670       __realloc_base             30059670 f   LIBCMTD:realloc.obj
 0001:00058860       __free_base                30059860 f   LIBCMTD:free.obj
 0001:000588d0       __heapchk                  300598d0 f   LIBCMTD:heapchk.obj
 0001:00058950       __heapset                  30059950 f   LIBCMTD:heapchk.obj
 0001:00058960       __get_sbh_threshold        30059960 f   LIBCMTD:sbheap.obj
 0001:00058970       __set_sbh_threshold        30059970 f   LIBCMTD:sbheap.obj
 0001:00058990       ___sbh_heap_init           30059990 f   LIBCMTD:sbheap.obj
 0001:000589f0       ___sbh_find_block          300599f0 f   LIBCMTD:sbheap.obj
 0001:00058a50       ___sbh_verify_block        30059a50 f   LIBCMTD:sbheap.obj
 0001:00058ab0       ___sbh_free_block          30059ab0 f   LIBCMTD:sbheap.obj
 0001:00059080       ___sbh_alloc_block         3005a080 f   LIBCMTD:sbheap.obj
 0001:000595c0       ___sbh_alloc_new_region    3005a5c0 f   LIBCMTD:sbheap.obj
 0001:000596d0       ___sbh_alloc_new_group     3005a6d0 f   LIBCMTD:sbheap.obj
 0001:000598c0       ___sbh_resize_block        3005a8c0 f   LIBCMTD:sbheap.obj
 0001:00059eb0       ___sbh_heapmin             3005aeb0 f   LIBCMTD:sbheap.obj
 0001:00059fe0       ___sbh_heap_check          3005afe0 f   LIBCMTD:sbheap.obj
 0001:0005a600       _sprintf                   3005b600 f   LIBCMTD:sprintf.obj
 0001:0005a700       __setmbcp                  3005b700 f   LIBCMTD:mbctype.obj
 0001:0005aec0       __getmbcp                  3005bec0 f   LIBCMTD:mbctype.obj
 0001:0005aee0       ___initmbctable            3005bee0 f   LIBCMTD:mbctype.obj
 0001:0005af10       ___addl                    3005bf10 f   LIBCMTD:mantold.obj
 0001:0005af50       ___add_12                  3005bf50 f   LIBCMTD:mantold.obj
 0001:0005b000       ___shl_12                  3005c000 f   LIBCMTD:mantold.obj
 0001:0005b060       ___shr_12                  3005c060 f   LIBCMTD:mantold.obj
 0001:0005b0d0       ___mtold12                 3005c0d0 f   LIBCMTD:mantold.obj
 0001:0005b210       _$I10_OUTPUT               3005c210 f   LIBCMTD:x10fout.obj
 0001:0005b730       ___ld12mul                 3005c730 f   LIBCMTD:tenpow.obj
 0001:0005bb70       ___multtenpow12            3005cb70 f   LIBCMTD:tenpow.obj
 0001:0005bc40       __alloc_osfhnd             3005cc40 f   LIBCMTD:osfinfo.obj
 0001:0005be30       __set_osfhnd               3005ce30 f   LIBCMTD:osfinfo.obj
 0001:0005bef0       __free_osfhnd              3005cef0 f   LIBCMTD:osfinfo.obj
 0001:0005bfd0       __get_osfhandle            3005cfd0 f   LIBCMTD:osfinfo.obj
 0001:0005c040       __open_osfhandle           3005d040 f   LIBCMTD:osfinfo.obj
 0001:0005c150       __lock_fhandle             3005d150 f   LIBCMTD:osfinfo.obj
 0001:0005c1e0       __unlock_fhandle           3005d1e0 f   LIBCMTD:osfinfo.obj
 0001:0005c210       _fclose                    3005d210 f   LIBCMTD:fclose.obj
 0001:0005c2a0       __fclose_lk                3005d2a0 f   LIBCMTD:fclose.obj
 0001:0005c360       __Getdays                  3005d360 f   LIBCMTD:strftime.obj
 0001:0005c490       __Getmonths                3005d490 f   LIBCMTD:strftime.obj
 0001:0005c5c0       __Gettnames                3005d5c0 f   LIBCMTD:strftime.obj
 0001:0005c930       _strftime                  3005d930 f   LIBCMTD:strftime.obj
 0001:0005c950       __Strftime                 3005d950 f   LIBCMTD:strftime.obj
 0001:0005d7d0       ___getlocaleinfo           3005e7d0 f   LIBCMTD:inithelp.obj
 0001:0005da60       _localeconv                3005ea60 f   LIBCMTD:lconv.obj
 0001:0005da70       ___crtGetStringTypeW       3005ea70 f   LIBCMTD:w_str.obj
 0001:0005dce0       __stricmp                  3005ece0 f   LIBCMTD:stricmp.obj
 0001:0005dce0       __strcmpi                  3005ece0 f   LIBCMTD:stricmp.obj
 0001:0005ddb0       __strnicmp                 3005edb0 f   LIBCMTD:strnicmp.obj
 0001:0005dec0       __close                    3005eec0 f   LIBCMTD:close.obj
 0001:0005df40       __close_lk                 3005ef40 f   LIBCMTD:close.obj
 0001:0005dff0       ___tzset                   3005eff0 f   LIBCMTD:tzset.obj
 0001:0005e030       __tzset                    3005f030 f   LIBCMTD:tzset.obj
 0001:0005e400       __isindst                  3005f400 f   LIBCMTD:tzset.obj
 0001:0005e930       ___crtGetLocaleInfoW       3005f930 f   LIBCMTD:w_loc.obj
 0001:0005ead0       ___crtGetLocaleInfoA       3005fad0 f   LIBCMTD:a_loc.obj
 0001:0005ec80       _getenv                    3005fc80 f   LIBCMTD:getenv.obj
 0001:0005ecb0       __getenv_lk                3005fcb0 f   LIBCMTD:getenv.obj
 0001:0005ed80       __mbsnbicoll               3005fd80 f   LIBCMTD:mbsnbico.obj
 0001:0005edd0       ___wtomb_environ           3005fdd0 f   LIBCMTD:wtombenv.obj
 0001:0005ee80       ___crtCompareStringA       3005fe80 f   LIBCMTD:a_cmp.obj
 0001:0005f2d0       ___crtsetenv               300602d0 f   LIBCMTD:setenv.obj
 0001:0005f720       __mbschr                   30060720 f   LIBCMTD:mbschr.obj
 0001:0005f80e       _GetModuleFileNameA@12     3006080e f   kernel32:KERNEL32.dll
 0001:0005f814       _InterlockedDecrement@4    30060814 f   kernel32:KERNEL32.dll
 0001:0005f81a       _InterlockedIncrement@4    3006081a f   kernel32:KERNEL32.dll
 0001:0005f820       _GetCommandLineA@0         30060820 f   kernel32:KERNEL32.dll
 0001:0005f826       _GetVersion@0              30060826 f   kernel32:KERNEL32.dll
 0001:0005f82c       _GetProcAddress@8          3006082c f   kernel32:KERNEL32.dll
 0001:0005f832       _GetModuleHandleA@4        30060832 f   kernel32:KERNEL32.dll
 0001:0005f838       _RaiseException@16         30060838 f   kernel32:KERNEL32.dll
 0001:0005f83e       _GetCurrentThreadId@0      3006083e f   kernel32:KERNEL32.dll
 0001:0005f844       _TlsSetValue@8             30060844 f   kernel32:KERNEL32.dll
 0001:0005f84a       _TlsAlloc@0                3006084a f   kernel32:KERNEL32.dll
 0001:0005f850       _TlsFree@4                 30060850 f   kernel32:KERNEL32.dll
 0001:0005f856       _SetLastError@4            30060856 f   kernel32:KERNEL32.dll
 0001:0005f85c       _TlsGetValue@4             3006085c f   kernel32:KERNEL32.dll
 0001:0005f862       _GetLastError@0            30060862 f   kernel32:KERNEL32.dll
 0001:0005f868       _GetCurrentThread@0        30060868 f   kernel32:KERNEL32.dll
 0001:0005f86e       _DebugBreak@0              3006086e f   kernel32:KERNEL32.dll
 0001:0005f874       _GetStdHandle@4            30060874 f   kernel32:KERNEL32.dll
 0001:0005f87a       _WriteFile@20              3006087a f   kernel32:KERNEL32.dll
 0001:0005f880       _OutputDebugStringA@4      30060880 f   kernel32:KERNEL32.dll
 0001:0005f886       _LoadLibraryA@4            30060886 f   kernel32:KERNEL32.dll
 0001:0005f88c       _ExitProcess@4             3006088c f   kernel32:KERNEL32.dll
 0001:0005f892       _TerminateProcess@8        30060892 f   kernel32:KERNEL32.dll
 0001:0005f898       _GetCurrentProcess@0       30060898 f   kernel32:KERNEL32.dll
 0001:0005f89e       _SetConsoleCtrlHandler@8   3006089e f   kernel32:KERNEL32.dll
 0001:0005f8a4       _EnterCriticalSection@4    300608a4 f   kernel32:KERNEL32.dll
 0001:0005f8aa       _LeaveCriticalSection@4    300608aa f   kernel32:KERNEL32.dll
 0001:0005f8b0       _InitializeCriticalSection@4 300608b0 f   kernel32:KERNEL32.dll
 0001:0005f8b6       _DeleteCriticalSection@4   300608b6 f   kernel32:KERNEL32.dll
 0001:0005f8bc       _FatalAppExitA@8           300608bc f   kernel32:KERNEL32.dll
[...]
 0003:001cf550       __umaskval                 30270550     LIBCMTD:crt0dat.obj
 0003:001cf554       __osver                    30270554     LIBCMTD:crt0dat.obj
 0003:001cf558       __winver                   30270558     LIBCMTD:crt0dat.obj
 0003:001cf55c       __winmajor                 3027055c     LIBCMTD:crt0dat.obj
 0003:001cf560       __winminor                 30270560     LIBCMTD:crt0dat.obj
 0003:001cf564       ___argc                    30270564     LIBCMTD:crt0dat.obj
 0003:001cf568       ___argv                    30270568     LIBCMTD:crt0dat.obj
 0003:001cf56c       ___wargv                   3027056c     LIBCMTD:crt0dat.obj
 0003:001cf570       __environ                  30270570     LIBCMTD:crt0dat.obj
 0003:001cf574       ___initenv                 30270574     LIBCMTD:crt0dat.obj
 0003:001cf578       __wenviron                 30270578     LIBCMTD:crt0dat.obj
 0003:001cf57c       ___winitenv                3027057c     LIBCMTD:crt0dat.obj
 0003:001cf580       __pgmptr                   30270580     LIBCMTD:crt0dat.obj
 0003:001cf584       __wpgmptr                  30270584     LIBCMTD:crt0dat.obj
 0003:001cf588       __exitflag                 30270588     LIBCMTD:crt0dat.obj
 0003:001cf58c       __C_Termination_Done       3027058c     LIBCMTD:crt0dat.obj
 0003:001cf590       __C_Exit_Done              30270590     LIBCMTD:crt0dat.obj
 0003:001cf5b8       __cflush                   302705b8     LIBCMTD:_file.obj
 0003:001cf62c       ___lc_handle               3027062c     LIBCMTD:nlsdata2.obj
 0003:001cf644       ___lc_codepage             30270644     LIBCMTD:nlsdata2.obj
 0003:001cf648       ___lc_collate_cp           30270648     LIBCMTD:nlsdata2.obj
 0003:001cf76c       __adbgmsg                  3027076c     LIBCMTD:crt0msg.obj
 0003:001cf774       __stdbuf                   30270774     LIBCMTD:_sftbuf.obj
 0003:001cf77c       ___lc_time_intl            3027077c     LIBCMTD:inittime.obj
 0003:001cf798       ___lc_id                   30270798     LIBCMTD:nlsdata3.obj
 0003:001cf7e0       __newmode                  302707e0     LIBCMTD:_newmode.obj
 0003:001cf7e4       ?_pnhHeap@@3P6AHI@ZA       302707e4     LIBCMTD:handler.obj
 0003:001cf7f4       ___lconv_static_null       302707f4     LIBCMTD:lconv.obj
 0003:001cf8e0       _menuStack                 302708e0     <common>
 0003:001d1cc0       _Menus                     30272cc0     <common>
 0003:001dbdc0       _menuParseKeywordHash      3027cdc0     <common>
 0003:001dc5c0       _g_nameBind1               3027d5c0     <common>
 0003:001dc5e0       _g_nameBind2               3027d5e0     <common>
 0003:001dc600       _itemParseKeywordHash      3027d600     <common>
 0003:001dce00       _voiceChatLists            3027de00     <common>
 0003:00474c00       _voiceChatBuffer           30515c00     <common>
 0003:00477300       _headModelVoiceChat        30518300     <common>
 0003:00478400       _rforward                  30519400     <common>
 0003:0048212c       _oldtime                   3052312c     <common>
 0003:00482130       _pvright                   30523130     <common>
 0003:00482140       _pvforward                 30523140     <common>
 0003:00482150       _rup                       30523150     <common>
 0003:00482160       _particles                 30523160     <common>
 0003:004a1160       _rright                    30542160     <common>
 0003:004a116c       _cg_freeMarkPolys          3054216c     <common>
 0003:004a1180       _cg_activeMarkPolys        30542180     <common>
 0003:004a12a0       _cg_markPolys              305422a0     <common>
 0003:004b32a0       _free_particles            305542a0     <common>
 0003:004b32b0       _pvup                      305542b0     <common>
 0003:004b32bc       _active_particles          305542bc     <common>
 0003:004b32c0       _cg_bigFont                305542c0     <common>
 0003:004e6de0       _cg_teamChatsOnly          30587de0     <common>
 0003:004e6f00       _cg_deferPlayers           30587f00     <common>
 0003:004e7020       _cg_timescaleFadeSpeed     30588020     <common>
 0003:004e7140       _cg_crosshairSize          30588140     <common>
 0003:004e7260       _cg_teamChatTime           30588260     <common>
 0003:004e7380       _cg_simpleItems            30588380     <common>
 0003:004e74a0       _cgs                       305884a0     <common>
 0003:0050cbc0       _cg_drawTeamOverlay        305adbc0     <common>
 0003:0050cce0       _cg_predictItems           305adce0     <common>
 0003:0050ce00       _cg_showmiss               305ade00     <common>
 0003:0050cf20       _cg_tracerChance           305adf20     <common>
 0003:0050d040       _cg_noTaunt                305ae040     <common>
 0003:0050d160       _cg_drawFPS                305ae160     <common>
 0003:0050d280       _cg_viewsize               305ae280     <common>
 0003:0050d3a0       _cg_oldRail                305ae3a0     <common>
 0003:0050d4c0       _cg_drawCrosshair          305ae4c0     <common>
 0003:0050d5e0       _cg_crosshairHealth        305ae5e0     <common>
 0003:0050d700       _cg_gun_x                  305ae700     <common>
 0003:0050d820       _cg_gun_y                  305ae820     <common>
 0003:0050d940       _pmove_msec                305ae940     <common>
 0003:0050da60       _cg_errorDecay             305aea60     <common>
 0003:0050db80       _cg_smallFont              305aeb80     <common>
 0003:0050dca0       _cg_crosshairX             305aeca0     <common>
 0003:0050ddc0       _cg_timescale              305aedc0     <common>
 0003:0050dee0       _cg_drawAttacker           305aeee0     <common>
 0003:0050e000       _cg_autoswitch             305af000     <common>
 0003:0050e120       _cg_tracerLength           305af120     <common>
 0003:0050e240       _cg_noProjectileTrail      305af240     <common>
 0003:0050e360       _cg_gun_z                  305af360     <common>
 0003:0050e480       _cg_stats                  305af480     <common>
 0003:0050e5a0       _cg_zoomFov                305af5a0     <common>
 0003:0050e6c0       _cg_forceModel             305af6c0     <common>
 0003:0050e7e0       _cg_scorePlum              305af7e0     <common>
 0003:0050e900       _cg_animSpeed              305af900     <common>
 0003:0050ea20       _cg_synchronousClients     305afa20     <common>
 0003:0050eb40       _cg_debugEvents            305afb40     <common>
 0003:0050ec60       _cg_thirdPerson            305afc60     <common>
 0003:0050ed80       _cg_swingSpeed             305afd80     <common>
 0003:0050eea0       _cg_addMarks               305afea0     <common>
 0003:0050efc0       _cg_blood                  305affc0     <common>
 0003:0050f0e0       _cg_cameraMode             305b00e0     <common>
 0003:0050f200       _cg_teamChatHeight         305b0200     <common>
 0003:0050f320       _cg_timescaleFadeEnd       305b0320     <common>
 0003:0050f440       _cg_bobup                  305b0440     <common>
 0003:0050f560       _cg_drawAmmoWarning        305b0560     <common>
 0003:0050f680       _cg_noVoiceChats           305b0680     <common>
 0003:0050f7a0       _cg_paused                 305b07a0     <common>
 0003:0050f8c0       _cg_oldRocket              305b08c0     <common>
 0003:0050f9e0       _pmove_fixed               305b09e0     <common>
 0003:0050fb00       _cg_noVoiceText            305b0b00     <common>
 0003:0050fc20       _cg_draw3dIcons            305b0c20     <common>
 0003:0050fd40       _cg_thirdPersonAngle       305b0d40     <common>
 0003:0050fe60       _cg_drawFriend             305b0e60     <common>
 0003:0050ff80       _cg_drawGun                305b0f80     <common>
 0003:005100a0       _cg_stereoSeparation       305b10a0     <common>
 0003:005101c0       _cg_debugAnim              305b11c0     <common>
 0003:005102e0       _cg_runpitch               305b12e0     <common>
 0003:00510400       _cg_oldPlasma              305b1400     <common>
 0003:00510520       _cg                        305b1520     <common>
 0003:0052ed60       _cg_teamOverlayUserinfo    305cfd60     <common>
 0003:0052ee80       _cg_trueLightning          305cfe80     <common>
 0003:0052efa0       _cg_drawCrosshairNames     305cffa0     <common>
 0003:0052f0c0       _cg_railTrailTime          305d00c0     <common>
 0003:0052f1e0       _cg_tracerWidth            305d01e0     <common>
 0003:0052f300       _cg_items                  305d0300     <common>
 0003:00530b00       _cg_cameraOrbitDelay       305d1b00     <common>
 0003:00530c20       _cg_drawTimer              305d1c20     <common>
 0003:00530d40       _cg_noPlayerAnims          305d1d40     <common>
 0003:00530e60       _cg_weapons                305d1e60     <common>
 0003:005316e0       _cg_pmove_msec             305d26e0     <common>
 0003:00531800       _cg_debugPosition          305d2800     <common>
 0003:00531920       _cg_smoothClients          305d2920     <common>
 0003:00531a40       _cg_draw2D                 305d2a40     <common>
 0003:00531b60       _cg_bobpitch               305d2b60     <common>
 0003:00531c80       _cg_fov                    305d2c80     <common>
 0003:00531da0       _cg_buildScript            305d2da0     <common>
 0003:00531ec0       _cg_drawSnapshot           305d2ec0     <common>
 0003:00531fe0       _cg_centertime             305d2fe0     <common>
 0003:00532100       _cg_thirdPersonRange       305d3100     <common>
 0003:00532220       _cg_gibs                   305d3220     <common>
 0003:00532340       _cg_crosshairY             305d3340     <common>
 0003:00532460       _cg_drawIcons              305d3460     <common>
 0003:00532580       _cg_cameraOrbit            305d3580     <common>
 0003:005326a0       _cg_drawStatus             305d36a0     <common>
 0003:005327c0       _cg_hudFiles               305d37c0     <common>
 0003:005328e0       _cg_gun_frame              305d38e0     <common>
 0003:00532a00       _cg_ignore                 305d3a00     <common>
 0003:00532b20       _cg_runroll                305d3b20     <common>
 0003:00532c40       _cg_drawRewards            305d3c40     <common>
 0003:00532d60       _cg_bobroll                305d3d60     <common>
 0003:00532e80       _cg_nopredict              305d3e80     <common>
 0003:00532fa0       _cg_shadows                305d3fa0     <common>
 0003:005330c0       _cg_footsteps              305d40c0     <common>
 0003:005331e0       _cg_entities               305d41e0     <common>
 0003:005e91e0       _cg_brassTime              3068a1e0     <common>
 0003:005e9300       _cg_lagometer              3068a300     <common>
 0003:005e9420       _cg_activeLocalEntities    3068a420     <common>
 0003:005f0a54       _cg_freeLocalEntities      30691a54     <common>
 0003:005f0a60       _cg_localEntities          30691a60     <common>
 0003:00615260       _sortedTeamPlayers         306b6260     <common>
 0003:006154e0       _systemChat                306b64e0     <common>
 0003:006155e0       _lagometer                 306b65e0     <common>
 0003:00615be8       _numSortedTeamPlayers      306b6be8     <common>
 0003:00615c00       _teamChat1                 306b6c00     <common>
 0003:00615d00       _teamChat2                 306b6d00     <common>
 0003:00615e00       _pml                       306b6e00     <common>
 0003:00615eb0       _pm                        306b6eb0     <common>
 0003:00615eb4       ___alternate_form          306b6eb4     <common>
 0003:00615ec4       ___no_lead_zeros           306b6ec4     <common>
 0003:00615ec8       ___mbcodepage              306b6ec8     <common>
 0003:00615f40       ___mbulinfo                306b6f40     <common>
 0003:00615f4c       ___ismbcodepage            306b6f4c     <common>
 0003:00615f60       __mbcasemap                306b6f60     <common>
 0003:00616060       __mbctype                  306b7060     <common>
 0003:00616164       ___mblcid                  306b7164     <common>
 0003:00616168       ___sbh_sizeHeaderList      306b7168     <common>
 0003:00616178       ___sbh_indGroupDefer       306b7178     <common>
 0003:0061617c       ___sbh_pHeaderScan         306b717c     <common>
 0003:00616180       ___sbh_pHeaderDefer        306b7180     <common>
 0003:00616184       ___sbh_cntHeaderList       306b7184     <common>
 0003:00616188       ___sbh_pHeaderList         306b7188     <common>
 0003:0061618c       __crtheap                  306b718c     <common>
 0003:00616198       __pfnDumpClient            306b7198     <common>
 0003:006161c0       ___pioinfo                 306b71c0     <common>
 0003:006162fc       __nhandle                  306b72fc     <common>
 0003:00616300       ___setlc_active            306b7300     <common>
 0003:00616310       ___unguarded_readlc_active 306b7310     <common>
 0003:00616314       ___piob                    306b7314     <common>
 0003:00616660       __bufin                    306b7660     <common>
 0003:00617660       __nstream                  306b8660     <common>
 0003:00617664       ___env_initialized         306b8664     <common>
 0003:00617674       ___mbctype_initialized     306b8674     <common>
 0003:00617678       ___onexitend               306b8678     <common>
 0003:0061767c       ___onexitbegin             306b867c     <common>
 0003:00617680       __pfnReportHook            306b8680     <common>
 0003:0061768c       __acmdln                   306b868c     <common>
 0003:0061769c       __pRawDllMain              306b869c     <common>
 0004:00000000       __IMPORT_DESCRIPTOR_KERNEL32 306b9000     kernel32:KERNEL32.dll
 0004:00000014       __NULL_IMPORT_DESCRIPTOR   306b9014     kernel32:KERNEL32.dll
 0004:000001b4       __imp__GetModuleFileNameA@12 306b91b4     kernel32:KERNEL32.dll
 0004:000001b8       __imp__InterlockedDecrement@4 306b91b8     kernel32:KERNEL32.dll
 0004:000001bc       __imp__InterlockedIncrement@4 306b91bc     kernel32:KERNEL32.dll
 0004:000001c0       __imp__GetCommandLineA@0   306b91c0     kernel32:KERNEL32.dll
 0004:000001c4       __imp__GetVersion@0        306b91c4     kernel32:KERNEL32.dll
 0004:000001c8       __imp__GetProcAddress@8    306b91c8     kernel32:KERNEL32.dll
 0004:000001cc       __imp__GetModuleHandleA@4  306b91cc     kernel32:KERNEL32.dll
 0004:000001d0       __imp__RaiseException@16   306b91d0     kernel32:KERNEL32.dll
 0004:000001d4       __imp__GetCurrentThreadId@0 306b91d4     kernel32:KERNEL32.dll
 0004:000001d8       __imp__TlsSetValue@8       306b91d8     kernel32:KERNEL32.dll
 0004:000001dc       __imp__TlsAlloc@0          306b91dc     kernel32:KERNEL32.dll
 0004:000001e0       __imp__TlsFree@4           306b91e0     kernel32:KERNEL32.dll
 0004:000001e4       __imp__SetLastError@4      306b91e4     kernel32:KERNEL32.dll
 0004:000001e8       __imp__TlsGetValue@4       306b91e8     kernel32:KERNEL32.dll
 0004:000001ec       __imp__GetLastError@0      306b91ec     kernel32:KERNEL32.dll
 0004:000001f0       __imp__GetCurrentThread@0  306b91f0     kernel32:KERNEL32.dll
 0004:000001f4       __imp__DebugBreak@0        306b91f4     kernel32:KERNEL32.dll
 0004:000001f8       __imp__GetStdHandle@4      306b91f8     kernel32:KERNEL32.dll
 0004:000001fc       __imp__WriteFile@20        306b91fc     kernel32:KERNEL32.dll
 0004:00000200       __imp__OutputDebugStringA@4 306b9200     kernel32:KERNEL32.dll
 0004:00000204       __imp__LoadLibraryA@4      306b9204     kernel32:KERNEL32.dll
 0004:00000208       __imp__ExitProcess@4       306b9208     kernel32:KERNEL32.dll
 0004:0000020c       __imp__TerminateProcess@8  306b920c     kernel32:KERNEL32.dll
 0004:00000210       __imp__GetCurrentProcess@0 306b9210     kernel32:KERNEL32.dll
 0004:00000214       __imp__SetConsoleCtrlHandler@8 306b9214     kernel32:KERNEL32.dll
 0004:00000218       __imp__EnterCriticalSection@4 306b9218     kernel32:KERNEL32.dll
 0004:0000021c       __imp__LeaveCriticalSection@4 306b921c     kernel32:KERNEL32.dll
 0004:00000220       __imp__InitializeCriticalSection@4 306b9220     kernel32:KERNEL32.dll
 0004:00000224       __imp__DeleteCriticalSection@4 306b9224     kernel32:KERNEL32.dll
 0004:00000228       __imp__FatalAppExitA@8     306b9228     kernel32:KERNEL32.dll
 0004:0000022c       __imp__Sleep@4             306b922c     kernel32:KERNEL32.dll
 0004:00000230       __imp__WideCharToMultiByte@32 306b9230     kernel32:KERNEL32.dll
 0004:00000234       __imp__MultiByteToWideChar@24 306b9234     kernel32:KERNEL32.dll
 0004:00000238       __imp__LCMapStringA@24     306b9238     kernel32:KERNEL32.dll
 0004:0000023c       __imp__LCMapStringW@24     306b923c     kernel32:KERNEL32.dll
 0004:00000240       __imp__SetHandleCount@4    306b9240     kernel32:KERNEL32.dll
 0004:00000244       __imp__GetFileType@4       306b9244     kernel32:KERNEL32.dll
 0004:00000248       __imp__GetStartupInfoA@4   306b9248     kernel32:KERNEL32.dll
 0004:0000024c       __imp__IsBadWritePtr@8     306b924c     kernel32:KERNEL32.dll
 0004:00000250       __imp__IsBadReadPtr@8      306b9250     kernel32:KERNEL32.dll
 0004:00000254       __imp__HeapValidate@12     306b9254     kernel32:KERNEL32.dll
 0004:00000258       __imp__FreeEnvironmentStringsA@4 306b9258     kernel32:KERNEL32.dll
 0004:0000025c       __imp__FreeEnvironmentStringsW@4 306b925c     kernel32:KERNEL32.dll
 0004:00000260       __imp__GetEnvironmentStrings@0 306b9260     kernel32:KERNEL32.dll
 0004:00000264       __imp__GetEnvironmentStringsW@0 306b9264     kernel32:KERNEL32.dll
 0004:00000268       __imp__HeapDestroy@4       306b9268     kernel32:KERNEL32.dll
 0004:0000026c       __imp__HeapCreate@12       306b926c     kernel32:KERNEL32.dll
 0004:00000270       __imp__HeapFree@12         306b9270     kernel32:KERNEL32.dll
 0004:00000274       __imp__VirtualFree@12      306b9274     kernel32:KERNEL32.dll
 0004:00000278       __imp__GetStringTypeA@20   306b9278     kernel32:KERNEL32.dll
 0004:0000027c       __imp__GetStringTypeW@16   306b927c     kernel32:KERNEL32.dll
 0004:00000280       __imp__UnhandledExceptionFilter@4 306b9280     kernel32:KERNEL32.dll
 0004:00000284       __imp__SetFilePointer@16   306b9284     kernel32:KERNEL32.dll
 0004:00000288       __imp__FlushFileBuffers@4  306b9288     kernel32:KERNEL32.dll
 0004:0000028c       __imp__GetCPInfo@8         306b928c     kernel32:KERNEL32.dll
 0004:00000290       __imp__IsValidLocale@8     306b9290     kernel32:KERNEL32.dll
 0004:00000294       __imp__IsValidCodePage@4   306b9294     kernel32:KERNEL32.dll
 0004:00000298       __imp__GetLocaleInfoA@16   306b9298     kernel32:KERNEL32.dll
 0004:0000029c       __imp__EnumSystemLocalesA@8 306b929c     kernel32:KERNEL32.dll
 0004:000002a0       __imp__GetUserDefaultLCID@0 306b92a0     kernel32:KERNEL32.dll
 0004:000002a4       __imp__GetVersionExA@4     306b92a4     kernel32:KERNEL32.dll
 0004:000002a8       __imp__RtlUnwind@16        306b92a8     kernel32:KERNEL32.dll
 0004:000002ac       __imp__HeapAlloc@12        306b92ac     kernel32:KERNEL32.dll
 0004:000002b0       __imp__HeapReAlloc@16      306b92b0     kernel32:KERNEL32.dll
 0004:000002b4       __imp__VirtualAlloc@16     306b92b4     kernel32:KERNEL32.dll
 0004:000002b8       __imp__GetACP@0            306b92b8     kernel32:KERNEL32.dll
 0004:000002bc       __imp__GetOEMCP@0          306b92bc     kernel32:KERNEL32.dll
 0004:000002c0       __imp__SetStdHandle@8      306b92c0     kernel32:KERNEL32.dll
 0004:000002c4       __imp__CloseHandle@4       306b92c4     kernel32:KERNEL32.dll
 0004:000002c8       __imp__GetTimeZoneInformation@4 306b92c8     kernel32:KERNEL32.dll
 0004:000002cc       __imp__GetLocaleInfoW@16   306b92cc     kernel32:KERNEL32.dll
 0004:000002d0       __imp__CompareStringA@24   306b92d0     kernel32:KERNEL32.dll
 0004:000002d4       __imp__CompareStringW@24   306b92d4     kernel32:KERNEL32.dll
 0004:000002d8       __imp__SetEnvironmentVariableA@8 306b92d8     kernel32:KERNEL32.dll
 0004:000002dc       \177KERNEL32_NULL_THUNK_DATA 306b92dc     kernel32:KERNEL32.dll

 entry point at        0001:0004a070

