 cgamex86

 Timestamp is 59355fc5 (Mon Jun 05 09:42:29 2017)

 Preferred load address is 30000000

 Start         Length     Name                   Class
 0001:00000000 0006655eH .text                   CODE
 0001:0006655e 0002f102H .textbss                CODE
 0002:00000000 0000958fH .rdata                  DATA
 0002:00009590 0000016aH .edata                  DATA
 0003:00000000 00000104H .CRT$XCA                DATA
 0003:00000104 00000104H .CRT$XCZ                DATA
 0003:00000208 00000104H .CRT$XIA                DATA
 0003:0000030c 00000109H .CRT$XIC                DATA
 0003:00000418 00000104H .CRT$XIZ                DATA
 0003:0000051c 00000104H .CRT$XPA                DATA
 0003:00000620 00000104H .CRT$XPX                DATA
 0003:00000724 00000104H .CRT$XPZ                DATA
 0003:00000828 00000104H .CRT$XTA                DATA
 0003:0000092c 00000104H .CRT$XTZ                DATA
 0003:00000a30 00005690H .data                   DATA
 0003:000060c0 006115e0H .bss                    DATA
 0004:00000000 00000014H .idata$2                DATA
 0004:00000014 00000014H .idata$3                DATA
 0004:00000028 0000018cH .idata$4                DATA
 0004:000001b4 0000018cH .idata$5                DATA
 0004:00000340 000006c8H .idata$6                DATA

  Address         Publics by Value              Rva+Base     Lib:Object

 0001:00001890       _BG_FindItemForPowerup     30002890 f   bg_misc.obj
 0001:00001930       _BG_FindItemForHoldable    30002930 f   bg_misc.obj
 0001:000019c0       _BG_FindItemForWeapon      300029c0 f   bg_misc.obj
 0001:00001a30       _BG_FindItem               30002a30 f   bg_misc.obj
 0001:00001a90       _BG_PlayerTouchesItem      30002a90 f   bg_misc.obj
 0001:00001b80       _BG_CanItemBeGrabbed       30002b80 f   bg_misc.obj
 0001:00001e40       _BG_EvaluateTrajectory     30002e40 f   bg_misc.obj
 0001:00002130       _BG_EvaluateTrajectoryDelta 30003130 f   bg_misc.obj
 0001:00002360       _BG_AddPredictableEventToPlayerstate 30003360 f   bg_misc.obj
 0001:00002440       _BG_TouchJumpPad           30003440 f   bg_misc.obj
 0001:00002560       _BG_PlayerStateToEntityState 30003560 f   bg_misc.obj
 0001:00002990       _BG_PlayerStateToEntityStateExtraPolate 30003990 f   bg_misc.obj
 0001:00002de0       _PM_AddEvent               30003de0 f   bg_pmove.obj
 0001:00002e10       _PM_AddTouchEnt            30003e10 f   bg_pmove.obj
 0001:00002ec0       _PM_ClipVelocity           30003ec0 f   bg_pmove.obj
 0001:00002f80       _PM_UpdateViewAngles       30003f80 f   bg_pmove.obj
 0001:000030c0       _PmoveSingle               300040c0 f   bg_pmove.obj
 0001:00006e50       _Pmove                     30007e50 f   bg_pmove.obj
 0001:00006f80       _PM_SlideMove              30007f80 f   bg_slidemove.obj
 0001:00007a60       _PM_StepSlideMove          30008a60 f   bg_slidemove.obj
 0001:00007fa0       _CG_TargetCommand_f        30008fa0 f   cg_consolecmds.obj
 0001:00008510       _CG_ConsoleCommand         30009510 f   cg_consolecmds.obj
 0001:00008590       _CG_InitConsoleCommands    30009590 f   cg_consolecmds.obj
 0001:000087a0       _CG_Draw3DModel            300097a0 f   cg_draw.obj
 0001:00008950       _CG_DrawHead               30009950 f   cg_draw.obj
 0001:00008af0       _CG_DrawFlagModel          30009af0 f   cg_draw.obj
 0001:00008cd0       _CG_DrawTeamBackground     30009cd0 f   cg_draw.obj
 0001:00008d50       _CG_AddLagometerFrameInfo  30009d50 f   cg_draw.obj
 0001:00008da0       _CG_AddLagometerSnapshotInfo 30009da0 f   cg_draw.obj
 0001:00008e40       _CG_CenterPrint            30009e40 f   cg_draw.obj
 0001:00008ef0       _CG_DrawActive             30009ef0 f   cg_draw.obj
 0001:0000d2b0       _CG_AdjustFrom640          3000e2b0 f   cg_drawtools.obj
 0001:0000d320       _CG_FillRect               3000e320 f   cg_drawtools.obj
 0001:0000d3a0       _CG_DrawSides              3000e3a0 f   cg_drawtools.obj
 0001:0000d450       _CG_DrawTopBottom          3000e450 f   cg_drawtools.obj
 0001:0000d500       _CG_DrawRect               3000e500 f   cg_drawtools.obj
 0001:0000d580       _CG_DrawPic                3000e580 f   cg_drawtools.obj
 0001:0000d5f0       _CG_DrawChar               3000e5f0 f   cg_drawtools.obj
 0001:0000d6f0       _CG_DrawStringExt          3000e6f0 f   cg_drawtools.obj
 0001:0000d950       _CG_DrawBigString          3000e950 f   cg_drawtools.obj
 0001:0000d9b0       _CG_DrawBigStringColor     3000e9b0 f   cg_drawtools.obj
 0001:0000d9f0       _CG_DrawSmallString        3000e9f0 f   cg_drawtools.obj
 0001:0000da50       _CG_DrawSmallStringColor   3000ea50 f   cg_drawtools.obj
 0001:0000da90       _CG_DrawStrlen             3000ea90 f   cg_drawtools.obj
 0001:0000db20       _CG_TileClear              3000eb20 f   cg_drawtools.obj
 0001:0000dd20       _CG_FadeColor              3000ed20 f   cg_drawtools.obj
 0001:0000dde0       _CG_TeamColor              3000ede0 f   cg_drawtools.obj
 0001:0000de40       _CG_GetColorForHealth      3000ee40 f   cg_drawtools.obj
 0001:0000df90       _CG_ColorForHealth         3000ef90 f   cg_drawtools.obj
 0001:0000dfe0       _UI_DrawBannerString       3000efe0 f   cg_drawtools.obj
 0001:0000e330       _UI_ProportionalStringWidth 3000f330 f   cg_drawtools.obj
 0001:0000e3c0       _UI_ProportionalSizeScale  3000f3c0 f   cg_drawtools.obj
 0001:0000e400       _UI_DrawProportionalString 3000f400 f   cg_drawtools.obj
 0001:0000e8d0       _CG_BubbleTrail            3000f8d0 f   cg_effects.obj
 0001:0000ec40       _CG_SmokePuff              3000fc40 f   cg_effects.obj
 0001:0000eef0       _CG_SpawnEffect            3000fef0 f   cg_effects.obj
 0001:0000f050       _CG_ScorePlum              30010050 f   cg_effects.obj
 0001:0000f240       _CG_MakeExplosion          30010240 f   cg_effects.obj
 0001:0000f4d0       _CG_Bleed                  300104d0 f   cg_effects.obj
 0001:0000f5f0       _CG_LaunchGib              300105f0 f   cg_effects.obj
 0001:0000f780       _CG_GibPlayer              30010780 f   cg_effects.obj
 0001:00010060       _CG_LaunchExplode          30011060 f   cg_effects.obj
 0001:000101f0       _CG_BigExplode             300111f0 f   cg_effects.obj
 0001:00010670       _CG_PositionEntityOnTag    30011670 f   cg_ents.obj
 0001:000107c0       _CG_PositionRotatedEntityOnTag 300117c0 f   cg_ents.obj
 0001:00010920       _CG_SetEntitySoundPosition 30011920 f   cg_ents.obj
 0001:000109e0       _CG_Beam                   300119e0 f   cg_ents.obj
 0001:00010ac0       _CG_AdjustPositionForMover 30011ac0 f   cg_ents.obj
 0001:00010c60       _CG_AddPacketEntities      30011c60 f   cg_ents.obj
 0001:00012950       _CG_PlaceString            30013950 f   cg_event.obj
 0001:00012af0       _CG_PainEvent              30013af0 f   cg_event.obj
 0001:00012bc0       _CG_EntityEvent            30013bc0 f   cg_event.obj
 0001:00014fc0       _CG_CheckEvents            30015fc0 f   cg_event.obj
 0001:000150e0       _CG_LoadingString          300160e0 f   cg_info.obj
 0001:00015120       _CG_LoadingItem            30016120 f   cg_info.obj
 0001:000151b0       _CG_LoadingClient          300161b0 f   cg_info.obj
 0001:00015400       _CG_DrawInformation        30016400 f   cg_info.obj
 0001:00015ae0       _CG_InitLocalEntities      30016ae0 f   cg_localents.obj
 0001:00015b80       _CG_FreeLocalEntity        30016b80 f   cg_localents.obj
 0001:00015bf0       _CG_AllocLocalEntity       30016bf0 f   cg_localents.obj
 0001:00015c90       _CG_BloodTrail             30016c90 f   cg_localents.obj
 0001:00015d90       _CG_FragmentBounceMark     30016d90 f   cg_localents.obj
 0001:00015ee0       _CG_FragmentBounceSound    30016ee0 f   cg_localents.obj
 0001:00015f90       _CG_ReflectVelocity        30016f90 f   cg_localents.obj
 0001:00016170       _CG_AddFragment            30017170 f   cg_localents.obj
 0001:00016440       _CG_AddFadeRGB             30017440 f   cg_localents.obj
 0001:00016510       _CG_AddScorePlum           30017510 f   cg_localents.obj
 0001:00016ac0       _CG_AddLocalEntities       30017ac0 f   cg_localents.obj
 0001:00017310       _vmMain                    30018310 f   cg_main.obj
 0001:00017440       _CG_RegisterCvars          30018440 f   cg_main.obj
 0001:00017580       _CG_UpdateCvars            30018580 f   cg_main.obj
 0001:000176f0       _CG_CrosshairPlayer        300186f0 f   cg_main.obj
 0001:00017730       _CG_LastAttacker           30018730 f   cg_main.obj
 0001:00017770       _CG_Printf                 30018770 f   cg_main.obj
 0001:000177d0       _CG_Error                  300187d0 f   cg_main.obj
 0001:00017830       _Com_Error                 30018830 f   cg_main.obj
 0001:00017890       _Com_Printf                30018890 f   cg_main.obj
 0001:000178f0       _CG_Argv                   300188f0 f   cg_main.obj
 0001:00017930       _CG_BuildSpectatorString   30018930 f   cg_main.obj
 0001:00017a10       _CG_ConfigString           30018a10 f   cg_main.obj
 0001:00017a60       _CG_StartMusic             30018a60 f   cg_main.obj
 0001:00017af0       _CG_Init                   30018af0 f   cg_main.obj
 0001:00019560       _CG_Shutdown               3001a560 f   cg_main.obj
 0001:00019580       _CG_EventHandling          3001a580 f   cg_main.obj
 0001:000195a0       _CG_KeyEvent               3001a5a0 f   cg_main.obj
 0001:000195c0       _CG_MouseEvent             3001a5c0 f   cg_main.obj
 0001:000195e0       _CG_InitMarkPolys          3001a5e0 f   cg_marks.obj
 0001:00019680       _CG_FreeMarkPoly           3001a680 f   cg_marks.obj
 0001:000196f0       _CG_AllocMark              3001a6f0 f   cg_marks.obj
 0001:000197c0       _CG_ImpactMark             3001a7c0 f   cg_marks.obj
 0001:00019de0       _CG_AddMarks               3001ade0 f   cg_marks.obj
 0001:0001a0b0       _CG_ClearParticles         3001b0b0 f   cg_marks.obj
 0001:0001a230       _CG_AddParticleToScene     3001b230 f   cg_marks.obj
 0001:0001cda0       _CG_AddParticles           3001dda0 f   cg_marks.obj
 0001:0001d280       _CG_ParticleSnowFlurry     3001e280 f   cg_marks.obj
 0001:0001d5f0       _CG_ParticleSnow           3001e5f0 f   cg_marks.obj
 0001:0001d8d0       _CG_ParticleBubble         3001e8d0 f   cg_marks.obj
 0001:0001dc20       _CG_ParticleSmoke          3001ec20 f   cg_marks.obj
 0001:0001de60       _CG_ParticleBulletDebris   3001ee60 f   cg_marks.obj
 0001:0001e020       _CG_ParticleExplosion      3001f020 f   cg_marks.obj
 0001:0001e280       _CG_AddParticleShrapnel    3001f280 f   cg_marks.obj
 0001:0001e2a0       _CG_NewParticleArea        3001f2a0 f   cg_marks.obj
 0001:0001e530       _CG_SnowLink               3001f530 f   cg_marks.obj
 0001:0001e5d0       _CG_ParticleImpactSmokePuff 3001f5d0 f   cg_marks.obj
 0001:0001e810       _CG_Particle_Bleed         3001f810 f   cg_marks.obj
 0001:0001ea20       _CG_Particle_OilParticle   3001fa20 f   cg_marks.obj
 0001:0001ec50       _CG_Particle_OilSlick      3001fc50 f   cg_marks.obj
 0001:0001ef30       _CG_OilSlickRemove         3001ff30 f   cg_marks.obj
 0001:0001efe0       _ValidBloodPool            3001ffe0 f   cg_marks.obj
 0001:0001f240       _CG_BloodPool              30020240 f   cg_marks.obj
 0001:0001f490       _CG_ParticleBloodCloud     30020490 f   cg_marks.obj
 0001:0001f790       _CG_ParticleSparks         30020790 f   cg_marks.obj
 0001:0001faf0       _CG_ParticleDust           30020af0 f   cg_marks.obj
 0001:0001ffb0       _CG_ParticleMisc           30020fb0 f   cg_marks.obj
 0001:00020120       _CG_CustomSound            30021120 f   cg_players.obj
 0001:00020210       _CG_NewClientInfo          30021210 f   cg_players.obj
 0001:00022c30       _CG_LoadDeferredPlayers    30023c30 f   cg_players.obj
 0001:00022ce0       _CG_AddRefEntityWithPowerups 30023ce0 f   cg_players.obj
 0001:00022e10       _CG_LightVerts             30023e10 f   cg_players.obj
 0001:00022fe0       _CG_Player                 30023fe0 f   cg_players.obj
 0001:00025270       _CG_ResetPlayerEntity      30026270 f   cg_players.obj
 0001:00025570       _CG_CheckAmmo              30026570 f   cg_playerstate.obj
 0001:000256c0       _CG_DamageFeedback         300266c0 f   cg_playerstate.obj
 0001:00025aa0       _CG_Respawn                30026aa0 f   cg_playerstate.obj
 0001:00025af0       _CG_CheckPlayerstateEvents 30026af0 f   cg_playerstate.obj
 0001:00025ca0       _CG_CheckChangedPredictableEvents 30026ca0 f   cg_playerstate.obj
 0001:00025dd0       _CG_CheckLocalSounds       30026dd0 f   cg_playerstate.obj
 0001:00026360       _CG_TransitionPlayerState  30027360 f   cg_playerstate.obj
 0001:000264e0       _CG_BuildSolidList         300274e0 f   cg_predict.obj
 0001:00026630       _CG_Trace                  30027630 f   cg_predict.obj
 0001:00026990       _CG_PointContents          30027990 f   cg_predict.obj
 0001:00026a80       _CG_PredictPlayerState     30027a80 f   cg_predict.obj
 0001:00027860       _CG_DrawOldScoreboard      30028860 f   cg_scoreboard.obj
 0001:00028880       _CG_DrawOldTourneyScoreboard 30029880 f   cg_scoreboard.obj
 0001:00028cd0       _CG_ParseServerinfo        30029cd0 f   cg_servercmds.obj
 0001:00028ef0       _CG_SetConfigValues        30029ef0 f   cg_servercmds.obj
 0001:00028fc0       _CG_ShaderStateChanged     30029fc0 f   cg_servercmds.obj
 0001:000291f0       _CG_ParseVoiceChats        3002a1f0 f   cg_servercmds.obj
 0001:000297d0       _CG_LoadVoiceChats         3002a7d0 f   cg_servercmds.obj
 0001:000298e0       _CG_HeadModelVoiceChats    3002a8e0 f   cg_servercmds.obj
 0001:00029a70       _CG_GetVoiceChat           3002aa70 f   cg_servercmds.obj
 0001:00029b80       _CG_VoiceChatListForClient 3002ab80 f   cg_servercmds.obj
 0001:0002a010       _CG_PlayVoiceChat          3002b010 f   cg_servercmds.obj
 0001:0002a030       _CG_PlayBufferedVoiceChats 3002b030 f   cg_servercmds.obj
 0001:0002a050       _CG_AddBufferedVoiceChat   3002b050 f   cg_servercmds.obj
 0001:0002a070       _CG_VoiceChatLocal         3002b070 f   cg_servercmds.obj
 0001:0002a090       _CG_VoiceChat              3002b090 f   cg_servercmds.obj
 0001:0002a0b0       _CG_ExecuteNewServerCommands 3002b0b0 f   cg_servercmds.obj
 0001:0002b340       _CG_SetInitialSnapshot     3002c340 f   cg_snapshot.obj
 0001:0002b560       _CG_ProcessSnapshots       3002c560 f   cg_snapshot.obj
 0001:0002bcc0       _dllEntry                  3002ccc0 f   cg_syscalls.obj
 0001:0002bce0       _PASSFLOAT                 3002cce0 f   cg_syscalls.obj
 0001:0002bd00       _trap_Print                3002cd00 f   cg_syscalls.obj
 0001:0002bd30       _trap_Error                3002cd30 f   cg_syscalls.obj
 0001:0002bd60       _trap_Milliseconds         3002cd60 f   cg_syscalls.obj
 0001:0002bd90       _trap_Cvar_Register        3002cd90 f   cg_syscalls.obj
 0001:0002bdd0       _trap_Cvar_Update          3002cdd0 f   cg_syscalls.obj
 0001:0002be00       _trap_Cvar_Set             3002ce00 f   cg_syscalls.obj
 0001:0002be30       _trap_Cvar_VariableStringBuffer 3002ce30 f   cg_syscalls.obj
 0001:0002be60       _trap_Argc                 3002ce60 f   cg_syscalls.obj
 0001:0002be90       _trap_Argv                 3002ce90 f   cg_syscalls.obj
 0001:0002bec0       _trap_Args                 3002cec0 f   cg_syscalls.obj
 0001:0002bef0       _trap_FS_FOpenFile         3002cef0 f   cg_syscalls.obj
 0001:0002bf20       _trap_FS_Read              3002cf20 f   cg_syscalls.obj
 0001:0002bf50       _trap_FS_Write             3002cf50 f   cg_syscalls.obj
 0001:0002bf80       _trap_FS_FCloseFile        3002cf80 f   cg_syscalls.obj
 0001:0002bfb0       _trap_FS_Seek              3002cfb0 f   cg_syscalls.obj
 0001:0002bfe0       _trap_SendConsoleCommand   3002cfe0 f   cg_syscalls.obj
 0001:0002c010       _trap_AddCommand           3002d010 f   cg_syscalls.obj
 0001:0002c040       _trap_RemoveCommand        3002d040 f   cg_syscalls.obj
 0001:0002c070       _trap_SendClientCommand    3002d070 f   cg_syscalls.obj
 0001:0002c0a0       _trap_UpdateScreen         3002d0a0 f   cg_syscalls.obj
 0001:0002c0d0       _trap_CM_LoadMap           3002d0d0 f   cg_syscalls.obj
 0001:0002c100       _trap_CM_NumInlineModels   3002d100 f   cg_syscalls.obj
 0001:0002c130       _trap_CM_InlineModel       3002d130 f   cg_syscalls.obj
 0001:0002c160       _trap_CM_TempBoxModel      3002d160 f   cg_syscalls.obj
 0001:0002c190       _trap_CM_TempCapsuleModel  3002d190 f   cg_syscalls.obj
 0001:0002c1c0       _trap_CM_PointContents     3002d1c0 f   cg_syscalls.obj
 0001:0002c1f0       _trap_CM_TransformedPointContents 3002d1f0 f   cg_syscalls.obj
 0001:0002c230       _trap_CM_BoxTrace          3002d230 f   cg_syscalls.obj
 0001:0002c280       _trap_CM_CapsuleTrace      3002d280 f   cg_syscalls.obj
 0001:0002c2d0       _trap_CM_TransformedBoxTrace 3002d2d0 f   cg_syscalls.obj
 0001:0002c320       _trap_CM_TransformedCapsuleTrace 3002d320 f   cg_syscalls.obj
 0001:0002c370       _trap_CM_MarkFragments     3002d370 f   cg_syscalls.obj
 0001:0002c3c0       _trap_S_StartSound         3002d3c0 f   cg_syscalls.obj
 0001:0002c400       _trap_S_StartLocalSound    3002d400 f   cg_syscalls.obj
 0001:0002c430       _trap_S_ClearLoopingSounds 3002d430 f   cg_syscalls.obj
 0001:0002c460       _trap_S_AddLoopingSound    3002d460 f   cg_syscalls.obj
 0001:0002c4a0       _trap_S_AddRealLoopingSound 3002d4a0 f   cg_syscalls.obj
 0001:0002c4e0       _trap_S_StopLoopingSound   3002d4e0 f   cg_syscalls.obj
 0001:0002c510       _trap_S_UpdateEntityPosition 3002d510 f   cg_syscalls.obj
 0001:0002c540       _trap_S_Respatialize       3002d540 f   cg_syscalls.obj
 0001:0002c580       _trap_S_RegisterSound      3002d580 f   cg_syscalls.obj
 0001:0002c5b0       _trap_S_StartBackgroundTrack 3002d5b0 f   cg_syscalls.obj
 0001:0002c5e0       _trap_R_LoadWorldMap       3002d5e0 f   cg_syscalls.obj
 0001:0002c610       _trap_R_RegisterModel      3002d610 f   cg_syscalls.obj
 0001:0002c640       _trap_R_RegisterSkin       3002d640 f   cg_syscalls.obj
 0001:0002c670       _trap_R_RegisterShader     3002d670 f   cg_syscalls.obj
 0001:0002c6a0       _trap_R_RegisterShaderNoMip 3002d6a0 f   cg_syscalls.obj
 0001:0002c6d0       _trap_R_RegisterFont       3002d6d0 f   cg_syscalls.obj
 0001:0002c700       _trap_R_ClearScene         3002d700 f   cg_syscalls.obj
 0001:0002c730       _trap_R_AddRefEntityToScene 3002d730 f   cg_syscalls.obj
 0001:0002c760       _trap_R_AddPolyToScene     3002d760 f   cg_syscalls.obj
 0001:0002c790       _trap_R_AddPolysToScene    3002d790 f   cg_syscalls.obj
 0001:0002c7d0       _trap_R_LightForPoint      3002d7d0 f   cg_syscalls.obj
 0001:0002c810       _trap_R_AddLightToScene    3002d810 f   cg_syscalls.obj
 0001:0002c880       _trap_R_AddAdditiveLightToScene 3002d880 f   cg_syscalls.obj
 0001:0002c8f0       _trap_R_RenderScene        3002d8f0 f   cg_syscalls.obj
 0001:0002c920       _trap_R_SetColor           3002d920 f   cg_syscalls.obj
 0001:0002c950       _trap_R_DrawStretchPic     3002d950 f   cg_syscalls.obj
 0001:0002ca00       _trap_R_ModelBounds        3002da00 f   cg_syscalls.obj
 0001:0002ca30       _trap_R_LerpTag            3002da30 f   cg_syscalls.obj
 0001:0002ca80       _trap_R_RemapShader        3002da80 f   cg_syscalls.obj
 0001:0002cab0       _trap_GetGlconfig          3002dab0 f   cg_syscalls.obj
 0001:0002cae0       _trap_GetGameState         3002dae0 f   cg_syscalls.obj
 0001:0002cb10       _trap_GetCurrentSnapshotNumber 3002db10 f   cg_syscalls.obj
 0001:0002cb40       _trap_GetSnapshot          3002db40 f   cg_syscalls.obj
 0001:0002cb70       _trap_GetServerCommand     3002db70 f   cg_syscalls.obj
 0001:0002cba0       _trap_GetCurrentCmdNumber  3002dba0 f   cg_syscalls.obj
 0001:0002cbd0       _trap_GetUserCmd           3002dbd0 f   cg_syscalls.obj
 0001:0002cc00       _trap_SetUserCmdValue      3002dc00 f   cg_syscalls.obj
 0001:0002cc40       _testPrintInt              3002dc40 f   cg_syscalls.obj
 0001:0002cc70       _testPrintFloat            3002dc70 f   cg_syscalls.obj
 0001:0002ccb0       _trap_MemoryRemaining      3002dcb0 f   cg_syscalls.obj
 0001:0002cce0       _trap_Key_IsDown           3002dce0 f   cg_syscalls.obj
 0001:0002cd10       _trap_Key_GetCatcher       3002dd10 f   cg_syscalls.obj
 0001:0002cd40       _trap_Key_SetCatcher       3002dd40 f   cg_syscalls.obj
 0001:0002cd70       _trap_Key_GetKey           3002dd70 f   cg_syscalls.obj
 0001:0002cda0       _trap_PC_AddGlobalDefine   3002dda0 f   cg_syscalls.obj
 0001:0002cdd0       _trap_PC_LoadSource        3002ddd0 f   cg_syscalls.obj
 0001:0002ce00       _trap_PC_FreeSource        3002de00 f   cg_syscalls.obj
 0001:0002ce30       _trap_PC_ReadToken         3002de30 f   cg_syscalls.obj
 0001:0002ce60       _trap_PC_SourceFileAndLine 3002de60 f   cg_syscalls.obj
 0001:0002ce90       _trap_S_StopBackgroundTrack 3002de90 f   cg_syscalls.obj
 0001:0002cec0       _trap_RealTime             3002dec0 f   cg_syscalls.obj
 0001:0002cef0       _trap_SnapVector           3002def0 f   cg_syscalls.obj
 0001:0002cf20       _trap_CIN_PlayCinematic    3002df20 f   cg_syscalls.obj
 0001:0002cf60       _trap_CIN_StopCinematic    3002df60 f   cg_syscalls.obj
 0001:0002cf90       _trap_CIN_RunCinematic     3002df90 f   cg_syscalls.obj
 0001:0002cfc0       _trap_CIN_DrawCinematic    3002dfc0 f   cg_syscalls.obj
 0001:0002cff0       _trap_CIN_SetExtents       3002dff0 f   cg_syscalls.obj
 0001:0002d030       _trap_GetEntityToken       3002e030 f   cg_syscalls.obj
 0001:0002d060       _trap_R_inPVS              3002e060 f   cg_syscalls.obj
 0001:0002d090       _CG_TestModel_f            3002e090 f   cg_view.obj
 0001:0002d210       _CG_TestGun_f              3002e210 f   cg_view.obj
 0001:0002d250       _CG_TestModelNextFrame_f   3002e250 f   cg_view.obj
 0001:0002d290       _CG_TestModelPrevFrame_f   3002e290 f   cg_view.obj
 0001:0002d2f0       _CG_TestModelNextSkin_f    3002e2f0 f   cg_view.obj
 0001:0002d330       _CG_TestModelPrevSkin_f    3002e330 f   cg_view.obj
 0001:0002d390       _CG_ZoomDown_f             3002e390 f   cg_view.obj
 0001:0002d3d0       _CG_ZoomUp_f               3002e3d0 f   cg_view.obj
 0001:0002d410       _CG_AddBufferedSound       3002e410 f   cg_view.obj
 0001:0002d480       _CG_DrawActiveFrame        3002e480 f   cg_view.obj
 0001:0002ed70       _CG_RailTrail              3002fd70 f   cg_weapons.obj
 0001:0002f680       _CG_GrappleTrail           30030680 f   cg_weapons.obj
 0001:0002f910       _CG_RegisterWeapon         30030910 f   cg_weapons.obj
 0001:00031390       _CG_RegisterItemVisuals    30032390 f   cg_weapons.obj
 0001:000314e0       _CG_AddPlayerWeapon        300324e0 f   cg_weapons.obj
 0001:00032400       _CG_AddViewWeapon          30033400 f   cg_weapons.obj
 0001:00032af0       _CG_DrawWeaponSelect       30033af0 f   cg_weapons.obj
 0001:00032db0       _CG_NextWeapon_f           30033db0 f   cg_weapons.obj
 0001:00032ed0       _CG_PrevWeapon_f           30033ed0 f   cg_weapons.obj
 0001:00032fa0       _CG_Weapon_f               30033fa0 f   cg_weapons.obj
 0001:00033050       _CG_OutOfAmmoChange        30034050 f   cg_weapons.obj
 0001:000330c0       _CG_FireWeapon             300340c0 f   cg_weapons.obj
 0001:00033250       _CG_MissileHitWall         30034250 f   cg_weapons.obj
 0001:00033830       _CG_MissileHitPlayer       30034830 f   cg_weapons.obj
 0001:00033890       _CG_ShotgunFire            30034890 f   cg_weapons.obj
 0001:00033d40       _CG_Tracer                 30034d40 f   cg_weapons.obj
 0001:00034200       _CG_Bullet                 30035200 f   cg_weapons.obj
 0001:00034520       _Q_rand                    30035520 f   q_math.obj
 0001:00034560       _Q_random                  30035560 f   q_math.obj
 0001:000345a0       _Q_crandom                 300355a0 f   q_math.obj
 0001:000345d0       _ClampChar                 300355d0 f   q_math.obj
 0001:00034600       _ClampShort                30035600 f   q_math.obj
 0001:00034640       _DirToByte                 30035640 f   q_math.obj
 0001:00034710       _ByteToDir                 30035710 f   q_math.obj
 0001:000347b0       _ColorBytes3               300357b0 f   q_math.obj
 0001:00034810       _ColorBytes4               30035810 f   q_math.obj
 0001:00034880       _NormalizeColor            30035880 f   q_math.obj
 0001:00034950       _PlaneFromPoints           30035950 f   q_math.obj
 0001:00034ae0       _RotatePointAroundVector   30035ae0 f   q_math.obj
 0001:00034d90       _RotateAroundDirection     30035d90 f   q_math.obj
 0001:00034e40       _vectoangles               30035e40 f   q_math.obj
 0001:00035010       _AnglesToAxis              30036010 f   q_math.obj
 0001:00035080       _AxisClear                 30036080 f   q_math.obj
 0001:00035110       _AxisCopy                  30036110 f   q_math.obj
 0001:000351b0       _ProjectPointOnPlane       300361b0 f   q_math.obj
 0001:000352f0       _MakeNormalVectors         300362f0 f   q_math.obj
 0001:000353e0       _VectorRotate              300363e0 f   q_math.obj
 0001:000354a0       _Q_rsqrt                   300364a0 f   q_math.obj
 0001:00035510       _Q_fabs                    30036510 f   q_math.obj
 0001:00035540       _LerpAngle                 30036540 f   q_math.obj
 0001:000355c0       _AngleSubtract             300365c0 f   q_math.obj
 0001:00035630       _AnglesSubtract            30036630 f   q_math.obj
 0001:000356b0       _AngleMod                  300366b0 f   q_math.obj
 0001:000356f0       _AngleNormalize360         300366f0 f   q_math.obj
 0001:00035730       _AngleNormalize180         30036730 f   q_math.obj
 0001:00035780       _AngleDelta                30036780 f   q_math.obj
 0001:000357b0       _SetPlaneSignbits          300367b0 f   q_math.obj
 0001:00035830       _BoxOnPlaneSide            30036830 f   q_math.obj
 0001:00035b00       _RadiusFromBounds          30036b00 f   q_math.obj
 0001:00035c20       _ClearBounds               30036c20 f   q_math.obj
 0001:00035c80       _AddPointToBounds          30036c80 f   q_math.obj
 0001:00035d80       _VectorNormalize           30036d80 f   q_math.obj
 0001:00035e40       _VectorNormalize2          30036e40 f   q_math.obj
 0001:00035f20       __VectorMA                 30036f20 f   q_math.obj
 0001:00035f80       __DotProduct               30036f80 f   q_math.obj
 0001:00035fd0       __VectorSubtract           30036fd0 f   q_math.obj
 0001:00036030       __VectorAdd                30037030 f   q_math.obj
 0001:00036090       __VectorCopy               30037090 f   q_math.obj
 0001:000360d0       __VectorScale              300370d0 f   q_math.obj
 0001:00036120       _Vector4Scale              30037120 f   q_math.obj
 0001:00036180       _Q_log2                    30037180 f   q_math.obj
 0001:000361c0       _MatrixMultiply            300371c0 f   q_math.obj
 0001:000363d0       _AngleVectors              300373d0 f   q_math.obj
 0001:00036630       _PerpendicularVector       30037630 f   q_math.obj
 0001:00036720       _Com_Clamp                 30037720 f   q_shared.obj
 0001:00036770       _COM_SkipPath              30037770 f   q_shared.obj
 0001:000367d0       _COM_StripExtension        300377d0 f   q_shared.obj
 0001:00036830       _COM_DefaultExtension      30037830 f   q_shared.obj
 0001:000368e0       _ShortSwap                 300378e0 f   q_shared.obj
 0001:00036940       _ShortNoSwap               30037940 f   q_shared.obj
 0001:00036960       _LongSwap                  30037960 f   q_shared.obj
 0001:00036a00       _LongNoSwap                30037a00 f   q_shared.obj
 0001:00036a20       _Long64Swap                30037a20 f   q_shared.obj
 0001:00036a80       _Long64NoSwap              30037a80 f   q_shared.obj
 0001:00036aa0       _FloatSwap                 30037aa0 f   q_shared.obj
 0001:00036ae0       _FloatNoSwap               30037ae0 f   q_shared.obj
 0001:00036b00       _COM_BeginParseSession     30037b00 f   q_shared.obj
 0001:00036b50       _COM_GetCurrentParseLine   30037b50 f   q_shared.obj
 0001:00036b70       _COM_Parse                 30037b70 f   q_shared.obj
 0001:00036ba0       _COM_ParseError            30037ba0 f   q_shared.obj
 0001:00036c10       _COM_ParseWarning          30037c10 f   q_shared.obj
 0001:00036c80       _COM_Compress              30037c80 f   q_shared.obj
 0001:00036f00       _COM_ParseExt              30037f00 f   q_shared.obj
 0001:00037230       _COM_MatchToken            30038230 f   q_shared.obj
 0001:00037290       _SkipBracedSection         30038290 f   q_shared.obj
 0001:00037320       _SkipRestOfLine            30038320 f   q_shared.obj
 0001:00037390       _Parse1DMatrix             30038390 f   q_shared.obj
 0001:00037420       _Parse2DMatrix             30038420 f   q_shared.obj
 0001:000374b0       _Parse3DMatrix             300384b0 f   q_shared.obj
 0001:00037550       _Q_isprint                 30038550 f   q_shared.obj
 0001:00037580       _Q_islower                 30038580 f   q_shared.obj
 0001:000375b0       _Q_isupper                 300385b0 f   q_shared.obj
 0001:000375e0       _Q_isalpha                 300385e0 f   q_shared.obj
 0001:00037620       _Q_strrchr                 30038620 f   q_shared.obj
 0001:000376a0       _Q_strncpyz                300386a0 f   q_shared.obj
 0001:00037730       _Q_stricmpn                30038730 f   q_shared.obj
 0001:00037840       _Q_strncmp                 30038840 f   q_shared.obj
 0001:000378d0       _Q_stricmp                 300388d0 f   q_shared.obj
 0001:00037920       _Q_strlwr                  30038920 f   q_shared.obj
 0001:00037980       _Q_strupr                  30038980 f   q_shared.obj
 0001:000379e0       _Q_strcat                  300389e0 f   q_shared.obj
 0001:00037a50       _Q_PrintStrlen             30038a50 f   q_shared.obj
 0001:00037af0       _Q_CleanStr                30038af0 f   q_shared.obj
 0001:00037bb0       _Com_sprintf               30038bb0 f   q_shared.obj
 0001:00037c60       _va                        30038c60 f   q_shared.obj
 0001:00037cd0       _Info_ValueForKey          30038cd0 f   q_shared.obj
 0001:00037eb0       _Info_NextPair             30038eb0 f   q_shared.obj
 0001:00037fc0       _Info_RemoveKey            30038fc0 f   q_shared.obj
 0001:00038190       _Info_RemoveKey_Big        30039190 f   q_shared.obj
 0001:00038360       _Info_Validate             30039360 f   q_shared.obj
 0001:000383c0       _Info_SetValueForKey       300393c0 f   q_shared.obj
 0001:000385a0       _Info_SetValueForKey_Big   300395a0 f   q_shared.obj
 0001:00038770       _UI_Alloc                  30039770 f   ui_shared.obj
 0001:00038810       _UI_InitMemory             30039810 f   ui_shared.obj
 0001:00038840       _UI_OutOfMemory            30039840 f   ui_shared.obj
 0001:00038860       _String_Alloc              30039860 f   ui_shared.obj
 0001:00038aa0       _String_Report             30039aa0 f   ui_shared.obj
 0001:00038b70       _String_Init               30039b70 f   ui_shared.obj
 0001:00038c30       _PC_SourceWarning          30039c30 f   ui_shared.obj
 0001:00038cd0       _PC_SourceError            30039cd0 f   ui_shared.obj
 0001:00038d70       _LerpColor                 30039d70 f   ui_shared.obj
 0001:00038e30       _Float_Parse               30039e30 f   ui_shared.obj
 0001:00038e90       _PC_Float_Parse            30039e90 f   ui_shared.obj
 0001:00038f80       _Color_Parse               30039f80 f   ui_shared.obj
 0001:00038ff0       _PC_Color_Parse            30039ff0 f   ui_shared.obj
 0001:00039060       _Int_Parse                 3003a060 f   ui_shared.obj
 0001:000390c0       _PC_Int_Parse              3003a0c0 f   ui_shared.obj
 0001:000391a0       _Rect_Parse                3003a1a0 f   ui_shared.obj
 0001:00039230       _PC_Rect_Parse             3003a230 f   ui_shared.obj
 0001:000392c0       _String_Parse              3003a2c0 f   ui_shared.obj
 0001:00039320       _PC_String_Parse           3003a320 f   ui_shared.obj
 0001:00039380       _PC_Script_Parse           3003a380 f   ui_shared.obj
 0001:00039510       _Init_Display              3003a510 f   ui_shared.obj
 0001:00039530       _GradientBar_Paint         3003a530 f   ui_shared.obj
 0001:000395b0       _Window_Init               3003a5b0 f   ui_shared.obj
 0001:00039630       _Fade                      3003a630 f   ui_shared.obj
 0001:00039730       _Window_Paint              3003a730 f   ui_shared.obj
 0001:00039d60       _Item_SetScreenCoords      3003ad60 f   ui_shared.obj
 0001:00039e10       _Item_UpdatePosition       3003ae10 f   ui_shared.obj
 0001:00039eb0       _Menu_UpdatePosition       3003aeb0 f   ui_shared.obj
 0001:00039f60       _Menu_PostParse            3003af60 f   ui_shared.obj
 0001:00039fd0       _Menu_ClearFocus           3003afd0 f   ui_shared.obj
 0001:0003a0e0       _IsVisible                 3003b0e0 f   ui_shared.obj
 0001:0003a130       _Rect_ContainsPoint        3003b130 f   ui_shared.obj
 0001:0003a1c0       _Menu_ItemsMatchingGroup   3003b1c0 f   ui_shared.obj
 0001:0003a280       _Menu_GetMatchingItemByNumber 3003b280 f   ui_shared.obj
 0001:0003a360       _Script_SetColor           3003b360 f   ui_shared.obj
 0001:0003a4a0       _Script_SetAsset           3003b4a0 f   ui_shared.obj
 0001:0003a4d0       _Script_SetBackground      3003b4d0 f   ui_shared.obj
 0001:0003a520       _Menu_FindItemByName       3003b520 f   ui_shared.obj
 0001:0003a5c0       _Script_SetTeamColor       3003b5c0 f   ui_shared.obj
 0001:0003a630       _Script_SetItemColor       3003b630 f   ui_shared.obj
 0001:0003a7f0       _Menu_ShowItemByName       3003b7f0 f   ui_shared.obj
 0001:0003a8d0       _Menu_FadeItemByName       3003b8d0 f   ui_shared.obj
 0001:0003a9a0       _Menus_FindByName          3003b9a0 f   ui_shared.obj
 0001:0003aa20       _Menus_ShowByName          3003ba20 f   ui_shared.obj
 0001:0003aa60       _Menus_OpenByName          3003ba60 f   ui_shared.obj
 0001:0003aa90       _Menus_CloseByName         3003ba90 f   ui_shared.obj
 0001:0003ab50       _Menus_CloseAll            3003bb50 f   ui_shared.obj
 0001:0003abe0       _Script_Show               3003bbe0 f   ui_shared.obj
 0001:0003ac30       _Script_Hide               3003bc30 f   ui_shared.obj
 0001:0003ac80       _Script_FadeIn             3003bc80 f   ui_shared.obj
 0001:0003acd0       _Script_FadeOut            3003bcd0 f   ui_shared.obj
 0001:0003ad20       _Script_Open               3003bd20 f   ui_shared.obj
 0001:0003ad60       _Script_ConditionalOpen    3003bd60 f   ui_shared.obj
 0001:0003ae10       _Script_Close              3003be10 f   ui_shared.obj
 0001:0003ae50       _Menu_TransitionItemByName 3003be50 f   ui_shared.obj
 0001:0003aff0       _Script_Transition         3003bff0 f   ui_shared.obj
 0001:0003b100       _Menu_OrbitItemByName      3003c100 f   ui_shared.obj
 0001:0003b1d0       _Script_Orbit              3003c1d0 f   ui_shared.obj
 0001:0003b2c0       _Script_SetFocus           3003c2c0 f   ui_shared.obj
 0001:0003b3d0       _Script_SetPlayerModel     3003c3d0 f   ui_shared.obj
 0001:0003b420       _Script_SetPlayerHead      3003c420 f   ui_shared.obj
 0001:0003b470       _Script_SetCvar            3003c470 f   ui_shared.obj
 0001:0003b4d0       _Script_Exec               3003c4d0 f   ui_shared.obj
 0001:0003b530       _Script_Play               3003c530 f   ui_shared.obj
 0001:0003b590       _Script_playLooped         3003c590 f   ui_shared.obj
 0001:0003b5f0       _Item_RunScript            3003c5f0 f   ui_shared.obj
 0001:0003b7a0       _Item_EnableShowViaCvar    3003c7a0 f   ui_shared.obj
 0001:0003b9a0       _Item_SetFocus             3003c9a0 f   ui_shared.obj
 0001:0003bc70       _Item_ListBox_MaxScroll    3003cc70 f   ui_shared.obj
 0001:0003bd30       _Item_ListBox_ThumbPosition 3003cd30 f   ui_shared.obj
 0001:0003be80       _Item_ListBox_ThumbDrawPosition 3003ce80 f   ui_shared.obj
 0001:0003c060       _Item_Slider_ThumbPosition 3003d060 f   ui_shared.obj
 0001:0003c180       _Item_Slider_OverSlider    3003d180 f   ui_shared.obj
 0001:0003c200       _Item_ListBox_OverLB       3003d200 f   ui_shared.obj
 0001:0003c560       _Item_ListBox_MouseEnter   3003d560 f   ui_shared.obj
 0001:0003c760       _Item_MouseEnter           3003d760 f   ui_shared.obj
 0001:0003c960       _Item_MouseLeave           3003d960 f   ui_shared.obj
 0001:0003c9f0       _Menu_HitTest              3003d9f0 f   ui_shared.obj
 0001:0003ca70       _Item_SetMouseOver         3003da70 f   ui_shared.obj
 0001:0003cac0       _Item_OwnerDraw_HandleKey  3003dac0 f   ui_shared.obj
 0001:0003cb20       _Item_ListBox_HandleKey    3003db20 f   ui_shared.obj
 0001:0003d500       _Item_YesNo_HandleKey      3003e500 f   ui_shared.obj
 0001:0003d630       _Item_Multi_CountSettings  3003e630 f   ui_shared.obj
 0001:0003d670       _Item_Multi_FindCvarByValue 3003e670 f   ui_shared.obj
 0001:0003d7e0       _Item_Multi_Setting        3003e7e0 f   ui_shared.obj
 0001:0003d970       _Item_Multi_HandleKey      3003e970 f   ui_shared.obj
 0001:0003db70       _Item_TextField_HandleKey  3003eb70 f   ui_shared.obj
 0001:0003e340       _Item_StartCapture         3003f340 f   ui_shared.obj
 0001:0003eb10       _Item_StopCapture          3003fb10 f   ui_shared.obj
 0001:0003eb30       _Item_Slider_HandleKey     3003fb30 f   ui_shared.obj
 0001:0003ed60       _Item_HandleKey            3003fd60 f   ui_shared.obj
 0001:0003ef40       _Item_Action               3003ff40 f   ui_shared.obj
 0001:0003ef80       _Menu_SetPrevCursorItem    3003ff80 f   ui_shared.obj
 0001:0003f130       _Menu_SetNextCursorItem    30040130 f   ui_shared.obj
 0001:0003f2e0       _Menus_Activate            300402e0 f   ui_shared.obj
 0001:0003f520       _Display_VisibleMenuCount  30040520 f   ui_shared.obj
 0001:0003f590       _Menus_HandleOOBClick      30040590 f   ui_shared.obj
 0001:0003f750       _Menu_HandleKey            30040750 f   ui_shared.obj
 0001:0003ff10       _ToWindowCoords            30040f10 f   ui_shared.obj
 0001:0003ff80       _Rect_ToWindowCoords       30040f80 f   ui_shared.obj
 0001:0003ffb0       _Item_SetTextExtents       30040fb0 f   ui_shared.obj
 0001:000402c0       _Item_TextColor            300412c0 f   ui_shared.obj
 0001:000405b0       _Item_Text_AutoWrapped_Paint 300415b0 f   ui_shared.obj
 0001:00040a20       _Item_Text_Wrapped_Paint   30041a20 f   ui_shared.obj
 0001:00040ce0       _Item_Text_Paint           30041ce0 f   ui_shared.obj
 0001:00040e70       _Item_TextField_Paint      30041e70 f   ui_shared.obj
 0001:00041200       _Item_YesNo_Paint          30042200 f   ui_shared.obj
 0001:00041490       _Item_Multi_Paint          30042490 f   ui_shared.obj
 0001:000416a0       _Controls_GetConfig        300426a0 f   ui_shared.obj
 0001:00041800       _Controls_SetConfig        30042800 f   ui_shared.obj
 0001:000418f0       _Controls_SetDefaults      300428f0 f   ui_shared.obj
 0001:00041970       _BindingIDFromName         30042970 f   ui_shared.obj
 0001:000419e0       _BindingFromName           300429e0 f   ui_shared.obj
 0001:00041b30       _Item_Slider_Paint         30042b30 f   ui_shared.obj
 0001:00041d90       _Item_Bind_Paint           30042d90 f   ui_shared.obj
 0001:00042070       _Display_KeyBindPending    30043070 f   ui_shared.obj
 0001:00042090       _Item_Bind_HandleKey       30043090 f   ui_shared.obj
 0001:000424b0       _AdjustFrom640             300434b0 f   ui_shared.obj
 0001:00042540       _Item_Model_Paint          30043540 f   ui_shared.obj
 0001:00042980       _Item_Image_Paint          30043980 f   ui_shared.obj
 0001:00042a10       _Item_ListBox_Paint        30043a10 f   ui_shared.obj
 0001:000434d0       _Item_OwnerDraw_Paint      300444d0 f   ui_shared.obj
 0001:00043ac0       _Item_Paint                30044ac0 f   ui_shared.obj
 0001:00044290       _Menu_Init                 30045290 f   ui_shared.obj
 0001:00044330       _Menu_GetFocusedItem       30045330 f   ui_shared.obj
 0001:000443b0       _Menu_GetFocused           300453b0 f   ui_shared.obj
 0001:00044440       _Menu_ScrollFeeder         30045440 f   ui_shared.obj
 0001:000444e0       _Menu_SetFeederSelection   300454e0 f   ui_shared.obj
 0001:00044630       _Menus_AnyFullScreenVisible 30045630 f   ui_shared.obj
 0001:000446b0       _Menus_ActivateByName      300456b0 f   ui_shared.obj
 0001:000447c0       _Item_Init                 300457c0 f   ui_shared.obj
 0001:00044810       _Menu_HandleMouseMove      30045810 f   ui_shared.obj
 0001:00044ae0       _Menu_Paint                30045ae0 f   ui_shared.obj
 0001:00044ca0       _Item_ValidateTypeData     30045ca0 f   ui_shared.obj
 0001:00044e40       _KeywordHash_Key           30045e40 f   ui_shared.obj
 0001:00044f20       _KeywordHash_Add           30045f20 f   ui_shared.obj
 0001:00044f70       _KeywordHash_Find          30045f70 f   ui_shared.obj
 0001:00044ff0       _ItemParse_name            30045ff0 f   ui_shared.obj
 0001:00045030       _ItemParse_focusSound      30046030 f   ui_shared.obj
 0001:00045090       _ItemParse_text            30046090 f   ui_shared.obj
 0001:000450d0       _ItemParse_group           300460d0 f   ui_shared.obj
 0001:00045110       _ItemParse_asset_model     30046110 f   ui_shared.obj
 0001:000451a0       _ItemParse_asset_shader    300461a0 f   ui_shared.obj
 0001:00045200       _ItemParse_model_origin    30046200 f   ui_shared.obj
 0001:000452a0       _ItemParse_model_fovx      300462a0 f   ui_shared.obj
 0001:00045300       _ItemParse_model_fovy      30046300 f   ui_shared.obj
 0001:00045360       _ItemParse_model_rotation  30046360 f   ui_shared.obj
 0001:000453c0       _ItemParse_model_angle     300463c0 f   ui_shared.obj
 0001:00045420       _ItemParse_rect            30046420 f   ui_shared.obj
 0001:00045460       _ItemParse_style           30046460 f   ui_shared.obj
 0001:000454a0       _ItemParse_decoration      300464a0 f   ui_shared.obj
 0001:000454d0       _ItemParse_notselectable   300464d0 f   ui_shared.obj
 0001:00045530       _ItemParse_wrapped         30046530 f   ui_shared.obj
 0001:00045560       _ItemParse_autowrapped     30046560 f   ui_shared.obj
 0001:00045590       _ItemParse_horizontalscroll 30046590 f   ui_shared.obj
 0001:000455c0       _ItemParse_type            300465c0 f   ui_shared.obj
 0001:00045610       _ItemParse_elementwidth    30046610 f   ui_shared.obj
 0001:00045670       _ItemParse_elementheight   30046670 f   ui_shared.obj
 0001:000456d0       _ItemParse_feeder          300466d0 f   ui_shared.obj
 0001:00045710       _ItemParse_elementtype     30046710 f   ui_shared.obj
 0001:00045780       _ItemParse_columns         30046780 f   ui_shared.obj
 0001:000458d0       _ItemParse_border          300468d0 f   ui_shared.obj
 0001:00045910       _ItemParse_bordersize      30046910 f   ui_shared.obj
 0001:00045950       _ItemParse_visible         30046950 f   ui_shared.obj
 0001:000459b0       _ItemParse_ownerdraw       300469b0 f   ui_shared.obj
 0001:00045a00       _ItemParse_align           30046a00 f   ui_shared.obj
 0001:00045a40       _ItemParse_textalign       30046a40 f   ui_shared.obj
 0001:00045a80       _ItemParse_textalignx      30046a80 f   ui_shared.obj
 0001:00045ac0       _ItemParse_textaligny      30046ac0 f   ui_shared.obj
 0001:00045b00       _ItemParse_textscale       30046b00 f   ui_shared.obj
 0001:00045b40       _ItemParse_textstyle       30046b40 f   ui_shared.obj
 0001:00045b80       _ItemParse_backcolor       30046b80 f   ui_shared.obj
 0001:00045bf0       _ItemParse_forecolor       30046bf0 f   ui_shared.obj
 0001:00045c70       _ItemParse_bordercolor     30046c70 f   ui_shared.obj
 0001:00045ce0       _ItemParse_outlinecolor    30046ce0 f   ui_shared.obj
 0001:00045d20       _ItemParse_background      30046d20 f   ui_shared.obj
 0001:00045d80       _ItemParse_cinematic       30046d80 f   ui_shared.obj
 0001:00045dc0       _ItemParse_doubleClick     30046dc0 f   ui_shared.obj
 0001:00045e40       _ItemParse_onFocus         30046e40 f   ui_shared.obj
 0001:00045e80       _ItemParse_leaveFocus      30046e80 f   ui_shared.obj
 0001:00045ec0       _ItemParse_mouseEnter      30046ec0 f   ui_shared.obj
 0001:00045f00       _ItemParse_mouseExit       30046f00 f   ui_shared.obj
 0001:00045f40       _ItemParse_mouseEnterText  30046f40 f   ui_shared.obj
 0001:00045f80       _ItemParse_mouseExitText   30046f80 f   ui_shared.obj
 0001:00045fc0       _ItemParse_action          30046fc0 f   ui_shared.obj
 0001:00046000       _ItemParse_special         30047000 f   ui_shared.obj
 0001:00046040       _ItemParse_cvarTest        30047040 f   ui_shared.obj
 0001:00046080       _ItemParse_cvar            30047080 f   ui_shared.obj
 0001:00046120       _ItemParse_maxChars        30047120 f   ui_shared.obj
 0001:000461a0       _ItemParse_maxPaintChars   300471a0 f   ui_shared.obj
 0001:00046220       _ItemParse_cvarFloat       30047220 f   ui_shared.obj
 0001:000462f0       _ItemParse_cvarStrList     300472f0 f   ui_shared.obj
 0001:00046510       _ItemParse_cvarFloatList   30047510 f   ui_shared.obj
 0001:00046700       _ItemParse_addColorRange   30047700 f   ui_shared.obj
 0001:000467d0       _ItemParse_ownerdrawFlag   300477d0 f   ui_shared.obj
 0001:00046820       _ItemParse_enableCvar      30047820 f   ui_shared.obj
 0001:00046870       _ItemParse_disableCvar     30047870 f   ui_shared.obj
 0001:000468c0       _ItemParse_showCvar        300478c0 f   ui_shared.obj
 0001:00046910       _ItemParse_hideCvar        30047910 f   ui_shared.obj
 0001:00046960       _Item_SetupKeywordHash     30047960 f   ui_shared.obj
 0001:000469e0       _Item_Parse                300479e0 f   ui_shared.obj
 0001:00046b40       _Item_InitControls         30047b40 f   ui_shared.obj
 0001:00046bd0       _MenuParse_font            30047bd0 f   ui_shared.obj
 0001:00046c70       _MenuParse_name            30047c70 f   ui_shared.obj
 0001:00046cd0       _MenuParse_fullscreen      30047cd0 f   ui_shared.obj
 0001:00046d20       _MenuParse_rect            30047d20 f   ui_shared.obj
 0001:00046d60       _MenuParse_style           30047d60 f   ui_shared.obj
 0001:00046db0       _MenuParse_visible         30047db0 f   ui_shared.obj
 0001:00046e10       _MenuParse_onOpen          30047e10 f   ui_shared.obj
 0001:00046e60       _MenuParse_onClose         30047e60 f   ui_shared.obj
 0001:00046eb0       _MenuParse_onESC           30047eb0 f   ui_shared.obj
 0001:00046f00       _MenuParse_border          30047f00 f   ui_shared.obj
 0001:00046f50       _MenuParse_borderSize      30047f50 f   ui_shared.obj
 0001:00046fa0       _MenuParse_backcolor       30047fa0 f   ui_shared.obj
 0001:00047020       _MenuParse_forecolor       30048020 f   ui_shared.obj
 0001:000470b0       _MenuParse_bordercolor     300480b0 f   ui_shared.obj
 0001:00047130       _MenuParse_focuscolor      30048130 f   ui_shared.obj
 0001:000471b0       _MenuParse_disablecolor    300481b0 f   ui_shared.obj
 0001:00047230       _MenuParse_outlinecolor    30048230 f   ui_shared.obj
 0001:00047280       _MenuParse_background      30048280 f   ui_shared.obj
 0001:000472e0       _MenuParse_cinematic       300482e0 f   ui_shared.obj
 0001:00047330       _MenuParse_ownerdrawFlag   30048330 f   ui_shared.obj
 0001:00047390       _MenuParse_ownerdraw       30048390 f   ui_shared.obj
 0001:000473e0       _MenuParse_popup           300483e0 f   ui_shared.obj
 0001:00047420       _MenuParse_outOfBounds     30048420 f   ui_shared.obj
 0001:00047460       _MenuParse_soundLoop       30048460 f   ui_shared.obj
 0001:000474b0       _MenuParse_fadeClamp       300484b0 f   ui_shared.obj
 0001:00047500       _MenuParse_fadeAmount      30048500 f   ui_shared.obj
 0001:00047550       _MenuParse_fadeCycle       30048550 f   ui_shared.obj
 0001:000475a0       _MenuParse_itemDef         300485a0 f   ui_shared.obj
 0001:000476c0       _Menu_SetupKeywordHash     300486c0 f   ui_shared.obj
 0001:00047740       _Menu_Parse                30048740 f   ui_shared.obj
 0001:000478b0       _Menu_New                  300488b0 f   ui_shared.obj
 0001:00047930       _Menu_Count                30048930 f   ui_shared.obj
 0001:00047950       _Menu_PaintAll             30048950 f   ui_shared.obj
 0001:00047a50       _Menu_Reset                30048a50 f   ui_shared.obj
 0001:00047a70       _Display_GetContext        30048a70 f   ui_shared.obj
 0001:00047a90       _Display_CaptureItem       30048a90 f   ui_shared.obj
 0001:00047b20       _Display_MouseMove         30048b20 f   ui_shared.obj
 0001:00047c30       _Display_CursorType        30048c30 f   ui_shared.obj
 0001:00047cf0       _Display_HandleKey         30048cf0 f   ui_shared.obj
 0001:00047d50       _Display_CacheAll          30048d50 f   ui_shared.obj
 0001:00048090       __fpmath                   30049090 f   LIBCMTD:fpinit.obj
 0001:000480c0       __fpclear                  300490c0 f   LIBCMTD:fpinit.obj
 0001:000480d0       __cfltcvt_init             300490d0 f   LIBCMTD:fpinit.obj
 0001:00048120       ___setfflag                30049120 f   LIBCMTD:fpinit.obj
 0001:00048140       __CIsin                    30049140 f   LIBCMTD:sin.obj
 0001:00048154       _sin                       30049154 f   LIBCMTD:sin.obj
 0001:000481f0       __CIcos                    300491f0 f   LIBCMTD:cos.obj
 0001:00048204       _cos                       30049204 f   LIBCMTD:cos.obj
 0001:000482a0       _atof                      300492a0 f   LIBCMTD:atof.obj
 0001:00048320       _fabs                      30049320 f   LIBCMTD:fabs.obj
 0001:00048414       __ftol                     30049414 f   LIBCMTD:ftol.obj
 0001:00048440       _memset                    30049440 f   LIBCMTD:memset.obj
 0001:000484a0       _abs                       300494a0 f   LIBCMTD:abs.obj
 0001:000484d0       __CIsqrt                   300494d0 f   LIBCMTD:sqrt.obj
 0001:000484e4       _sqrt                      300494e4 f   LIBCMTD:sqrt.obj
 0001:00048590       _atol                      30049590 f   LIBCMTD:atox.obj
 0001:00048690       _atoi                      30049690 f   LIBCMTD:atox.obj
 0001:000486b0       __atoi64                   300496b0 f   LIBCMTD:atox.obj
 0001:000487e0       _strlen                    300497e0 f   LIBCMTD:strlen.obj
 0001:00048860       _srand                     30049860 f   LIBCMTD:rand.obj
 0001:00048870       _rand                      30049870 f   LIBCMTD:rand.obj
 0001:000488b0       _memcpy                    300498b0 f   LIBCMTD:memcpy.obj
 0001:00048bf0       _strcpy                    30049bf0 f   LIBCMTD:strcat.obj
 0001:00048c00       _strcat                    30049c00 f   LIBCMTD:strcat.obj
 0001:00048ce0       _vsprintf                  30049ce0 f   LIBCMTD:vsprintf.obj
 0001:00048de0       _strcmp                    30049de0 f   LIBCMTD:strcmp.obj
 0001:00048e70       __alloca_probe             30049e70 f   LIBCMTD:chkstk.obj
 0001:00048e70       __chkstk                   30049e70 f   LIBCMTD:chkstk.obj
 0001:00048ea0       _floor                     30049ea0 f   LIBCMTD:floor.obj
 0001:00048ff0       _strchr                    30049ff0 f   LIBCMTD:strchr.obj
 0001:00048ff6       ___from_strstr_to_strchr   30049ff6 f   LIBCMTD:strchr.obj
 0001:000490b0       __CIacos                   3004a0b0 f   LIBCMTD:acos.obj
 0001:000490c4       _acos                      3004a0c4 f   LIBCMTD:acos.obj
 0001:00049180       _strncpy                   3004a180 f   LIBCMTD:strncpy.obj
 0001:00049280       _strstr                    3004a280 f   LIBCMTD:strstr.obj
 0001:00049300       _atan2                     3004a300 f   LIBCMTD:87ctriga.obj
 0001:0004930a       __CIatan2                  3004a30a f   LIBCMTD:87ctriga.obj
 0001:00049320       __CItan                    3004a320 f   LIBCMTD:tan.obj
 0001:00049334       _tan                       3004a334 f   LIBCMTD:tan.obj
 0001:000493e0       __assert                   3004a3e0 f   LIBCMTD:assert.obj
 0001:00049760       __tolower                  3004a760 f   LIBCMTD:tolower.obj
 0001:00049770       _tolower                   3004a770 f   LIBCMTD:tolower.obj
 0001:00049810       __tolower_lk               3004a810 f   LIBCMTD:tolower.obj
 0001:00049940       __toupper                  3004a940 f   LIBCMTD:toupper.obj
 0001:00049950       _toupper                   3004a950 f   LIBCMTD:toupper.obj
 0001:000499f0       __toupper_lk               3004a9f0 f   LIBCMTD:toupper.obj
 0001:00049b20       _memmove                   3004ab20 f   LIBCMTD:memmove.obj
 0001:00049e60       __CRT_INIT@12              3004ae60 f   LIBCMTD:dllcrt0.obj
 0001:00049fa0       __DllMainCRTStartup@12     3004afa0 f   LIBCMTD:dllcrt0.obj
 0001:0004a0a0       __amsg_exit                3004b0a0 f   LIBCMTD:dllcrt0.obj
 0001:0004a0e0       __setdefaultprecision      3004b0e0 f   LIBCMTD:fp8.obj
 0001:0004a100       __ms_p5_test_fdiv          3004b100 f   LIBCMTD:testfdiv.obj
 0001:0004a160       __ms_p5_mp_test_fdiv       3004b160 f   LIBCMTD:testfdiv.obj
 0001:0004a1b0       __forcdecpt                3004b1b0 f   LIBCMTD:cvt.obj
 0001:0004a260       __cropzeros                3004b260 f   LIBCMTD:cvt.obj
 0001:0004a340       __positive                 3004b340 f   LIBCMTD:cvt.obj
 0001:0004a370       __fassign                  3004b370 f   LIBCMTD:cvt.obj
 0001:0004a3c0       __cftoe                    3004b3c0 f   LIBCMTD:cvt.obj
 0001:0004a5b0       __cftof                    3004b5b0 f   LIBCMTD:cvt.obj
 0001:0004a760       __cftog                    3004b760 f   LIBCMTD:cvt.obj
 0001:0004a850       __cfltcvt                  3004b850 f   LIBCMTD:cvt.obj
 0001:0004a8e0       __trandisp1                3004b8e0 f   LIBCMTD:87disp.obj
 0001:0004a947       __trandisp2                3004b947 f   LIBCMTD:87disp.obj
 0001:0004a9d3       __rttospopde               3004b9d3 f   LIBCMTD:87disp.obj
 0001:0004a9d8       __rttospop                 3004b9d8 f   LIBCMTD:87disp.obj
 0001:0004a9da       __rtnospop                 3004b9da f   LIBCMTD:87disp.obj
 0001:0004a9dc       __rttosnpop                3004b9dc f   LIBCMTD:87disp.obj
 0001:0004a9dd       __rtnospopde               3004b9dd f   LIBCMTD:87disp.obj
 0001:0004a9e4       __rtzeropop                3004b9e4 f   LIBCMTD:87disp.obj
 0001:0004a9e6       __rtzeronpop               3004b9e6 f   LIBCMTD:87disp.obj
 0001:0004a9eb       __rtonepop                 3004b9eb f   LIBCMTD:87disp.obj
 0001:0004a9ed       __rtonenpop                3004b9ed f   LIBCMTD:87disp.obj
 0001:0004a9f2       __tosnan1                  3004b9f2 f   LIBCMTD:87disp.obj
 0001:0004aa1d       __nosnan2                  3004ba1d f   LIBCMTD:87disp.obj
 0001:0004aa1f       __tosnan2                  3004ba1f f   LIBCMTD:87disp.obj
 0001:0004aa47       __nan2                     3004ba47 f   LIBCMTD:87disp.obj
 0001:0004aa86       __rtindfpop                3004ba86 f   LIBCMTD:87disp.obj
 0001:0004aa88       __rtindfnpop               3004ba88 f   LIBCMTD:87disp.obj
 0001:0004aa99       __rttosnpopde              3004ba99 f   LIBCMTD:87disp.obj
 0001:0004aaa3       __rtchsifneg               3004baa3 f   LIBCMTD:87disp.obj
 0001:0004aab0       __twoToTOS                 3004bab0 f   LIBCMTD:common.obj
 0001:0004aac5       __load_CW                  3004bac5 f   LIBCMTD:common.obj
 0001:0004aadc       __convertTOStoQNaN         3004badc f   LIBCMTD:common.obj
 0001:0004aaf5       __fload_withFB             3004baf5 f   LIBCMTD:common.obj
 0001:0004ab38       __checkTOS_withFB          3004bb38 f   LIBCMTD:common.obj
 0001:0004ab4e       __fast_exit                3004bb4e f   LIBCMTD:common.obj
 0001:0004ab5b       __math_exit                3004bb5b f   LIBCMTD:common.obj
 0001:0004ab85       __check_overflow_exit      3004bb85 f   LIBCMTD:common.obj
 0001:0004ab99       __check_range_exit         3004bb99 f   LIBCMTD:common.obj
 0001:0004ac40       __startTwoArgErrorHandling 3004bc40 f   LIBCMTD:genexcep.obj
 0001:0004ac57       __startOneArgErrorHandling 3004bc57 f   LIBCMTD:genexcep.obj
 0001:0004aca0       __fltin2                   3004bca0 f   LIBCMTD:cfin.obj
 0001:0004ad60       __isctype                  3004bd60 f   LIBCMTD:isctype.obj
 0001:0004ae20       __handle_qnan1             3004be20 f   LIBCMTD:fpexcept.obj
 0001:0004ae80       __handle_qnan2             3004be80 f   LIBCMTD:fpexcept.obj
 0001:0004aef0       __except1                  3004bef0 f   LIBCMTD:fpexcept.obj
 0001:0004afb0       __except2                  3004bfb0 f   LIBCMTD:fpexcept.obj
 0001:0004b080       __raise_exc                3004c080 f   LIBCMTD:fpexcept.obj
 0001:0004b550       __handle_exc               3004c550 f   LIBCMTD:fpexcept.obj
 0001:0004b8d0       __umatherr                 3004c8d0 f   LIBCMTD:fpexcept.obj
 0001:0004b970       __set_errno                3004c970 f   LIBCMTD:fpexcept.obj
 0001:0004b9f0       __errcode                  3004c9f0 f   LIBCMTD:fpexcept.obj
 0001:0004ba70       __set_exp                  3004ca70 f   LIBCMTD:util.obj
 0001:0004bab0       __get_exp                  3004cab0 f   LIBCMTD:util.obj
 0001:0004bae0       __add_exp                  3004cae0 f   LIBCMTD:util.obj
 0001:0004bb20       __set_bexp                 3004cb20 f   LIBCMTD:util.obj
 0001:0004bb60       __sptype                   3004cb60 f   LIBCMTD:util.obj
 0001:0004bbe0       __decomp                   3004cbe0 f   LIBCMTD:util.obj
 0001:0004bd20       __statfp                   3004cd20 f   LIBCMTD:fpctrl.obj
 0001:0004bd40       __clrfp                    3004cd40 f   LIBCMTD:fpctrl.obj
 0001:0004bd60       __ctrlfp                   3004cd60 f   LIBCMTD:fpctrl.obj
 0001:0004bda0       __set_statfp               3004cda0 f   LIBCMTD:fpctrl.obj
 0001:0004be20       __allmul                   3004ce20 f   LIBCMTD:llmul.obj
 0001:0004be60       __mtinit                   3004ce60 f   LIBCMTD:tidtable.obj
 0001:0004bef0       __mtterm                   3004cef0 f   LIBCMTD:tidtable.obj
 0001:0004bf20       __initptd                  3004cf20 f   LIBCMTD:tidtable.obj
 0001:0004bf40       __getptd                   3004cf40 f   LIBCMTD:tidtable.obj
 0001:0004bfe0       __freeptd                  3004cfe0 f   LIBCMTD:tidtable.obj
 0001:0004c0f0       ___threadid                3004d0f0 f   LIBCMTD:tidtable.obj
 0001:0004c100       ___threadhandle            3004d100 f   LIBCMTD:tidtable.obj
 0001:0004c110       __flsbuf                   3004d110 f   LIBCMTD:_flsbuf.obj
 0001:0004c390       __output                   3004d390 f   LIBCMTD:output.obj
 0001:0004d230       __CrtDbgBreak              3004e230 f   LIBCMTD:dbgrpt.obj
 0001:0004d240       __CrtSetReportMode         3004e240 f   LIBCMTD:dbgrpt.obj
 0001:0004d2a0       __CrtSetReportFile         3004e2a0 f   LIBCMTD:dbgrpt.obj
 0001:0004d320       __CrtSetReportHook         3004e320 f   LIBCMTD:dbgrpt.obj
 0001:0004d340       __CrtDbgReport             3004e340 f   LIBCMTD:dbgrpt.obj
 0001:0004d9e0       __frnd                     3004e9e0 f   LIBCMTD:frnd.obj
 0001:0004da1c       __fFATN2                   3004ea1c f   LIBCMTD:87triga.obj
 0001:0004da6c       __rtpiby2                  3004ea6c f   LIBCMTD:87triga.obj
 0001:0004dab0       __cintrindisp2             3004eab0 f   LIBCMTD:87cdisp.obj
 0001:0004daee       __cintrindisp1             3004eaee f   LIBCMTD:87cdisp.obj
 0001:0004db2b       __ctrandisp2               3004eb2b f   LIBCMTD:87cdisp.obj
 0001:0004dcab       __ctrandisp1               3004ecab f   LIBCMTD:87cdisp.obj
 0001:0004dcde       __fload                    3004ecde f   LIBCMTD:87cdisp.obj
 0001:0004dd20       _abort                     3004ed20 f   LIBCMTD:abort.obj
 0001:0004dd40       __cinit                    3004ed40 f   LIBCMTD:crt0dat.obj
 0001:0004dd80       _exit                      3004ed80 f   LIBCMTD:crt0dat.obj
 0001:0004dda0       __exit                     3004eda0 f   LIBCMTD:crt0dat.obj
 0001:0004ddc0       __cexit                    3004edc0 f   LIBCMTD:crt0dat.obj
 0001:0004dde0       __c_exit                   3004ede0 f   LIBCMTD:crt0dat.obj
 0001:0004def0       __lockexit                 3004eef0 f   LIBCMTD:crt0dat.obj
 0001:0004df00       __unlockexit               3004ef00 f   LIBCMTD:crt0dat.obj
 0001:0004df40       _signal                    3004ef40 f   LIBCMTD:winsig.obj
 0001:0004e210       _raise                     3004f210 f   LIBCMTD:winsig.obj
 0001:0004e4b0       ___fpecode                 3004f4b0 f   LIBCMTD:winsig.obj
 0001:0004e4c0       ___pxcptinfoptrs           3004f4c0 f   LIBCMTD:winsig.obj
 0001:0004e4d0       ___crtMessageBoxA          3004f4d0 f   LIBCMTD:crtmbox.obj
 0001:0004e590       __itoa                     3004f590 f   LIBCMTD:xtoa.obj
 0001:0004e6b0       __ltoa                     3004f6b0 f   LIBCMTD:xtoa.obj
 0001:0004e6f0       __ultoa                    3004f6f0 f   LIBCMTD:xtoa.obj
 0001:0004e710       __i64toa                   3004f710 f   LIBCMTD:xtoa.obj
 0001:0004e860       __ui64toa                  3004f860 f   LIBCMTD:xtoa.obj
 0001:0004e880       _strncat                   3004f880 f   LIBCMTD:strncat.obj
 0001:0004e9b0       _fflush                    3004f9b0 f   LIBCMTD:fflush.obj
 0001:0004ea00       __fflush_lk                3004fa00 f   LIBCMTD:fflush.obj
 0001:0004ea50       __flush                    3004fa50 f   LIBCMTD:fflush.obj
 0001:0004eb10       __flushall                 3004fb10 f   LIBCMTD:fflush.obj
 0001:0004ec60       _fprintf                   3004fc60 f   LIBCMTD:fprintf.obj
 0001:0004ed30       _setvbuf                   3004fd30 f   LIBCMTD:setvbuf.obj
 0001:0004eea0       ___initstdio               3004fea0 f   LIBCMTD:_file.obj
 0001:0004efd0       ___endstdio                3004ffd0 f   LIBCMTD:_file.obj
 0001:0004eff0       __lock_file                3004fff0 f   LIBCMTD:_file.obj
 0001:0004f030       __lock_file2               30050030 f   LIBCMTD:_file.obj
 0001:0004f060       __unlock_file              30050060 f   LIBCMTD:_file.obj
 0001:0004f0a0       __unlock_file2             300500a0 f   LIBCMTD:_file.obj
 0001:0004f0d0       __mtinitlocks              300500d0 f   LIBCMTD:mlock.obj
 0001:0004f110       __mtdeletelocks            30050110 f   LIBCMTD:mlock.obj
 0001:0004f1b0       __lock                     300501b0 f   LIBCMTD:mlock.obj
 0001:0004f250       __unlock                   30050250 f   LIBCMTD:mlock.obj
 0001:0004f270       __lockerr_exit             30050270 f   LIBCMTD:mlock.obj
 0001:0004f290       _setlocale                 30050290 f   LIBCMTD:setlocal.obj
 0001:0004f920       __expandlocale             30050920 f   LIBCMTD:setlocal.obj
 0001:0004fab0       ___init_dummy              30050ab0 f   LIBCMTD:setlocal.obj
 0001:0004fac0       __strcats                  30050ac0 f   LIBCMTD:setlocal.obj
 0001:0004fb10       ___lc_strtolc              30050b10 f   LIBCMTD:setlocal.obj
 0001:0004fc70       ___lc_lctostr              30050c70 f   LIBCMTD:setlocal.obj
 0001:0004fce0       ___crtLCMapStringA         30050ce0 f   LIBCMTD:a_map.obj
 0001:00050040       __ioinit                   30051040 f   LIBCMTD:ioinit.obj
 0001:00050370       __ioterm                   30051370 f   LIBCMTD:ioinit.obj
 0001:00050410       _malloc                    30051410 f   LIBCMTD:dbgheap.obj
 0001:00050430       __malloc_dbg               30051430 f   LIBCMTD:dbgheap.obj
 0001:00050460       __nh_malloc                30051460 f   LIBCMTD:dbgheap.obj
 0001:00050480       __nh_malloc_dbg            30051480 f   LIBCMTD:dbgheap.obj
 0001:000504e0       __heap_alloc               300514e0 f   LIBCMTD:dbgheap.obj
 0001:00050500       __heap_alloc_dbg           30051500 f   LIBCMTD:dbgheap.obj
 0001:00050820       _calloc                    30051820 f   LIBCMTD:dbgheap.obj
 0001:00050840       __calloc_dbg               30051840 f   LIBCMTD:dbgheap.obj
 0001:000508a0       _realloc                   300518a0 f   LIBCMTD:dbgheap.obj
 0001:000508c0       __realloc_dbg              300518c0 f   LIBCMTD:dbgheap.obj
 0001:00050e20       __expand                   30051e20 f   LIBCMTD:dbgheap.obj
 0001:00050e40       __expand_dbg               30051e40 f   LIBCMTD:dbgheap.obj
 0001:00050e80       _free                      30051e80 f   LIBCMTD:dbgheap.obj
 0001:00050ea0       __free_lk                  30051ea0 f   LIBCMTD:dbgheap.obj
 0001:00050ec0       __free_dbg                 30051ec0 f   LIBCMTD:dbgheap.obj
 0001:00050ef0       __free_dbg_lk              30051ef0 f   LIBCMTD:dbgheap.obj
 0001:000512e0       __msize                    300522e0 f   LIBCMTD:dbgheap.obj
 0001:00051300       __msize_dbg                30052300 f   LIBCMTD:dbgheap.obj
 0001:00051460       __CrtSetBreakAlloc         30052460 f   LIBCMTD:dbgheap.obj
 0001:00051480       __CrtSetDbgBlockType       30052480 f   LIBCMTD:dbgheap.obj
 0001:00051520       __CrtSetAllocHook          30052520 f   LIBCMTD:dbgheap.obj
 0001:000515d0       __CrtCheckMemory           300525d0 f   LIBCMTD:dbgheap.obj
 0001:00051940       __CrtSetDbgFlag            30052940 f   LIBCMTD:dbgheap.obj
 0001:00051970       __CrtDoForAllClientObjects 30052970 f   LIBCMTD:dbgheap.obj
 0001:000519e0       __CrtIsValidPointer        300529e0 f   LIBCMTD:dbgheap.obj
 0001:00051a30       __CrtIsValidHeapPointer    30052a30 f   LIBCMTD:dbgheap.obj
 0001:00051ac0       __CrtIsMemoryBlock         30052ac0 f   LIBCMTD:dbgheap.obj
 0001:00051bb0       __CrtSetDumpClient         30052bb0 f   LIBCMTD:dbgheap.obj
 0001:00051bd0       __CrtMemCheckpoint         30052bd0 f   LIBCMTD:dbgheap.obj
 0001:00051d40       __CrtMemDifference         30052d40 f   LIBCMTD:dbgheap.obj
 0001:00051e70       __CrtMemDumpAllObjectsSince 30052e70 f   LIBCMTD:dbgheap.obj
 0001:00052250       __CrtDumpMemoryLeaks       30053250 f   LIBCMTD:dbgheap.obj
 0001:000522d0       __CrtMemDumpStatistics     300532d0 f   LIBCMTD:dbgheap.obj
 0001:000523a0       __setenvp                  300533a0 f   LIBCMTD:stdenvp.obj
 0001:000524f0       __setargv                  300534f0 f   LIBCMTD:stdargv.obj
 0001:00052a00       ___crtGetEnvironmentStringsA 30053a00 f   LIBCMTD:a_env.obj
 0001:00052c20       __heap_init                30053c20 f   LIBCMTD:heapinit.obj
 0001:00052c70       __heap_term                30053c70 f   LIBCMTD:heapinit.obj
 0001:00052d10       _DllMain@12                30053d10 f   LIBCMTD:dllmain.obj
 0001:00052d20       __FF_MSGBANNER             30053d20 f   LIBCMTD:crt0msg.obj
 0001:00052d70       __NMSG_WRITE               30053d70 f   LIBCMTD:crt0msg.obj
 0001:00052f30       __GET_RTERRMSG             30053f30 f   LIBCMTD:crt0msg.obj
 0001:00052f80       __statusfp                 30053f80 f   LIBCMTD:ieee87.obj
 0001:00052fa0       __clearfp                  30053fa0 f   LIBCMTD:ieee87.obj
 0001:00052fc0       __control87                30053fc0 f   LIBCMTD:ieee87.obj
 0001:00053010       __controlfp                30054010 f   LIBCMTD:ieee87.obj
 0001:00053030       __fpreset                  30054030 f   LIBCMTD:ieee87.obj
 0001:00053420       __ZeroTail                 30054420 f   LIBCMTD:intrncvt.obj
 0001:000534b0       __IncMan                   300544b0 f   LIBCMTD:intrncvt.obj
 0001:00053560       __RoundMan                 30054560 f   LIBCMTD:intrncvt.obj
 0001:00053640       __CopyMan                  30054640 f   LIBCMTD:intrncvt.obj
 0001:00053690       __FillZeroMan              30054690 f   LIBCMTD:intrncvt.obj
 0001:000536c0       __IsZeroMan                300546c0 f   LIBCMTD:intrncvt.obj
 0001:00053700       __ShrMan                   30054700 f   LIBCMTD:intrncvt.obj
 0001:000537f0       __ld12cvt                  300547f0 f   LIBCMTD:intrncvt.obj
 0001:00053a40       __ld12tod                  30054a40 f   LIBCMTD:intrncvt.obj
 0001:00053a60       __ld12tof                  30054a60 f   LIBCMTD:intrncvt.obj
 0001:00053a80       __ld12told                 30054a80 f   LIBCMTD:intrncvt.obj
 0001:00053b40       __atodbl                   30054b40 f   LIBCMTD:intrncvt.obj
 0001:00053b80       __atoldbl                  30054b80 f   LIBCMTD:intrncvt.obj
 0001:00053bc0       __atoflt                   30054bc0 f   LIBCMTD:intrncvt.obj
 0001:00053c00       __fptostr                  30054c00 f   LIBCMTD:_fptostr.obj
 0001:00053d00       __fltout2                  30054d00 f   LIBCMTD:cfout.obj
 0001:00053d80       ___dtold                   30054d80 f   LIBCMTD:cfout.obj
 0001:00053ef0       __fptrap                   30054ef0 f   LIBCMTD:crt0fp.obj
 0001:00053f00       __87except                 30054f00 f   LIBCMTD:87except.obj
 0001:00054080       ___strgtold12              30055080 f   LIBCMTD:strgtold.obj
 0001:00054bb0       ___STRINGTOLD              30055bb0 f   LIBCMTD:strgtold.obj
 0001:00054c00       ___crtGetStringTypeA       30055c00 f   LIBCMTD:a_str.obj
 0001:00054dc0       __dosmaperr                30055dc0 f   LIBCMTD:dosmap.obj
 0001:00054e60       __errno                    30055e60 f   LIBCMTD:dosmap.obj
 0001:00054e70       ___doserrno                30055e70 f   LIBCMTD:dosmap.obj
 0001:00054e80       __matherr                  30055e80 f   LIBCMTD:matherr.obj
 0001:00054e90       __XcptFilter               30055e90 f   LIBCMTD:winxfltr.obj
 0001:000550b0       __lseek                    300560b0 f   LIBCMTD:lseek.obj
 0001:00055140       __lseek_lk                 30056140 f   LIBCMTD:lseek.obj
 0001:00055200       __write                    30056200 f   LIBCMTD:write.obj
 0001:00055290       __write_lk                 30056290 f   LIBCMTD:write.obj
 0001:00055510       __getbuf                   30056510 f   LIBCMTD:_getbuf.obj
 0001:000555e0       __isatty                   300565e0 f   LIBCMTD:isatty.obj
 0001:00055620       _wctomb                    30056620 f   LIBCMTD:wctomb.obj
 0001:000556a0       __wctomb_lk                300566a0 f   LIBCMTD:wctomb.obj
 0001:00055740       __aulldiv                  30056740 f   LIBCMTD:ulldiv.obj
 0001:000557b0       __aullrem                  300567b0 f   LIBCMTD:ullrem.obj
 0001:00055830       __snprintf                 30056830 f   LIBCMTD:snprintf.obj
 0001:00055930       __vsnprintf                30056930 f   LIBCMTD:vsnprint.obj
 0001:00055a30       __commit                   30056a30 f   LIBCMTD:commit.obj
 0001:00055b10       __stbuf                    30056b10 f   LIBCMTD:_sftbuf.obj
 0001:00055c70       __ftbuf                    30056c70 f   LIBCMTD:_sftbuf.obj
 0001:00055d10       __freebuf                  30056d10 f   LIBCMTD:_freebuf.obj
 0001:00055db0       __fcloseall                30056db0 f   LIBCMTD:closeall.obj
 0001:00055e90       ___init_time               30056e90 f   LIBCMTD:inittime.obj
 0001:00056810       ___init_numeric            30057810 f   LIBCMTD:initnum.obj
 0001:00056b40       ___init_monetary           30057b40 f   LIBCMTD:initmon.obj
 0001:00056fa0       ___init_ctype              30057fa0 f   LIBCMTD:initctyp.obj
 0001:00057340       ___init_collate            30058340 f   LIBCMTD:initcoll.obj
 0001:00057350       _strcspn                   30058350 f   LIBCMTD:strcspn.obj
 0001:00057390       _strncmp                   30058390 f   LIBCMTD:strncmp.obj
 0001:000573d0       _strpbrk                   300583d0 f   LIBCMTD:strpbrk.obj
 0001:00057410       ___get_qualified_locale    30058410 f   LIBCMTD:getqloc.obj
 0001:000581a8       __global_unwind2           300591a8 f   LIBCMTD:exsup.obj
 0001:000581ea       __local_unwind2            300591ea f   LIBCMTD:exsup.obj
 0001:00058242       __NLG_Return2              30059242 f   LIBCMTD:exsup.obj
 0001:00058252       __abnormal_termination     30059252 f   LIBCMTD:exsup.obj
 0001:00058275       __NLG_Notify1              30059275 f   LIBCMTD:exsup.obj
 0001:0005827e       __NLG_Notify               3005927e f   LIBCMTD:exsup.obj
 0001:00058291       __NLG_Dispatch             30059291 f   LIBCMTD:exsup.obj
 0001:000582a0       __except_handler3          300592a0 f   LIBCMTD:exsup3.obj
 0001:0005835d       __seh_longjmp_unwind@4     3005935d f   LIBCMTD:exsup3.obj
 0001:00058380       ?_set_new_handler@@YAP6AHI@ZP6AHI@Z@Z 30059380 f   LIBCMTD:handler.obj
 0001:000583b0       ?_query_new_handler@@YAP6AHI@ZXZ 300593b0 f   LIBCMTD:handler.obj
 0001:000583c0       __callnewh                 300593c0 f   LIBCMTD:handler.obj
 0001:000583f0       __malloc_base              300593f0 f   LIBCMTD:malloc.obj
 0001:00058410       __nh_malloc_base           30059410 f   LIBCMTD:malloc.obj
 0001:00058470       __heap_alloc_base          30059470 f   LIBCMTD:malloc.obj
 0001:000584e0       __CrtDefaultAllocHook      300594e0 f   LIBCMTD:dbghook.obj
 0001:000584f0       __expand_base              300594f0 f   LIBCMTD:expand.obj
 0001:000585a0       __realloc_base             300595a0 f   LIBCMTD:realloc.obj
 0001:00058790       __free_base                30059790 f   LIBCMTD:free.obj
 0001:00058800       __heapchk                  30059800 f   LIBCMTD:heapchk.obj
 0001:00058880       __heapset                  30059880 f   LIBCMTD:heapchk.obj
 0001:00058890       __get_sbh_threshold        30059890 f   LIBCMTD:sbheap.obj
 0001:000588a0       __set_sbh_threshold        300598a0 f   LIBCMTD:sbheap.obj
 0001:000588c0       ___sbh_heap_init           300598c0 f   LIBCMTD:sbheap.obj
 0001:00058920       ___sbh_find_block          30059920 f   LIBCMTD:sbheap.obj
 0001:00058980       ___sbh_verify_block        30059980 f   LIBCMTD:sbheap.obj
 0001:000589e0       ___sbh_free_block          300599e0 f   LIBCMTD:sbheap.obj
 0001:00058fb0       ___sbh_alloc_block         30059fb0 f   LIBCMTD:sbheap.obj
 0001:000594f0       ___sbh_alloc_new_region    3005a4f0 f   LIBCMTD:sbheap.obj
 0001:00059600       ___sbh_alloc_new_group     3005a600 f   LIBCMTD:sbheap.obj
 0001:000597f0       ___sbh_resize_block        3005a7f0 f   LIBCMTD:sbheap.obj
 0001:00059de0       ___sbh_heapmin             3005ade0 f   LIBCMTD:sbheap.obj
 0001:00059f10       ___sbh_heap_check          3005af10 f   LIBCMTD:sbheap.obj
 0001:0005a530       _sprintf                   3005b530 f   LIBCMTD:sprintf.obj
 0001:0005a630       __setmbcp                  3005b630 f   LIBCMTD:mbctype.obj
 0001:0005adf0       __getmbcp                  3005bdf0 f   LIBCMTD:mbctype.obj
 0001:0005ae10       ___initmbctable            3005be10 f   LIBCMTD:mbctype.obj
 0001:0005ae40       ___addl                    3005be40 f   LIBCMTD:mantold.obj
 0001:0005ae80       ___add_12                  3005be80 f   LIBCMTD:mantold.obj
 0001:0005af30       ___shl_12                  3005bf30 f   LIBCMTD:mantold.obj
 0001:0005af90       ___shr_12                  3005bf90 f   LIBCMTD:mantold.obj
 0001:0005b000       ___mtold12                 3005c000 f   LIBCMTD:mantold.obj
 0001:0005b140       _$I10_OUTPUT               3005c140 f   LIBCMTD:x10fout.obj
 0001:0005b660       ___ld12mul                 3005c660 f   LIBCMTD:tenpow.obj
 0001:0005baa0       ___multtenpow12            3005caa0 f   LIBCMTD:tenpow.obj
 0001:0005bb70       __alloc_osfhnd             3005cb70 f   LIBCMTD:osfinfo.obj
 0001:0005bd60       __set_osfhnd               3005cd60 f   LIBCMTD:osfinfo.obj
 0001:0005be20       __free_osfhnd              3005ce20 f   LIBCMTD:osfinfo.obj
 0001:0005bf00       __get_osfhandle            3005cf00 f   LIBCMTD:osfinfo.obj
 0001:0005bf70       __open_osfhandle           3005cf70 f   LIBCMTD:osfinfo.obj
 0001:0005c080       __lock_fhandle             3005d080 f   LIBCMTD:osfinfo.obj
 0001:0005c110       __unlock_fhandle           3005d110 f   LIBCMTD:osfinfo.obj
 0001:0005c140       _fclose                    3005d140 f   LIBCMTD:fclose.obj
 0001:0005c1d0       __fclose_lk                3005d1d0 f   LIBCMTD:fclose.obj
 0001:0005c290       __Getdays                  3005d290 f   LIBCMTD:strftime.obj
 0001:0005c3c0       __Getmonths                3005d3c0 f   LIBCMTD:strftime.obj
 0001:0005c4f0       __Gettnames                3005d4f0 f   LIBCMTD:strftime.obj
 0001:0005c860       _strftime                  3005d860 f   LIBCMTD:strftime.obj
 0001:0005c880       __Strftime                 3005d880 f   LIBCMTD:strftime.obj
 0001:0005d700       ___getlocaleinfo           3005e700 f   LIBCMTD:inithelp.obj
 0001:0005d990       _localeconv                3005e990 f   LIBCMTD:lconv.obj
 0001:0005d9a0       ___crtGetStringTypeW       3005e9a0 f   LIBCMTD:w_str.obj
 0001:0005dc10       __stricmp                  3005ec10 f   LIBCMTD:stricmp.obj
 0001:0005dc10       __strcmpi                  3005ec10 f   LIBCMTD:stricmp.obj
 0001:0005dce0       __strnicmp                 3005ece0 f   LIBCMTD:strnicmp.obj
 0001:0005ddf0       __close                    3005edf0 f   LIBCMTD:close.obj
 0001:0005de70       __close_lk                 3005ee70 f   LIBCMTD:close.obj
 0001:0005df20       ___tzset                   3005ef20 f   LIBCMTD:tzset.obj
 0001:0005df60       __tzset                    3005ef60 f   LIBCMTD:tzset.obj
 0001:0005e330       __isindst                  3005f330 f   LIBCMTD:tzset.obj
 0001:0005e860       ___crtGetLocaleInfoW       3005f860 f   LIBCMTD:w_loc.obj
 0001:0005ea00       ___crtGetLocaleInfoA       3005fa00 f   LIBCMTD:a_loc.obj
 0001:0005ebb0       _getenv                    3005fbb0 f   LIBCMTD:getenv.obj
 0001:0005ebe0       __getenv_lk                3005fbe0 f   LIBCMTD:getenv.obj
 0001:0005ecb0       __mbsnbicoll               3005fcb0 f   LIBCMTD:mbsnbico.obj
 0001:0005ed00       ___wtomb_environ           3005fd00 f   LIBCMTD:wtombenv.obj
 0001:0005edb0       ___crtCompareStringA       3005fdb0 f   LIBCMTD:a_cmp.obj
 0001:0005f200       ___crtsetenv               30060200 f   LIBCMTD:setenv.obj
 0001:0005f650       __mbschr                   30060650 f   LIBCMTD:mbschr.obj
 0001:0005f73e       _GetModuleFileNameA@12     3006073e f   kernel32:KERNEL32.dll
 0001:0005f744       _InterlockedDecrement@4    30060744 f   kernel32:KERNEL32.dll
 0001:0005f74a       _InterlockedIncrement@4    3006074a f   kernel32:KERNEL32.dll
 0001:0005f750       _GetCommandLineA@0         30060750 f   kernel32:KERNEL32.dll
 0001:0005f756       _GetVersion@0              30060756 f   kernel32:KERNEL32.dll
 0001:0005f75c       _GetProcAddress@8          3006075c f   kernel32:KERNEL32.dll
 0001:0005f762       _GetModuleHandleA@4        30060762 f   kernel32:KERNEL32.dll
 0001:0005f768       _RaiseException@16         30060768 f   kernel32:KERNEL32.dll
 0001:0005f76e       _GetCurrentThreadId@0      3006076e f   kernel32:KERNEL32.dll
 0001:0005f774       _TlsSetValue@8             30060774 f   kernel32:KERNEL32.dll
 0001:0005f77a       _TlsAlloc@0                3006077a f   kernel32:KERNEL32.dll
 0001:0005f780       _TlsFree@4                 30060780 f   kernel32:KERNEL32.dll
 0001:0005f786       _SetLastError@4            30060786 f   kernel32:KERNEL32.dll
 0001:0005f78c       _TlsGetValue@4             3006078c f   kernel32:KERNEL32.dll
 0001:0005f792       _GetLastError@0            30060792 f   kernel32:KERNEL32.dll
 0001:0005f798       _GetCurrentThread@0        30060798 f   kernel32:KERNEL32.dll
 0001:0005f79e       _DebugBreak@0              3006079e f   kernel32:KERNEL32.dll
 0001:0005f7a4       _GetStdHandle@4            300607a4 f   kernel32:KERNEL32.dll
 0001:0005f7aa       _WriteFile@20              300607aa f   kernel32:KERNEL32.dll
 0001:0005f7b0       _OutputDebugStringA@4      300607b0 f   kernel32:KERNEL32.dll
 0001:0005f7b6       _LoadLibraryA@4            300607b6 f   kernel32:KERNEL32.dll
 0001:0005f7bc       _ExitProcess@4             300607bc f   kernel32:KERNEL32.dll
 0001:0005f7c2       _TerminateProcess@8        300607c2 f   kernel32:KERNEL32.dll
 0001:0005f7c8       _GetCurrentProcess@0       300607c8 f   kernel32:KERNEL32.dll
 0001:0005f7ce       _SetConsoleCtrlHandler@8   300607ce f   kernel32:KERNEL32.dll
 0001:0005f7d4       _EnterCriticalSection@4    300607d4 f   kernel32:KERNEL32.dll
 0001:0005f7da       _LeaveCriticalSection@4    300607da f   kernel32:KERNEL32.dll
 0001:0005f7e0       _InitializeCriticalSection@4 300607e0 f   kernel32:KERNEL32.dll
 0001:0005f7e6       _DeleteCriticalSection@4   300607e6 f   kernel32:KERNEL32.dll
 0001:0005f7ec       _FatalAppExitA@8           300607ec f   kernel32:KERNEL32.dll
[...]
 0003:001cf550       __umaskval                 30270550     LIBCMTD:crt0dat.obj
 0003:001cf554       __osver                    30270554     LIBCMTD:crt0dat.obj
 0003:001cf558       __winver                   30270558     LIBCMTD:crt0dat.obj
 0003:001cf55c       __winmajor                 3027055c     LIBCMTD:crt0dat.obj
 0003:001cf560       __winminor                 30270560     LIBCMTD:crt0dat.obj
 0003:001cf564       ___argc                    30270564     LIBCMTD:crt0dat.obj
 0003:001cf568       ___argv                    30270568     LIBCMTD:crt0dat.obj
 0003:001cf56c       ___wargv                   3027056c     LIBCMTD:crt0dat.obj
 0003:001cf570       __environ                  30270570     LIBCMTD:crt0dat.obj
 0003:001cf574       ___initenv                 30270574     LIBCMTD:crt0dat.obj
 0003:001cf578       __wenviron                 30270578     LIBCMTD:crt0dat.obj
 0003:001cf57c       ___winitenv                3027057c     LIBCMTD:crt0dat.obj
 0003:001cf580       __pgmptr                   30270580     LIBCMTD:crt0dat.obj
 0003:001cf584       __wpgmptr                  30270584     LIBCMTD:crt0dat.obj
 0003:001cf588       __exitflag                 30270588     LIBCMTD:crt0dat.obj
 0003:001cf58c       __C_Termination_Done       3027058c     LIBCMTD:crt0dat.obj
 0003:001cf590       __C_Exit_Done              30270590     LIBCMTD:crt0dat.obj
 0003:001cf5b8       __cflush                   302705b8     LIBCMTD:_file.obj
 0003:001cf62c       ___lc_handle               3027062c     LIBCMTD:nlsdata2.obj
 0003:001cf644       ___lc_codepage             30270644     LIBCMTD:nlsdata2.obj
 0003:001cf648       ___lc_collate_cp           30270648     LIBCMTD:nlsdata2.obj
 0003:001cf76c       __adbgmsg                  3027076c     LIBCMTD:crt0msg.obj
 0003:001cf774       __stdbuf                   30270774     LIBCMTD:_sftbuf.obj
 0003:001cf77c       ___lc_time_intl            3027077c     LIBCMTD:inittime.obj
 0003:001cf798       ___lc_id                   30270798     LIBCMTD:nlsdata3.obj
 0003:001cf7e0       __newmode                  302707e0     LIBCMTD:_newmode.obj
 0003:001cf7e4       ?_pnhHeap@@3P6AHI@ZA       302707e4     LIBCMTD:handler.obj
 0003:001cf7f4       ___lconv_static_null       302707f4     LIBCMTD:lconv.obj
 0003:001cf8e0       _menuStack                 302708e0     <common>
 0003:001d1cc0       _Menus                     30272cc0     <common>
 0003:001dbdc0       _menuParseKeywordHash      3027cdc0     <common>
 0003:001dc5c0       _g_nameBind1               3027d5c0     <common>
 0003:001dc5e0       _g_nameBind2               3027d5e0     <common>
 0003:001dc600       _itemParseKeywordHash      3027d600     <common>
 0003:001dce00       _voiceChatLists            3027de00     <common>
 0003:00474c00       _voiceChatBuffer           30515c00     <common>
 0003:00477300       _headModelVoiceChat        30518300     <common>
 0003:00478400       _rforward                  30519400     <common>
 0003:0048212c       _oldtime                   3052312c     <common>
 0003:00482130       _pvright                   30523130     <common>
 0003:00482140       _pvforward                 30523140     <common>
 0003:00482150       _rup                       30523150     <common>
 0003:00482160       _particles                 30523160     <common>
 0003:004a1160       _rright                    30542160     <common>
 0003:004a116c       _cg_freeMarkPolys          3054216c     <common>
 0003:004a1180       _cg_activeMarkPolys        30542180     <common>
 0003:004a12a0       _cg_markPolys              305422a0     <common>
 0003:004b32a0       _free_particles            305542a0     <common>
 0003:004b32b0       _pvup                      305542b0     <common>
 0003:004b32bc       _active_particles          305542bc     <common>
 0003:004b32c0       _cg_bigFont                305542c0     <common>
 0003:004e6de0       _cg_teamChatsOnly          30587de0     <common>
 0003:004e6f00       _cg_deferPlayers           30587f00     <common>
 0003:004e7020       _cg_timescaleFadeSpeed     30588020     <common>
 0003:004e7140       _cg_crosshairSize          30588140     <common>
 0003:004e7260       _cg_teamChatTime           30588260     <common>
 0003:004e7380       _cg_simpleItems            30588380     <common>
 0003:004e74a0       _cgs                       305884a0     <common>
 0003:0050cbc0       _cg_drawTeamOverlay        305adbc0     <common>
 0003:0050cce0       _cg_predictItems           305adce0     <common>
 0003:0050ce00       _cg_showmiss               305ade00     <common>
 0003:0050cf20       _cg_tracerChance           305adf20     <common>
 0003:0050d040       _cg_noTaunt                305ae040     <common>
 0003:0050d160       _cg_drawFPS                305ae160     <common>
 0003:0050d280       _cg_viewsize               305ae280     <common>
 0003:0050d3a0       _cg_oldRail                305ae3a0     <common>
 0003:0050d4c0       _cg_drawCrosshair          305ae4c0     <common>
 0003:0050d5e0       _cg_crosshairHealth        305ae5e0     <common>
 0003:0050d700       _cg_gun_x                  305ae700     <common>
 0003:0050d820       _cg_gun_y                  305ae820     <common>
 0003:0050d940       _pmove_msec                305ae940     <common>
 0003:0050da60       _cg_errorDecay             305aea60     <common>
 0003:0050db80       _cg_smallFont              305aeb80     <common>
 0003:0050dca0       _cg_crosshairX             305aeca0     <common>
 0003:0050ddc0       _cg_timescale              305aedc0     <common>
 0003:0050dee0       _cg_drawAttacker           305aeee0     <common>
 0003:0050e000       _cg_autoswitch             305af000     <common>
 0003:0050e120       _cg_tracerLength           305af120     <common>
 0003:0050e240       _cg_noProjectileTrail      305af240     <common>
 0003:0050e360       _cg_gun_z                  305af360     <common>
 0003:0050e480       _cg_stats                  305af480     <common>
 0003:0050e5a0       _cg_zoomFov                305af5a0     <common>
 0003:0050e6c0       _cg_forceModel             305af6c0     <common>
 0003:0050e7e0       _cg_scorePlum              305af7e0     <common>
 0003:0050e900       _cg_animSpeed              305af900     <common>
 0003:0050ea20       _cg_synchronousClients     305afa20     <common>
 0003:0050eb40       _cg_debugEvents            305afb40     <common>
 0003:0050ec60       _cg_thirdPerson            305afc60     <common>
 0003:0050ed80       _cg_swingSpeed             305afd80     <common>
 0003:0050eea0       _cg_addMarks               305afea0     <common>
 0003:0050efc0       _cg_blood                  305affc0     <common>
 0003:0050f0e0       _cg_cameraMode             305b00e0     <common>
 0003:0050f200       _cg_teamChatHeight         305b0200     <common>
 0003:0050f320       _cg_timescaleFadeEnd       305b0320     <common>
 0003:0050f440       _cg_bobup                  305b0440     <common>
 0003:0050f560       _cg_drawAmmoWarning        305b0560     <common>
 0003:0050f680       _cg_noVoiceChats           305b0680     <common>
 0003:0050f7a0       _cg_paused                 305b07a0     <common>
 0003:0050f8c0       _cg_oldRocket              305b08c0     <common>
 0003:0050f9e0       _pmove_fixed               305b09e0     <common>
 0003:0050fb00       _cg_noVoiceText            305b0b00     <common>
 0003:0050fc20       _cg_draw3dIcons            305b0c20     <common>
 0003:0050fd40       _cg_thirdPersonAngle       305b0d40     <common>
 0003:0050fe60       _cg_drawFriend             305b0e60     <common>
 0003:0050ff80       _cg_drawGun                305b0f80     <common>
 0003:005100a0       _cg_stereoSeparation       305b10a0     <common>
 0003:005101c0       _cg_debugAnim              305b11c0     <common>
 0003:005102e0       _cg_runpitch               305b12e0     <common>
 0003:00510400       _cg_oldPlasma              305b1400     <common>
 0003:00510520       _cg                        305b1520     <common>
 0003:0052ed60       _cg_teamOverlayUserinfo    305cfd60     <common>
 0003:0052ee80       _cg_trueLightning          305cfe80     <common>
 0003:0052efa0       _cg_drawCrosshairNames     305cffa0     <common>
 0003:0052f0c0       _cg_railTrailTime          305d00c0     <common>
 0003:0052f1e0       _cg_tracerWidth            305d01e0     <common>
 0003:0052f300       _cg_items                  305d0300     <common>
 0003:00530b00       _cg_cameraOrbitDelay       305d1b00     <common>
 0003:00530c20       _cg_drawTimer              305d1c20     <common>
 0003:00530d40       _cg_noPlayerAnims          305d1d40     <common>
 0003:00530e60       _cg_weapons                305d1e60     <common>
 0003:005316e0       _cg_pmove_msec             305d26e0     <common>
 0003:00531800       _cg_debugPosition          305d2800     <common>
 0003:00531920       _cg_smoothClients          305d2920     <common>
 0003:00531a40       _cg_draw2D                 305d2a40     <common>
 0003:00531b60       _cg_bobpitch               305d2b60     <common>
 0003:00531c80       _cg_fov                    305d2c80     <common>
 0003:00531da0       _cg_buildScript            305d2da0     <common>
 0003:00531ec0       _cg_drawSnapshot           305d2ec0     <common>
 0003:00531fe0       _cg_centertime             305d2fe0     <common>
 0003:00532100       _cg_thirdPersonRange       305d3100     <common>
 0003:00532220       _cg_gibs                   305d3220     <common>
 0003:00532340       _cg_crosshairY             305d3340     <common>
 0003:00532460       _cg_drawIcons              305d3460     <common>
 0003:00532580       _cg_cameraOrbit            305d3580     <common>
 0003:005326a0       _cg_drawStatus             305d36a0     <common>
 0003:005327c0       _cg_hudFiles               305d37c0     <common>
 0003:005328e0       _cg_gun_frame              305d38e0     <common>
 0003:00532a00       _cg_ignore                 305d3a00     <common>
 0003:00532b20       _cg_runroll                305d3b20     <common>
 0003:00532c40       _cg_drawRewards            305d3c40     <common>
 0003:00532d60       _cg_bobroll                305d3d60     <common>
 0003:00532e80       _cg_nopredict              305d3e80     <common>
 0003:00532fa0       _cg_shadows                305d3fa0     <common>
 0003:005330c0       _cg_footsteps              305d40c0     <common>
 0003:005331e0       _cg_entities               305d41e0     <common>
 0003:005e91e0       _cg_brassTime              3068a1e0     <common>
 0003:005e9300       _cg_lagometer              3068a300     <common>
 0003:005e9420       _cg_activeLocalEntities    3068a420     <common>
 0003:005f0a54       _cg_freeLocalEntities      30691a54     <common>
 0003:005f0a60       _cg_localEntities          30691a60     <common>
 0003:00615260       _sortedTeamPlayers         306b6260     <common>
 0003:006154e0       _systemChat                306b64e0     <common>
 0003:006155e0       _lagometer                 306b65e0     <common>
 0003:00615be8       _numSortedTeamPlayers      306b6be8     <common>
 0003:00615c00       _teamChat1                 306b6c00     <common>
 0003:00615d00       _teamChat2                 306b6d00     <common>
 0003:00615e00       _pml                       306b6e00     <common>
 0003:00615eb0       _pm                        306b6eb0     <common>
 0003:00615eb4       ___alternate_form          306b6eb4     <common>
 0003:00615ec4       ___no_lead_zeros           306b6ec4     <common>
 0003:00615ec8       ___mbcodepage              306b6ec8     <common>
 0003:00615f40       ___mbulinfo                306b6f40     <common>
 0003:00615f4c       ___ismbcodepage            306b6f4c     <common>
 0003:00615f60       __mbcasemap                306b6f60     <common>
 0003:00616060       __mbctype                  306b7060     <common>
 0003:00616164       ___mblcid                  306b7164     <common>
 0003:00616168       ___sbh_sizeHeaderList      306b7168     <common>
 0003:00616178       ___sbh_indGroupDefer       306b7178     <common>
 0003:0061617c       ___sbh_pHeaderScan         306b717c     <common>
 0003:00616180       ___sbh_pHeaderDefer        306b7180     <common>
 0003:00616184       ___sbh_cntHeaderList       306b7184     <common>
 0003:00616188       ___sbh_pHeaderList         306b7188     <common>
 0003:0061618c       __crtheap                  306b718c     <common>
 0003:00616198       __pfnDumpClient            306b7198     <common>
 0003:006161c0       ___pioinfo                 306b71c0     <common>
 0003:006162fc       __nhandle                  306b72fc     <common>
 0003:00616300       ___setlc_active            306b7300     <common>
 0003:00616310       ___unguarded_readlc_active 306b7310     <common>
 0003:00616314       ___piob                    306b7314     <common>
 0003:00616660       __bufin                    306b7660     <common>
 0003:00617660       __nstream                  306b8660     <common>
 0003:00617664       ___env_initialized         306b8664     <common>
 0003:00617674       ___mbctype_initialized     306b8674     <common>
 0003:00617678       ___onexitend               306b8678     <common>
 0003:0061767c       ___onexitbegin             306b867c     <common>
 0003:00617680       __pfnReportHook            306b8680     <common>
 0003:0061768c       __acmdln                   306b868c     <common>
 0003:0061769c       __pRawDllMain              306b869c     <common>
 0004:00000000       __IMPORT_DESCRIPTOR_KERNEL32 306b9000     kernel32:KERNEL32.dll
 0004:00000014       __NULL_IMPORT_DESCRIPTOR   306b9014     kernel32:KERNEL32.dll
 0004:000001b4       __imp__GetModuleFileNameA@12 306b91b4     kernel32:KERNEL32.dll
 0004:000001b8       __imp__InterlockedDecrement@4 306b91b8     kernel32:KERNEL32.dll
 0004:000001bc       __imp__InterlockedIncrement@4 306b91bc     kernel32:KERNEL32.dll
 0004:000001c0       __imp__GetCommandLineA@0   306b91c0     kernel32:KERNEL32.dll
 0004:000001c4       __imp__GetVersion@0        306b91c4     kernel32:KERNEL32.dll
 0004:000001c8       __imp__GetProcAddress@8    306b91c8     kernel32:KERNEL32.dll
 0004:000001cc       __imp__GetModuleHandleA@4  306b91cc     kernel32:KERNEL32.dll
 0004:000001d0       __imp__RaiseException@16   306b91d0     kernel32:KERNEL32.dll
 0004:000001d4       __imp__GetCurrentThreadId@0 306b91d4     kernel32:KERNEL32.dll
 0004:000001d8       __imp__TlsSetValue@8       306b91d8     kernel32:KERNEL32.dll
 0004:000001dc       __imp__TlsAlloc@0          306b91dc     kernel32:KERNEL32.dll
 0004:000001e0       __imp__TlsFree@4           306b91e0     kernel32:KERNEL32.dll
 0004:000001e4       __imp__SetLastError@4      306b91e4     kernel32:KERNEL32.dll
 0004:000001e8       __imp__TlsGetValue@4       306b91e8     kernel32:KERNEL32.dll
 0004:000001ec       __imp__GetLastError@0      306b91ec     kernel32:KERNEL32.dll
 0004:000001f0       __imp__GetCurrentThread@0  306b91f0     kernel32:KERNEL32.dll
 0004:000001f4       __imp__DebugBreak@0        306b91f4     kernel32:KERNEL32.dll
 0004:000001f8       __imp__GetStdHandle@4      306b91f8     kernel32:KERNEL32.dll
 0004:000001fc       __imp__WriteFile@20        306b91fc     kernel32:KERNEL32.dll
 0004:00000200       __imp__OutputDebugStringA@4 306b9200     kernel32:KERNEL32.dll
 0004:00000204       __imp__LoadLibraryA@4      306b9204     kernel32:KERNEL32.dll
 0004:00000208       __imp__ExitProcess@4       306b9208     kernel32:KERNEL32.dll
 0004:0000020c       __imp__TerminateProcess@8  306b920c     kernel32:KERNEL32.dll
 0004:00000210       __imp__GetCurrentProcess@0 306b9210     kernel32:KERNEL32.dll
 0004:00000214       __imp__SetConsoleCtrlHandler@8 306b9214     kernel32:KERNEL32.dll
 0004:00000218       __imp__EnterCriticalSection@4 306b9218     kernel32:KERNEL32.dll
 0004:0000021c       __imp__LeaveCriticalSection@4 306b921c     kernel32:KERNEL32.dll
 0004:00000220       __imp__InitializeCriticalSection@4 306b9220     kernel32:KERNEL32.dll
 0004:00000224       __imp__DeleteCriticalSection@4 306b9224     kernel32:KERNEL32.dll
 0004:00000228       __imp__FatalAppExitA@8     306b9228     kernel32:KERNEL32.dll
 0004:0000022c       __imp__Sleep@4             306b922c     kernel32:KERNEL32.dll
 0004:00000230       __imp__WideCharToMultiByte@32 306b9230     kernel32:KERNEL32.dll
 0004:00000234       __imp__MultiByteToWideChar@24 306b9234     kernel32:KERNEL32.dll
 0004:00000238       __imp__LCMapStringA@24     306b9238     kernel32:KERNEL32.dll
 0004:0000023c       __imp__LCMapStringW@24     306b923c     kernel32:KERNEL32.dll
 0004:00000240       __imp__SetHandleCount@4    306b9240     kernel32:KERNEL32.dll
 0004:00000244       __imp__GetFileType@4       306b9244     kernel32:KERNEL32.dll
 0004:00000248       __imp__GetStartupInfoA@4   306b9248     kernel32:KERNEL32.dll
 0004:0000024c       __imp__IsBadWritePtr@8     306b924c     kernel32:KERNEL32.dll
 0004:00000250       __imp__IsBadReadPtr@8      306b9250     kernel32:KERNEL32.dll
 0004:00000254       __imp__HeapValidate@12     306b9254     kernel32:KERNEL32.dll
 0004:00000258       __imp__FreeEnvironmentStringsA@4 306b9258     kernel32:KERNEL32.dll
 0004:0000025c       __imp__FreeEnvironmentStringsW@4 306b925c     kernel32:KERNEL32.dll
 0004:00000260       __imp__GetEnvironmentStrings@0 306b9260     kernel32:KERNEL32.dll
 0004:00000264       __imp__GetEnvironmentStringsW@0 306b9264     kernel32:KERNEL32.dll
 0004:00000268       __imp__HeapDestroy@4       306b9268     kernel32:KERNEL32.dll
 0004:0000026c       __imp__HeapCreate@12       306b926c     kernel32:KERNEL32.dll
 0004:00000270       __imp__HeapFree@12         306b9270     kernel32:KERNEL32.dll
 0004:00000274       __imp__VirtualFree@12      306b9274     kernel32:KERNEL32.dll
 0004:00000278       __imp__GetStringTypeA@20   306b9278     kernel32:KERNEL32.dll
 0004:0000027c       __imp__GetStringTypeW@16   306b927c     kernel32:KERNEL32.dll
 0004:00000280       __imp__UnhandledExceptionFilter@4 306b9280     kernel32:KERNEL32.dll
 0004:00000284       __imp__SetFilePointer@16   306b9284     kernel32:KERNEL32.dll
 0004:00000288       __imp__FlushFileBuffers@4  306b9288     kernel32:KERNEL32.dll
 0004:0000028c       __imp__GetCPInfo@8         306b928c     kernel32:KERNEL32.dll
 0004:00000290       __imp__IsValidLocale@8     306b9290     kernel32:KERNEL32.dll
 0004:00000294       __imp__IsValidCodePage@4   306b9294     kernel32:KERNEL32.dll
 0004:00000298       __imp__GetLocaleInfoA@16   306b9298     kernel32:KERNEL32.dll
 0004:0000029c       __imp__EnumSystemLocalesA@8 306b929c     kernel32:KERNEL32.dll
 0004:000002a0       __imp__GetUserDefaultLCID@0 306b92a0     kernel32:KERNEL32.dll
 0004:000002a4       __imp__GetVersionExA@4     306b92a4     kernel32:KERNEL32.dll
 0004:000002a8       __imp__RtlUnwind@16        306b92a8     kernel32:KERNEL32.dll
 0004:000002ac       __imp__HeapAlloc@12        306b92ac     kernel32:KERNEL32.dll
 0004:000002b0       __imp__HeapReAlloc@16      306b92b0     kernel32:KERNEL32.dll
 0004:000002b4       __imp__VirtualAlloc@16     306b92b4     kernel32:KERNEL32.dll
 0004:000002b8       __imp__GetACP@0            306b92b8     kernel32:KERNEL32.dll
 0004:000002bc       __imp__GetOEMCP@0          306b92bc     kernel32:KERNEL32.dll
 0004:000002c0       __imp__SetStdHandle@8      306b92c0     kernel32:KERNEL32.dll
 0004:000002c4       __imp__CloseHandle@4       306b92c4     kernel32:KERNEL32.dll
 0004:000002c8       __imp__GetTimeZoneInformation@4 306b92c8     kernel32:KERNEL32.dll
 0004:000002cc       __imp__GetLocaleInfoW@16   306b92cc     kernel32:KERNEL32.dll
 0004:000002d0       __imp__CompareStringA@24   306b92d0     kernel32:KERNEL32.dll
 0004:000002d4       __imp__CompareStringW@24   306b92d4     kernel32:KERNEL32.dll
 0004:000002d8       __imp__SetEnvironmentVariableA@8 306b92d8     kernel32:KERNEL32.dll
 0004:000002dc       \177KERNEL32_NULL_THUNK_DATA 306b92dc     kernel32:KERNEL32.dll

 entry point at        0001:00049fa0

