 cgamex86

 Timestamp is 52585d12 (Fri Oct 11 16:18:26 2013)

 Preferred load address is 30000000

 Start         Length     Name                   Class
 0001:00000000 0006697aH .text                   CODE
 0001:0006697a 0002f306H .textbss                CODE
 0002:00000000 000096c7H .rdata                  DATA
 0002:000096d0 0000016aH .edata                  DATA
 0003:00000000 00000104H .CRT$XCA                DATA
 0003:00000104 00000104H .CRT$XCZ                DATA
 0003:00000208 00000104H .CRT$XIA                DATA
 0003:0000030c 00000109H .CRT$XIC                DATA
 0003:00000418 00000104H .CRT$XIZ                DATA
 0003:0000051c 00000104H .CRT$XPA                DATA
 0003:00000620 00000104H .CRT$XPX                DATA
 0003:00000724 00000104H .CRT$XPZ                DATA
 0003:00000828 00000104H .CRT$XTA                DATA
 0003:0000092c 00000104H .CRT$XTZ                DATA
 0003:00000a30 00005690H .data                   DATA
 0003:000060c0 006115e0H .bss                    DATA
 0004:00000000 00000014H .idata$2                DATA
 0004:00000014 00000014H .idata$3                DATA
 0004:00000028 0000018cH .idata$4                DATA
 0004:000001b4 0000018cH .idata$5                DATA
 0004:00000340 000006c8H .idata$6                DATA

  Address         Publics by Value              Rva+Base     Lib:Object

 0001:00001890       _BG_FindItemForPowerup     30002890 f   bg_misc.obj
 0001:00001930       _BG_FindItemForHoldable    30002930 f   bg_misc.obj
 0001:000019c0       _BG_FindItemForWeapon      300029c0 f   bg_misc.obj
 0001:00001a30       _BG_FindItem               30002a30 f   bg_misc.obj
 0001:00001a90       _BG_PlayerTouchesItem      30002a90 f   bg_misc.obj
 0001:00001b80       _BG_CanItemBeGrabbed       30002b80 f   bg_misc.obj
 0001:00001e40       _BG_EvaluateTrajectory     30002e40 f   bg_misc.obj
 0001:00002130       _BG_EvaluateTrajectoryDelta 30003130 f   bg_misc.obj
 0001:00002360       _BG_AddPredictableEventToPlayerstate 30003360 f   bg_misc.obj
 0001:00002440       _BG_TouchJumpPad           30003440 f   bg_misc.obj
 0001:00002560       _BG_PlayerStateToEntityState 30003560 f   bg_misc.obj
 0001:00002990       _BG_PlayerStateToEntityStateExtraPolate 30003990 f   bg_misc.obj
 0001:00002de0       _PM_AddEvent               30003de0 f   bg_pmove.obj
 0001:00002e10       _PM_AddTouchEnt            30003e10 f   bg_pmove.obj
 0001:00002ec0       _PM_ClipVelocity           30003ec0 f   bg_pmove.obj
 0001:00002f80       _PM_UpdateViewAngles       30003f80 f   bg_pmove.obj
 0001:000030c0       _PmoveSingle               300040c0 f   bg_pmove.obj
 0001:00007000       _Pmove                     30008000 f   bg_pmove.obj
 0001:00007130       _PM_SlideMove              30008130 f   bg_slidemove.obj
 0001:00007c10       _PM_StepSlideMove          30008c10 f   bg_slidemove.obj
 0001:00008150       _CG_TargetCommand_f        30009150 f   cg_consolecmds.obj
 0001:000086c0       _CG_ConsoleCommand         300096c0 f   cg_consolecmds.obj
 0001:00008740       _CG_InitConsoleCommands    30009740 f   cg_consolecmds.obj
 0001:00008950       _CG_Draw3DModel            30009950 f   cg_draw.obj
 0001:00008b00       _CG_DrawHead               30009b00 f   cg_draw.obj
 0001:00008ca0       _CG_DrawFlagModel          30009ca0 f   cg_draw.obj
 0001:00008e80       _CG_DrawTeamBackground     30009e80 f   cg_draw.obj
 0001:00008f40       _CG_AddLagometerFrameInfo  30009f40 f   cg_draw.obj
 0001:00008f90       _CG_AddLagometerSnapshotInfo 30009f90 f   cg_draw.obj
 0001:00009030       _CG_CenterPrint            3000a030 f   cg_draw.obj
 0001:000090e0       _CG_DrawActive             3000a0e0 f   cg_draw.obj
 0001:0000d520       _CG_AdjustFrom640          3000e520 f   cg_drawtools.obj
 0001:0000d590       _CG_FillRect               3000e590 f   cg_drawtools.obj
 0001:0000d610       _CG_DrawSides              3000e610 f   cg_drawtools.obj
 0001:0000d6c0       _CG_DrawTopBottom          3000e6c0 f   cg_drawtools.obj
 0001:0000d770       _CG_DrawRect               3000e770 f   cg_drawtools.obj
 0001:0000d7f0       _CG_DrawPic                3000e7f0 f   cg_drawtools.obj
 0001:0000d860       _CG_DrawChar               3000e860 f   cg_drawtools.obj
 0001:0000d960       _CG_DrawStringExt          3000e960 f   cg_drawtools.obj
 0001:0000dbc0       _CG_DrawBigString          3000ebc0 f   cg_drawtools.obj
 0001:0000dc20       _CG_DrawBigStringColor     3000ec20 f   cg_drawtools.obj
 0001:0000dc60       _CG_DrawSmallString        3000ec60 f   cg_drawtools.obj
 0001:0000dcc0       _CG_DrawSmallStringColor   3000ecc0 f   cg_drawtools.obj
 0001:0000dd00       _CG_DrawStrlen             3000ed00 f   cg_drawtools.obj
 0001:0000dd90       _CG_TileClear              3000ed90 f   cg_drawtools.obj
 0001:0000df90       _CG_FadeColor              3000ef90 f   cg_drawtools.obj
 0001:0000e050       _CG_TeamColor              3000f050 f   cg_drawtools.obj
 0001:0000e0b0       _CG_GetColorForHealth      3000f0b0 f   cg_drawtools.obj
 0001:0000e200       _CG_ColorForHealth         3000f200 f   cg_drawtools.obj
 0001:0000e250       _UI_DrawBannerString       3000f250 f   cg_drawtools.obj
 0001:0000e5a0       _UI_ProportionalStringWidth 3000f5a0 f   cg_drawtools.obj
 0001:0000e630       _UI_ProportionalSizeScale  3000f630 f   cg_drawtools.obj
 0001:0000e670       _UI_DrawProportionalString 3000f670 f   cg_drawtools.obj
 0001:0000eb40       _CG_BubbleTrail            3000fb40 f   cg_effects.obj
 0001:0000eeb0       _CG_SmokePuff              3000feb0 f   cg_effects.obj
 0001:0000f160       _CG_SpawnEffect            30010160 f   cg_effects.obj
 0001:0000f2c0       _CG_ScorePlum              300102c0 f   cg_effects.obj
 0001:0000f4b0       _CG_MakeExplosion          300104b0 f   cg_effects.obj
 0001:0000f740       _CG_Bleed                  30010740 f   cg_effects.obj
 0001:0000f860       _CG_LaunchGib              30010860 f   cg_effects.obj
 0001:0000f9f0       _CG_GibPlayer              300109f0 f   cg_effects.obj
 0001:000102d0       _CG_LaunchExplode          300112d0 f   cg_effects.obj
 0001:00010460       _CG_BigExplode             30011460 f   cg_effects.obj
 0001:000108e0       _CG_PositionEntityOnTag    300118e0 f   cg_ents.obj
 0001:00010a30       _CG_PositionRotatedEntityOnTag 30011a30 f   cg_ents.obj
 0001:00010b90       _CG_SetEntitySoundPosition 30011b90 f   cg_ents.obj
 0001:00010c50       _CG_Beam                   30011c50 f   cg_ents.obj
 0001:00010d30       _CG_AdjustPositionForMover 30011d30 f   cg_ents.obj
 0001:00010ed0       _CG_AddPacketEntities      30011ed0 f   cg_ents.obj
 0001:00012ac0       _CG_PlaceString            30013ac0 f   cg_event.obj
 0001:00012c60       _CG_PainEvent              30013c60 f   cg_event.obj
 0001:00012d30       _CG_EntityEvent            30013d30 f   cg_event.obj
 0001:00015150       _CG_CheckEvents            30016150 f   cg_event.obj
 0001:00015270       _CG_LoadingString          30016270 f   cg_info.obj
 0001:000152b0       _CG_LoadingItem            300162b0 f   cg_info.obj
 0001:00015340       _CG_LoadingClient          30016340 f   cg_info.obj
 0001:00015590       _CG_DrawInformation        30016590 f   cg_info.obj
 0001:00015c70       _CG_InitLocalEntities      30016c70 f   cg_localents.obj
 0001:00015d10       _CG_FreeLocalEntity        30016d10 f   cg_localents.obj
 0001:00015d80       _CG_AllocLocalEntity       30016d80 f   cg_localents.obj
 0001:00015e20       _CG_BloodTrail             30016e20 f   cg_localents.obj
 0001:00015f20       _CG_FragmentBounceMark     30016f20 f   cg_localents.obj
 0001:00016070       _CG_FragmentBounceSound    30017070 f   cg_localents.obj
 0001:00016120       _CG_ReflectVelocity        30017120 f   cg_localents.obj
 0001:00016300       _CG_AddFragment            30017300 f   cg_localents.obj
 0001:000165d0       _CG_AddFadeRGB             300175d0 f   cg_localents.obj
 0001:000166a0       _CG_AddScorePlum           300176a0 f   cg_localents.obj
 0001:00016c50       _CG_AddLocalEntities       30017c50 f   cg_localents.obj
 0001:000174a0       _vmMain                    300184a0 f   cg_main.obj
 0001:000175d0       _CG_RegisterCvars          300185d0 f   cg_main.obj
 0001:00017710       _CG_UpdateCvars            30018710 f   cg_main.obj
 0001:00017880       _CG_CrosshairPlayer        30018880 f   cg_main.obj
 0001:000178c0       _CG_LastAttacker           300188c0 f   cg_main.obj
 0001:00017900       _CG_Printf                 30018900 f   cg_main.obj
 0001:00017960       _CG_Error                  30018960 f   cg_main.obj
 0001:000179c0       _Com_Error                 300189c0 f   cg_main.obj
 0001:00017a20       _Com_Printf                30018a20 f   cg_main.obj
 0001:00017a80       _CG_Argv                   30018a80 f   cg_main.obj
 0001:00017ac0       _CG_BuildSpectatorString   30018ac0 f   cg_main.obj
 0001:00017ba0       _CG_ConfigString           30018ba0 f   cg_main.obj
 0001:00017bf0       _CG_StartMusic             30018bf0 f   cg_main.obj
 0001:00017c80       _CG_Init                   30018c80 f   cg_main.obj
 0001:000196f0       _CG_Shutdown               3001a6f0 f   cg_main.obj
 0001:00019710       _CG_EventHandling          3001a710 f   cg_main.obj
 0001:00019730       _CG_KeyEvent               3001a730 f   cg_main.obj
 0001:00019750       _CG_MouseEvent             3001a750 f   cg_main.obj
 0001:00019770       _CG_InitMarkPolys          3001a770 f   cg_marks.obj
 0001:00019810       _CG_FreeMarkPoly           3001a810 f   cg_marks.obj
 0001:00019880       _CG_AllocMark              3001a880 f   cg_marks.obj
 0001:00019950       _CG_ImpactMark             3001a950 f   cg_marks.obj
 0001:00019f70       _CG_AddMarks               3001af70 f   cg_marks.obj
 0001:0001a240       _CG_ClearParticles         3001b240 f   cg_marks.obj
 0001:0001a3c0       _CG_AddParticleToScene     3001b3c0 f   cg_marks.obj
 0001:0001cf30       _CG_AddParticles           3001df30 f   cg_marks.obj
 0001:0001d410       _CG_ParticleSnowFlurry     3001e410 f   cg_marks.obj
 0001:0001d780       _CG_ParticleSnow           3001e780 f   cg_marks.obj
 0001:0001da60       _CG_ParticleBubble         3001ea60 f   cg_marks.obj
 0001:0001ddb0       _CG_ParticleSmoke          3001edb0 f   cg_marks.obj
 0001:0001dff0       _CG_ParticleBulletDebris   3001eff0 f   cg_marks.obj
 0001:0001e1b0       _CG_ParticleExplosion      3001f1b0 f   cg_marks.obj
 0001:0001e410       _CG_AddParticleShrapnel    3001f410 f   cg_marks.obj
 0001:0001e430       _CG_NewParticleArea        3001f430 f   cg_marks.obj
 0001:0001e6c0       _CG_SnowLink               3001f6c0 f   cg_marks.obj
 0001:0001e760       _CG_ParticleImpactSmokePuff 3001f760 f   cg_marks.obj
 0001:0001e9a0       _CG_Particle_Bleed         3001f9a0 f   cg_marks.obj
 0001:0001ebb0       _CG_Particle_OilParticle   3001fbb0 f   cg_marks.obj
 0001:0001ede0       _CG_Particle_OilSlick      3001fde0 f   cg_marks.obj
 0001:0001f0c0       _CG_OilSlickRemove         300200c0 f   cg_marks.obj
 0001:0001f170       _ValidBloodPool            30020170 f   cg_marks.obj
 0001:0001f3d0       _CG_BloodPool              300203d0 f   cg_marks.obj
 0001:0001f620       _CG_ParticleBloodCloud     30020620 f   cg_marks.obj
 0001:0001f920       _CG_ParticleSparks         30020920 f   cg_marks.obj
 0001:0001fc80       _CG_ParticleDust           30020c80 f   cg_marks.obj
 0001:00020140       _CG_ParticleMisc           30021140 f   cg_marks.obj
 0001:000202b0       _CG_CustomSound            300212b0 f   cg_players.obj
 0001:000203a0       _CG_NewClientInfo          300213a0 f   cg_players.obj
 0001:00022dc0       _CG_LoadDeferredPlayers    30023dc0 f   cg_players.obj
 0001:00022e70       _CG_AddRefEntityWithPowerups 30023e70 f   cg_players.obj
 0001:00022fa0       _CG_LightVerts             30023fa0 f   cg_players.obj
 0001:00023170       _CG_Player                 30024170 f   cg_players.obj
 0001:00025400       _CG_ResetPlayerEntity      30026400 f   cg_players.obj
 0001:00025700       _CG_CheckAmmo              30026700 f   cg_playerstate.obj
 0001:00025850       _CG_DamageFeedback         30026850 f   cg_playerstate.obj
 0001:00025c30       _CG_Respawn                30026c30 f   cg_playerstate.obj
 0001:00025c80       _CG_CheckPlayerstateEvents 30026c80 f   cg_playerstate.obj
 0001:00025e30       _CG_CheckChangedPredictableEvents 30026e30 f   cg_playerstate.obj
 0001:00025f60       _CG_CheckLocalSounds       30026f60 f   cg_playerstate.obj
 0001:000264f0       _CG_TransitionPlayerState  300274f0 f   cg_playerstate.obj
 0001:00026670       _CG_BuildSolidList         30027670 f   cg_predict.obj
 0001:000267c0       _CG_Trace                  300277c0 f   cg_predict.obj
 0001:00026b20       _CG_PointContents          30027b20 f   cg_predict.obj
 0001:00026c10       _CG_PredictPlayerState     30027c10 f   cg_predict.obj
 0001:000279f0       _CG_DrawOldScoreboard      300289f0 f   cg_scoreboard.obj
 0001:00028a10       _CG_DrawOldTourneyScoreboard 30029a10 f   cg_scoreboard.obj
 0001:00028e60       _CG_ParseServerinfo        30029e60 f   cg_servercmds.obj
 0001:00029080       _CG_SetConfigValues        3002a080 f   cg_servercmds.obj
 0001:00029150       _CG_ShaderStateChanged     3002a150 f   cg_servercmds.obj
 0001:00029380       _CG_ParseVoiceChats        3002a380 f   cg_servercmds.obj
 0001:00029960       _CG_LoadVoiceChats         3002a960 f   cg_servercmds.obj
 0001:00029a70       _CG_HeadModelVoiceChats    3002aa70 f   cg_servercmds.obj
 0001:00029c00       _CG_GetVoiceChat           3002ac00 f   cg_servercmds.obj
 0001:00029d10       _CG_VoiceChatListForClient 3002ad10 f   cg_servercmds.obj
 0001:0002a1a0       _CG_PlayVoiceChat          3002b1a0 f   cg_servercmds.obj
 0001:0002a1c0       _CG_PlayBufferedVoiceChats 3002b1c0 f   cg_servercmds.obj
 0001:0002a1e0       _CG_AddBufferedVoiceChat   3002b1e0 f   cg_servercmds.obj
 0001:0002a200       _CG_VoiceChatLocal         3002b200 f   cg_servercmds.obj
 0001:0002a220       _CG_VoiceChat              3002b220 f   cg_servercmds.obj
 0001:0002a240       _CG_ExecuteNewServerCommands 3002b240 f   cg_servercmds.obj
 0001:0002b4d0       _CG_SetInitialSnapshot     3002c4d0 f   cg_snapshot.obj
 0001:0002b6f0       _CG_ProcessSnapshots       3002c6f0 f   cg_snapshot.obj
 0001:0002be50       _dllEntry                  3002ce50 f   cg_syscalls.obj
 0001:0002be70       _PASSFLOAT                 3002ce70 f   cg_syscalls.obj
 0001:0002be90       _trap_Print                3002ce90 f   cg_syscalls.obj
 0001:0002bec0       _trap_Error                3002cec0 f   cg_syscalls.obj
 0001:0002bef0       _trap_Milliseconds         3002cef0 f   cg_syscalls.obj
 0001:0002bf20       _trap_Cvar_Register        3002cf20 f   cg_syscalls.obj
 0001:0002bf60       _trap_Cvar_Update          3002cf60 f   cg_syscalls.obj
 0001:0002bf90       _trap_Cvar_Set             3002cf90 f   cg_syscalls.obj
 0001:0002bfc0       _trap_Cvar_VariableStringBuffer 3002cfc0 f   cg_syscalls.obj
 0001:0002bff0       _trap_Argc                 3002cff0 f   cg_syscalls.obj
 0001:0002c020       _trap_Argv                 3002d020 f   cg_syscalls.obj
 0001:0002c050       _trap_Args                 3002d050 f   cg_syscalls.obj
 0001:0002c080       _trap_FS_FOpenFile         3002d080 f   cg_syscalls.obj
 0001:0002c0b0       _trap_FS_Read              3002d0b0 f   cg_syscalls.obj
 0001:0002c0e0       _trap_FS_Write             3002d0e0 f   cg_syscalls.obj
 0001:0002c110       _trap_FS_FCloseFile        3002d110 f   cg_syscalls.obj
 0001:0002c140       _trap_FS_Seek              3002d140 f   cg_syscalls.obj
 0001:0002c170       _trap_SendConsoleCommand   3002d170 f   cg_syscalls.obj
 0001:0002c1a0       _trap_AddCommand           3002d1a0 f   cg_syscalls.obj
 0001:0002c1d0       _trap_RemoveCommand        3002d1d0 f   cg_syscalls.obj
 0001:0002c200       _trap_SendClientCommand    3002d200 f   cg_syscalls.obj
 0001:0002c230       _trap_UpdateScreen         3002d230 f   cg_syscalls.obj
 0001:0002c260       _trap_CM_LoadMap           3002d260 f   cg_syscalls.obj
 0001:0002c290       _trap_CM_NumInlineModels   3002d290 f   cg_syscalls.obj
 0001:0002c2c0       _trap_CM_InlineModel       3002d2c0 f   cg_syscalls.obj
 0001:0002c2f0       _trap_CM_TempBoxModel      3002d2f0 f   cg_syscalls.obj
 0001:0002c320       _trap_CM_TempCapsuleModel  3002d320 f   cg_syscalls.obj
 0001:0002c350       _trap_CM_PointContents     3002d350 f   cg_syscalls.obj
 0001:0002c380       _trap_CM_TransformedPointContents 3002d380 f   cg_syscalls.obj
 0001:0002c3c0       _trap_CM_BoxTrace          3002d3c0 f   cg_syscalls.obj
 0001:0002c410       _trap_CM_CapsuleTrace      3002d410 f   cg_syscalls.obj
 0001:0002c460       _trap_CM_TransformedBoxTrace 3002d460 f   cg_syscalls.obj
 0001:0002c4b0       _trap_CM_TransformedCapsuleTrace 3002d4b0 f   cg_syscalls.obj
 0001:0002c500       _trap_CM_MarkFragments     3002d500 f   cg_syscalls.obj
 0001:0002c550       _trap_S_StartSound         3002d550 f   cg_syscalls.obj
 0001:0002c590       _trap_S_StartLocalSound    3002d590 f   cg_syscalls.obj
 0001:0002c5c0       _trap_S_ClearLoopingSounds 3002d5c0 f   cg_syscalls.obj
 0001:0002c5f0       _trap_S_AddLoopingSound    3002d5f0 f   cg_syscalls.obj
 0001:0002c630       _trap_S_AddRealLoopingSound 3002d630 f   cg_syscalls.obj
 0001:0002c670       _trap_S_StopLoopingSound   3002d670 f   cg_syscalls.obj
 0001:0002c6a0       _trap_S_UpdateEntityPosition 3002d6a0 f   cg_syscalls.obj
 0001:0002c6d0       _trap_S_Respatialize       3002d6d0 f   cg_syscalls.obj
 0001:0002c710       _trap_S_RegisterSound      3002d710 f   cg_syscalls.obj
 0001:0002c740       _trap_S_StartBackgroundTrack 3002d740 f   cg_syscalls.obj
 0001:0002c770       _trap_R_LoadWorldMap       3002d770 f   cg_syscalls.obj
 0001:0002c7a0       _trap_R_RegisterModel      3002d7a0 f   cg_syscalls.obj
 0001:0002c7d0       _trap_R_RegisterSkin       3002d7d0 f   cg_syscalls.obj
 0001:0002c800       _trap_R_RegisterShader     3002d800 f   cg_syscalls.obj
 0001:0002c830       _trap_R_RegisterShaderNoMip 3002d830 f   cg_syscalls.obj
 0001:0002c860       _trap_R_RegisterFont       3002d860 f   cg_syscalls.obj
 0001:0002c890       _trap_R_ClearScene         3002d890 f   cg_syscalls.obj
 0001:0002c8c0       _trap_R_AddRefEntityToScene 3002d8c0 f   cg_syscalls.obj
 0001:0002c8f0       _trap_R_AddPolyToScene     3002d8f0 f   cg_syscalls.obj
 0001:0002c920       _trap_R_AddPolysToScene    3002d920 f   cg_syscalls.obj
 0001:0002c960       _trap_R_LightForPoint      3002d960 f   cg_syscalls.obj
 0001:0002c9a0       _trap_R_AddLightToScene    3002d9a0 f   cg_syscalls.obj
 0001:0002ca10       _trap_R_AddAdditiveLightToScene 3002da10 f   cg_syscalls.obj
 0001:0002ca80       _trap_R_RenderScene        3002da80 f   cg_syscalls.obj
 0001:0002cab0       _trap_R_SetColor           3002dab0 f   cg_syscalls.obj
 0001:0002cae0       _trap_R_DrawStretchPic     3002dae0 f   cg_syscalls.obj
 0001:0002cb90       _trap_R_ModelBounds        3002db90 f   cg_syscalls.obj
 0001:0002cbc0       _trap_R_LerpTag            3002dbc0 f   cg_syscalls.obj
 0001:0002cc10       _trap_R_RemapShader        3002dc10 f   cg_syscalls.obj
 0001:0002cc40       _trap_GetGlconfig          3002dc40 f   cg_syscalls.obj
 0001:0002cc70       _trap_GetGameState         3002dc70 f   cg_syscalls.obj
 0001:0002cca0       _trap_GetCurrentSnapshotNumber 3002dca0 f   cg_syscalls.obj
 0001:0002ccd0       _trap_GetSnapshot          3002dcd0 f   cg_syscalls.obj
 0001:0002cd00       _trap_GetServerCommand     3002dd00 f   cg_syscalls.obj
 0001:0002cd30       _trap_GetCurrentCmdNumber  3002dd30 f   cg_syscalls.obj
 0001:0002cd60       _trap_GetUserCmd           3002dd60 f   cg_syscalls.obj
 0001:0002cd90       _trap_SetUserCmdValue      3002dd90 f   cg_syscalls.obj
 0001:0002cdd0       _testPrintInt              3002ddd0 f   cg_syscalls.obj
 0001:0002ce00       _testPrintFloat            3002de00 f   cg_syscalls.obj
 0001:0002ce40       _trap_MemoryRemaining      3002de40 f   cg_syscalls.obj
 0001:0002ce70       _trap_Key_IsDown           3002de70 f   cg_syscalls.obj
 0001:0002cea0       _trap_Key_GetCatcher       3002dea0 f   cg_syscalls.obj
 0001:0002ced0       _trap_Key_SetCatcher       3002ded0 f   cg_syscalls.obj
 0001:0002cf00       _trap_Key_GetKey           3002df00 f   cg_syscalls.obj
 0001:0002cf30       _trap_PC_AddGlobalDefine   3002df30 f   cg_syscalls.obj
 0001:0002cf60       _trap_PC_LoadSource        3002df60 f   cg_syscalls.obj
 0001:0002cf90       _trap_PC_FreeSource        3002df90 f   cg_syscalls.obj
 0001:0002cfc0       _trap_PC_ReadToken         3002dfc0 f   cg_syscalls.obj
 0001:0002cff0       _trap_PC_SourceFileAndLine 3002dff0 f   cg_syscalls.obj
 0001:0002d020       _trap_S_StopBackgroundTrack 3002e020 f   cg_syscalls.obj
 0001:0002d050       _trap_RealTime             3002e050 f   cg_syscalls.obj
 0001:0002d080       _trap_SnapVector           3002e080 f   cg_syscalls.obj
 0001:0002d0b0       _trap_CIN_PlayCinematic    3002e0b0 f   cg_syscalls.obj
 0001:0002d0f0       _trap_CIN_StopCinematic    3002e0f0 f   cg_syscalls.obj
 0001:0002d120       _trap_CIN_RunCinematic     3002e120 f   cg_syscalls.obj
 0001:0002d150       _trap_CIN_DrawCinematic    3002e150 f   cg_syscalls.obj
 0001:0002d180       _trap_CIN_SetExtents       3002e180 f   cg_syscalls.obj
 0001:0002d1c0       _trap_GetEntityToken       3002e1c0 f   cg_syscalls.obj
 0001:0002d1f0       _trap_R_inPVS              3002e1f0 f   cg_syscalls.obj
 0001:0002d220       _CG_TestModel_f            3002e220 f   cg_view.obj
 0001:0002d3a0       _CG_TestGun_f              3002e3a0 f   cg_view.obj
 0001:0002d3e0       _CG_TestModelNextFrame_f   3002e3e0 f   cg_view.obj
 0001:0002d420       _CG_TestModelPrevFrame_f   3002e420 f   cg_view.obj
 0001:0002d480       _CG_TestModelNextSkin_f    3002e480 f   cg_view.obj
 0001:0002d4c0       _CG_TestModelPrevSkin_f    3002e4c0 f   cg_view.obj
 0001:0002d520       _CG_ZoomDown_f             3002e520 f   cg_view.obj
 0001:0002d560       _CG_ZoomUp_f               3002e560 f   cg_view.obj
 0001:0002d5a0       _CG_AddBufferedSound       3002e5a0 f   cg_view.obj
 0001:0002d610       _CG_DrawActiveFrame        3002e610 f   cg_view.obj
 0001:0002ef30       _CG_RailTrail              3002ff30 f   cg_weapons.obj
 0001:0002f840       _CG_GrappleTrail           30030840 f   cg_weapons.obj
 0001:0002fad0       _CG_RegisterWeapon         30030ad0 f   cg_weapons.obj
 0001:000315d0       _CG_RegisterItemVisuals    300325d0 f   cg_weapons.obj
 0001:00031720       _CG_AddPlayerWeapon        30032720 f   cg_weapons.obj
 0001:00032640       _CG_AddViewWeapon          30033640 f   cg_weapons.obj
 0001:00032d30       _CG_DrawWeaponSelect       30033d30 f   cg_weapons.obj
 0001:00032ff0       _CG_NextWeapon_f           30033ff0 f   cg_weapons.obj
 0001:00033130       _CG_PrevWeapon_f           30034130 f   cg_weapons.obj
 0001:00033210       _CG_Weapon_f               30034210 f   cg_weapons.obj
 0001:000332c0       _CG_OutOfAmmoChange        300342c0 f   cg_weapons.obj
 0001:00033330       _CG_FireWeapon             30034330 f   cg_weapons.obj
 0001:000334c0       _CG_MissileHitWall         300344c0 f   cg_weapons.obj
 0001:00033ab0       _CG_MissileHitPlayer       30034ab0 f   cg_weapons.obj
 0001:00033b10       _CG_ShotgunFire            30034b10 f   cg_weapons.obj
 0001:00034090       _CG_Tracer                 30035090 f   cg_weapons.obj
 0001:00034550       _CG_Bullet                 30035550 f   cg_weapons.obj
 0001:00034940       _Q_rand                    30035940 f   q_math.obj
 0001:00034980       _Q_random                  30035980 f   q_math.obj
 0001:000349c0       _Q_crandom                 300359c0 f   q_math.obj
 0001:000349f0       _ClampChar                 300359f0 f   q_math.obj
 0001:00034a20       _ClampShort                30035a20 f   q_math.obj
 0001:00034a60       _DirToByte                 30035a60 f   q_math.obj
 0001:00034b30       _ByteToDir                 30035b30 f   q_math.obj
 0001:00034bd0       _ColorBytes3               30035bd0 f   q_math.obj
 0001:00034c30       _ColorBytes4               30035c30 f   q_math.obj
 0001:00034ca0       _NormalizeColor            30035ca0 f   q_math.obj
 0001:00034d70       _PlaneFromPoints           30035d70 f   q_math.obj
 0001:00034f00       _RotatePointAroundVector   30035f00 f   q_math.obj
 0001:000351b0       _RotateAroundDirection     300361b0 f   q_math.obj
 0001:00035260       _vectoangles               30036260 f   q_math.obj
 0001:00035430       _AnglesToAxis              30036430 f   q_math.obj
 0001:000354a0       _AxisClear                 300364a0 f   q_math.obj
 0001:00035530       _AxisCopy                  30036530 f   q_math.obj
 0001:000355d0       _ProjectPointOnPlane       300365d0 f   q_math.obj
 0001:00035710       _MakeNormalVectors         30036710 f   q_math.obj
 0001:00035800       _VectorRotate              30036800 f   q_math.obj
 0001:000358c0       _Q_rsqrt                   300368c0 f   q_math.obj
 0001:00035930       _Q_fabs                    30036930 f   q_math.obj
 0001:00035960       _LerpAngle                 30036960 f   q_math.obj
 0001:000359e0       _AngleSubtract             300369e0 f   q_math.obj
 0001:00035a50       _AnglesSubtract            30036a50 f   q_math.obj
 0001:00035ad0       _AngleMod                  30036ad0 f   q_math.obj
 0001:00035b10       _AngleNormalize360         30036b10 f   q_math.obj
 0001:00035b50       _AngleNormalize180         30036b50 f   q_math.obj
 0001:00035ba0       _AngleDelta                30036ba0 f   q_math.obj
 0001:00035bd0       _SetPlaneSignbits          30036bd0 f   q_math.obj
 0001:00035c50       _BoxOnPlaneSide            30036c50 f   q_math.obj
 0001:00035f20       _RadiusFromBounds          30036f20 f   q_math.obj
 0001:00036040       _ClearBounds               30037040 f   q_math.obj
 0001:000360a0       _AddPointToBounds          300370a0 f   q_math.obj
 0001:000361a0       _VectorNormalize           300371a0 f   q_math.obj
 0001:00036260       _VectorNormalize2          30037260 f   q_math.obj
 0001:00036340       __VectorMA                 30037340 f   q_math.obj
 0001:000363a0       __DotProduct               300373a0 f   q_math.obj
 0001:000363f0       __VectorSubtract           300373f0 f   q_math.obj
 0001:00036450       __VectorAdd                30037450 f   q_math.obj
 0001:000364b0       __VectorCopy               300374b0 f   q_math.obj
 0001:000364f0       __VectorScale              300374f0 f   q_math.obj
 0001:00036540       _Vector4Scale              30037540 f   q_math.obj
 0001:000365a0       _Q_log2                    300375a0 f   q_math.obj
 0001:000365e0       _MatrixMultiply            300375e0 f   q_math.obj
 0001:000367f0       _AngleVectors              300377f0 f   q_math.obj
 0001:00036a50       _PerpendicularVector       30037a50 f   q_math.obj
 0001:00036b40       _Com_Clamp                 30037b40 f   q_shared.obj
 0001:00036b90       _COM_SkipPath              30037b90 f   q_shared.obj
 0001:00036bf0       _COM_StripExtension        30037bf0 f   q_shared.obj
 0001:00036c50       _COM_DefaultExtension      30037c50 f   q_shared.obj
 0001:00036d00       _ShortSwap                 30037d00 f   q_shared.obj
 0001:00036d60       _ShortNoSwap               30037d60 f   q_shared.obj
 0001:00036d80       _LongSwap                  30037d80 f   q_shared.obj
 0001:00036e20       _LongNoSwap                30037e20 f   q_shared.obj
 0001:00036e40       _Long64Swap                30037e40 f   q_shared.obj
 0001:00036ea0       _Long64NoSwap              30037ea0 f   q_shared.obj
 0001:00036ec0       _FloatSwap                 30037ec0 f   q_shared.obj
 0001:00036f00       _FloatNoSwap               30037f00 f   q_shared.obj
 0001:00036f20       _COM_BeginParseSession     30037f20 f   q_shared.obj
 0001:00036f70       _COM_GetCurrentParseLine   30037f70 f   q_shared.obj
 0001:00036f90       _COM_Parse                 30037f90 f   q_shared.obj
 0001:00036fc0       _COM_ParseError            30037fc0 f   q_shared.obj
 0001:00037030       _COM_ParseWarning          30038030 f   q_shared.obj
 0001:000370a0       _COM_Compress              300380a0 f   q_shared.obj
 0001:00037320       _COM_ParseExt              30038320 f   q_shared.obj
 0001:00037650       _COM_MatchToken            30038650 f   q_shared.obj
 0001:000376b0       _SkipBracedSection         300386b0 f   q_shared.obj
 0001:00037740       _SkipRestOfLine            30038740 f   q_shared.obj
 0001:000377b0       _Parse1DMatrix             300387b0 f   q_shared.obj
 0001:00037840       _Parse2DMatrix             30038840 f   q_shared.obj
 0001:000378d0       _Parse3DMatrix             300388d0 f   q_shared.obj
 0001:00037970       _Q_isprint                 30038970 f   q_shared.obj
 0001:000379a0       _Q_islower                 300389a0 f   q_shared.obj
 0001:000379d0       _Q_isupper                 300389d0 f   q_shared.obj
 0001:00037a00       _Q_isalpha                 30038a00 f   q_shared.obj
 0001:00037a40       _Q_strrchr                 30038a40 f   q_shared.obj
 0001:00037ac0       _Q_strncpyz                30038ac0 f   q_shared.obj
 0001:00037b50       _Q_stricmpn                30038b50 f   q_shared.obj
 0001:00037c60       _Q_strncmp                 30038c60 f   q_shared.obj
 0001:00037cf0       _Q_stricmp                 30038cf0 f   q_shared.obj
 0001:00037d40       _Q_strlwr                  30038d40 f   q_shared.obj
 0001:00037da0       _Q_strupr                  30038da0 f   q_shared.obj
 0001:00037e00       _Q_strcat                  30038e00 f   q_shared.obj
 0001:00037e70       _Q_PrintStrlen             30038e70 f   q_shared.obj
 0001:00037f10       _Q_CleanStr                30038f10 f   q_shared.obj
 0001:00037fd0       _Com_sprintf               30038fd0 f   q_shared.obj
 0001:00038080       _va                        30039080 f   q_shared.obj
 0001:000380f0       _Info_ValueForKey          300390f0 f   q_shared.obj
 0001:000382d0       _Info_NextPair             300392d0 f   q_shared.obj
 0001:000383e0       _Info_RemoveKey            300393e0 f   q_shared.obj
 0001:000385b0       _Info_RemoveKey_Big        300395b0 f   q_shared.obj
 0001:00038780       _Info_Validate             30039780 f   q_shared.obj
 0001:000387e0       _Info_SetValueForKey       300397e0 f   q_shared.obj
 0001:000389c0       _Info_SetValueForKey_Big   300399c0 f   q_shared.obj
 0001:00038b90       _UI_Alloc                  30039b90 f   ui_shared.obj
 0001:00038c30       _UI_InitMemory             30039c30 f   ui_shared.obj
 0001:00038c60       _UI_OutOfMemory            30039c60 f   ui_shared.obj
 0001:00038c80       _String_Alloc              30039c80 f   ui_shared.obj
 0001:00038ec0       _String_Report             30039ec0 f   ui_shared.obj
 0001:00038f90       _String_Init               30039f90 f   ui_shared.obj
 0001:00039050       _PC_SourceWarning          3003a050 f   ui_shared.obj
 0001:000390f0       _PC_SourceError            3003a0f0 f   ui_shared.obj
 0001:00039190       _LerpColor                 3003a190 f   ui_shared.obj
 0001:00039250       _Float_Parse               3003a250 f   ui_shared.obj
 0001:000392b0       _PC_Float_Parse            3003a2b0 f   ui_shared.obj
 0001:000393a0       _Color_Parse               3003a3a0 f   ui_shared.obj
 0001:00039410       _PC_Color_Parse            3003a410 f   ui_shared.obj
 0001:00039480       _Int_Parse                 3003a480 f   ui_shared.obj
 0001:000394e0       _PC_Int_Parse              3003a4e0 f   ui_shared.obj
 0001:000395c0       _Rect_Parse                3003a5c0 f   ui_shared.obj
 0001:00039650       _PC_Rect_Parse             3003a650 f   ui_shared.obj
 0001:000396e0       _String_Parse              3003a6e0 f   ui_shared.obj
 0001:00039740       _PC_String_Parse           3003a740 f   ui_shared.obj
 0001:000397a0       _PC_Script_Parse           3003a7a0 f   ui_shared.obj
 0001:00039930       _Init_Display              3003a930 f   ui_shared.obj
 0001:00039950       _GradientBar_Paint         3003a950 f   ui_shared.obj
 0001:000399d0       _Window_Init               3003a9d0 f   ui_shared.obj
 0001:00039a50       _Fade                      3003aa50 f   ui_shared.obj
 0001:00039b50       _Window_Paint              3003ab50 f   ui_shared.obj
 0001:0003a180       _Item_SetScreenCoords      3003b180 f   ui_shared.obj
 0001:0003a230       _Item_UpdatePosition       3003b230 f   ui_shared.obj
 0001:0003a2d0       _Menu_UpdatePosition       3003b2d0 f   ui_shared.obj
 0001:0003a380       _Menu_PostParse            3003b380 f   ui_shared.obj
 0001:0003a3f0       _Menu_ClearFocus           3003b3f0 f   ui_shared.obj
 0001:0003a500       _IsVisible                 3003b500 f   ui_shared.obj
 0001:0003a550       _Rect_ContainsPoint        3003b550 f   ui_shared.obj
 0001:0003a5e0       _Menu_ItemsMatchingGroup   3003b5e0 f   ui_shared.obj
 0001:0003a6a0       _Menu_GetMatchingItemByNumber 3003b6a0 f   ui_shared.obj
 0001:0003a780       _Script_SetColor           3003b780 f   ui_shared.obj
 0001:0003a8c0       _Script_SetAsset           3003b8c0 f   ui_shared.obj
 0001:0003a8f0       _Script_SetBackground      3003b8f0 f   ui_shared.obj
 0001:0003a940       _Menu_FindItemByName       3003b940 f   ui_shared.obj
 0001:0003a9e0       _Script_SetTeamColor       3003b9e0 f   ui_shared.obj
 0001:0003aa50       _Script_SetItemColor       3003ba50 f   ui_shared.obj
 0001:0003ac10       _Menu_ShowItemByName       3003bc10 f   ui_shared.obj
 0001:0003acf0       _Menu_FadeItemByName       3003bcf0 f   ui_shared.obj
 0001:0003adc0       _Menus_FindByName          3003bdc0 f   ui_shared.obj
 0001:0003ae40       _Menus_ShowByName          3003be40 f   ui_shared.obj
 0001:0003ae80       _Menus_OpenByName          3003be80 f   ui_shared.obj
 0001:0003aeb0       _Menus_CloseByName         3003beb0 f   ui_shared.obj
 0001:0003af70       _Menus_CloseAll            3003bf70 f   ui_shared.obj
 0001:0003b000       _Script_Show               3003c000 f   ui_shared.obj
 0001:0003b050       _Script_Hide               3003c050 f   ui_shared.obj
 0001:0003b0a0       _Script_FadeIn             3003c0a0 f   ui_shared.obj
 0001:0003b0f0       _Script_FadeOut            3003c0f0 f   ui_shared.obj
 0001:0003b140       _Script_Open               3003c140 f   ui_shared.obj
 0001:0003b180       _Script_ConditionalOpen    3003c180 f   ui_shared.obj
 0001:0003b230       _Script_Close              3003c230 f   ui_shared.obj
 0001:0003b270       _Menu_TransitionItemByName 3003c270 f   ui_shared.obj
 0001:0003b410       _Script_Transition         3003c410 f   ui_shared.obj
 0001:0003b520       _Menu_OrbitItemByName      3003c520 f   ui_shared.obj
 0001:0003b5f0       _Script_Orbit              3003c5f0 f   ui_shared.obj
 0001:0003b6e0       _Script_SetFocus           3003c6e0 f   ui_shared.obj
 0001:0003b7f0       _Script_SetPlayerModel     3003c7f0 f   ui_shared.obj
 0001:0003b840       _Script_SetPlayerHead      3003c840 f   ui_shared.obj
 0001:0003b890       _Script_SetCvar            3003c890 f   ui_shared.obj
 0001:0003b8f0       _Script_Exec               3003c8f0 f   ui_shared.obj
 0001:0003b950       _Script_Play               3003c950 f   ui_shared.obj
 0001:0003b9b0       _Script_playLooped         3003c9b0 f   ui_shared.obj
 0001:0003ba10       _Item_RunScript            3003ca10 f   ui_shared.obj
 0001:0003bbc0       _Item_EnableShowViaCvar    3003cbc0 f   ui_shared.obj
 0001:0003bdc0       _Item_SetFocus             3003cdc0 f   ui_shared.obj
 0001:0003c090       _Item_ListBox_MaxScroll    3003d090 f   ui_shared.obj
 0001:0003c150       _Item_ListBox_ThumbPosition 3003d150 f   ui_shared.obj
 0001:0003c2a0       _Item_ListBox_ThumbDrawPosition 3003d2a0 f   ui_shared.obj
 0001:0003c480       _Item_Slider_ThumbPosition 3003d480 f   ui_shared.obj
 0001:0003c5a0       _Item_Slider_OverSlider    3003d5a0 f   ui_shared.obj
 0001:0003c620       _Item_ListBox_OverLB       3003d620 f   ui_shared.obj
 0001:0003c980       _Item_ListBox_MouseEnter   3003d980 f   ui_shared.obj
 0001:0003cb80       _Item_MouseEnter           3003db80 f   ui_shared.obj
 0001:0003cd80       _Item_MouseLeave           3003dd80 f   ui_shared.obj
 0001:0003ce10       _Menu_HitTest              3003de10 f   ui_shared.obj
 0001:0003ce90       _Item_SetMouseOver         3003de90 f   ui_shared.obj
 0001:0003cee0       _Item_OwnerDraw_HandleKey  3003dee0 f   ui_shared.obj
 0001:0003cf40       _Item_ListBox_HandleKey    3003df40 f   ui_shared.obj
 0001:0003d920       _Item_YesNo_HandleKey      3003e920 f   ui_shared.obj
 0001:0003da50       _Item_Multi_CountSettings  3003ea50 f   ui_shared.obj
 0001:0003da90       _Item_Multi_FindCvarByValue 3003ea90 f   ui_shared.obj
 0001:0003dc00       _Item_Multi_Setting        3003ec00 f   ui_shared.obj
 0001:0003dd90       _Item_Multi_HandleKey      3003ed90 f   ui_shared.obj
 0001:0003df90       _Item_TextField_HandleKey  3003ef90 f   ui_shared.obj
 0001:0003e760       _Item_StartCapture         3003f760 f   ui_shared.obj
 0001:0003ef30       _Item_StopCapture          3003ff30 f   ui_shared.obj
 0001:0003ef50       _Item_Slider_HandleKey     3003ff50 f   ui_shared.obj
 0001:0003f180       _Item_HandleKey            30040180 f   ui_shared.obj
 0001:0003f360       _Item_Action               30040360 f   ui_shared.obj
 0001:0003f3a0       _Menu_SetPrevCursorItem    300403a0 f   ui_shared.obj
 0001:0003f550       _Menu_SetNextCursorItem    30040550 f   ui_shared.obj
 0001:0003f700       _Menus_Activate            30040700 f   ui_shared.obj
 0001:0003f940       _Display_VisibleMenuCount  30040940 f   ui_shared.obj
 0001:0003f9b0       _Menus_HandleOOBClick      300409b0 f   ui_shared.obj
 0001:0003fb70       _Menu_HandleKey            30040b70 f   ui_shared.obj
 0001:00040330       _ToWindowCoords            30041330 f   ui_shared.obj
 0001:000403a0       _Rect_ToWindowCoords       300413a0 f   ui_shared.obj
 0001:000403d0       _Item_SetTextExtents       300413d0 f   ui_shared.obj
 0001:000406e0       _Item_TextColor            300416e0 f   ui_shared.obj
 0001:000409d0       _Item_Text_AutoWrapped_Paint 300419d0 f   ui_shared.obj
 0001:00040e40       _Item_Text_Wrapped_Paint   30041e40 f   ui_shared.obj
 0001:00041100       _Item_Text_Paint           30042100 f   ui_shared.obj
 0001:00041290       _Item_TextField_Paint      30042290 f   ui_shared.obj
 0001:00041620       _Item_YesNo_Paint          30042620 f   ui_shared.obj
 0001:000418b0       _Item_Multi_Paint          300428b0 f   ui_shared.obj
 0001:00041ac0       _Controls_GetConfig        30042ac0 f   ui_shared.obj
 0001:00041c20       _Controls_SetConfig        30042c20 f   ui_shared.obj
 0001:00041d10       _Controls_SetDefaults      30042d10 f   ui_shared.obj
 0001:00041d90       _BindingIDFromName         30042d90 f   ui_shared.obj
 0001:00041e00       _BindingFromName           30042e00 f   ui_shared.obj
 0001:00041f50       _Item_Slider_Paint         30042f50 f   ui_shared.obj
 0001:000421b0       _Item_Bind_Paint           300431b0 f   ui_shared.obj
 0001:00042490       _Display_KeyBindPending    30043490 f   ui_shared.obj
 0001:000424b0       _Item_Bind_HandleKey       300434b0 f   ui_shared.obj
 0001:000428d0       _AdjustFrom640             300438d0 f   ui_shared.obj
 0001:00042960       _Item_Model_Paint          30043960 f   ui_shared.obj
 0001:00042da0       _Item_Image_Paint          30043da0 f   ui_shared.obj
 0001:00042e30       _Item_ListBox_Paint        30043e30 f   ui_shared.obj
 0001:000438f0       _Item_OwnerDraw_Paint      300448f0 f   ui_shared.obj
 0001:00043ee0       _Item_Paint                30044ee0 f   ui_shared.obj
 0001:000446b0       _Menu_Init                 300456b0 f   ui_shared.obj
 0001:00044750       _Menu_GetFocusedItem       30045750 f   ui_shared.obj
 0001:000447d0       _Menu_GetFocused           300457d0 f   ui_shared.obj
 0001:00044860       _Menu_ScrollFeeder         30045860 f   ui_shared.obj
 0001:00044900       _Menu_SetFeederSelection   30045900 f   ui_shared.obj
 0001:00044a50       _Menus_AnyFullScreenVisible 30045a50 f   ui_shared.obj
 0001:00044ad0       _Menus_ActivateByName      30045ad0 f   ui_shared.obj
 0001:00044be0       _Item_Init                 30045be0 f   ui_shared.obj
 0001:00044c30       _Menu_HandleMouseMove      30045c30 f   ui_shared.obj
 0001:00044f00       _Menu_Paint                30045f00 f   ui_shared.obj
 0001:000450c0       _Item_ValidateTypeData     300460c0 f   ui_shared.obj
 0001:00045260       _KeywordHash_Key           30046260 f   ui_shared.obj
 0001:00045340       _KeywordHash_Add           30046340 f   ui_shared.obj
 0001:00045390       _KeywordHash_Find          30046390 f   ui_shared.obj
 0001:00045410       _ItemParse_name            30046410 f   ui_shared.obj
 0001:00045450       _ItemParse_focusSound      30046450 f   ui_shared.obj
 0001:000454b0       _ItemParse_text            300464b0 f   ui_shared.obj
 0001:000454f0       _ItemParse_group           300464f0 f   ui_shared.obj
 0001:00045530       _ItemParse_asset_model     30046530 f   ui_shared.obj
 0001:000455c0       _ItemParse_asset_shader    300465c0 f   ui_shared.obj
 0001:00045620       _ItemParse_model_origin    30046620 f   ui_shared.obj
 0001:000456c0       _ItemParse_model_fovx      300466c0 f   ui_shared.obj
 0001:00045720       _ItemParse_model_fovy      30046720 f   ui_shared.obj
 0001:00045780       _ItemParse_model_rotation  30046780 f   ui_shared.obj
 0001:000457e0       _ItemParse_model_angle     300467e0 f   ui_shared.obj
 0001:00045840       _ItemParse_rect            30046840 f   ui_shared.obj
 0001:00045880       _ItemParse_style           30046880 f   ui_shared.obj
 0001:000458c0       _ItemParse_decoration      300468c0 f   ui_shared.obj
 0001:000458f0       _ItemParse_notselectable   300468f0 f   ui_shared.obj
 0001:00045950       _ItemParse_wrapped         30046950 f   ui_shared.obj
 0001:00045980       _ItemParse_autowrapped     30046980 f   ui_shared.obj
 0001:000459b0       _ItemParse_horizontalscroll 300469b0 f   ui_shared.obj
 0001:000459e0       _ItemParse_type            300469e0 f   ui_shared.obj
 0001:00045a30       _ItemParse_elementwidth    30046a30 f   ui_shared.obj
 0001:00045a90       _ItemParse_elementheight   30046a90 f   ui_shared.obj
 0001:00045af0       _ItemParse_feeder          30046af0 f   ui_shared.obj
 0001:00045b30       _ItemParse_elementtype     30046b30 f   ui_shared.obj
 0001:00045ba0       _ItemParse_columns         30046ba0 f   ui_shared.obj
 0001:00045cf0       _ItemParse_border          30046cf0 f   ui_shared.obj
 0001:00045d30       _ItemParse_bordersize      30046d30 f   ui_shared.obj
 0001:00045d70       _ItemParse_visible         30046d70 f   ui_shared.obj
 0001:00045dd0       _ItemParse_ownerdraw       30046dd0 f   ui_shared.obj
 0001:00045e20       _ItemParse_align           30046e20 f   ui_shared.obj
 0001:00045e60       _ItemParse_textalign       30046e60 f   ui_shared.obj
 0001:00045ea0       _ItemParse_textalignx      30046ea0 f   ui_shared.obj
 0001:00045ee0       _ItemParse_textaligny      30046ee0 f   ui_shared.obj
 0001:00045f20       _ItemParse_textscale       30046f20 f   ui_shared.obj
 0001:00045f60       _ItemParse_textstyle       30046f60 f   ui_shared.obj
 0001:00045fa0       _ItemParse_backcolor       30046fa0 f   ui_shared.obj
 0001:00046010       _ItemParse_forecolor       30047010 f   ui_shared.obj
 0001:00046090       _ItemParse_bordercolor     30047090 f   ui_shared.obj
 0001:00046100       _ItemParse_outlinecolor    30047100 f   ui_shared.obj
 0001:00046140       _ItemParse_background      30047140 f   ui_shared.obj
 0001:000461a0       _ItemParse_cinematic       300471a0 f   ui_shared.obj
 0001:000461e0       _ItemParse_doubleClick     300471e0 f   ui_shared.obj
 0001:00046260       _ItemParse_onFocus         30047260 f   ui_shared.obj
 0001:000462a0       _ItemParse_leaveFocus      300472a0 f   ui_shared.obj
 0001:000462e0       _ItemParse_mouseEnter      300472e0 f   ui_shared.obj
 0001:00046320       _ItemParse_mouseExit       30047320 f   ui_shared.obj
 0001:00046360       _ItemParse_mouseEnterText  30047360 f   ui_shared.obj
 0001:000463a0       _ItemParse_mouseExitText   300473a0 f   ui_shared.obj
 0001:000463e0       _ItemParse_action          300473e0 f   ui_shared.obj
 0001:00046420       _ItemParse_special         30047420 f   ui_shared.obj
 0001:00046460       _ItemParse_cvarTest        30047460 f   ui_shared.obj
 0001:000464a0       _ItemParse_cvar            300474a0 f   ui_shared.obj
 0001:00046540       _ItemParse_maxChars        30047540 f   ui_shared.obj
 0001:000465c0       _ItemParse_maxPaintChars   300475c0 f   ui_shared.obj
 0001:00046640       _ItemParse_cvarFloat       30047640 f   ui_shared.obj
 0001:00046710       _ItemParse_cvarStrList     30047710 f   ui_shared.obj
 0001:00046930       _ItemParse_cvarFloatList   30047930 f   ui_shared.obj
 0001:00046b20       _ItemParse_addColorRange   30047b20 f   ui_shared.obj
 0001:00046bf0       _ItemParse_ownerdrawFlag   30047bf0 f   ui_shared.obj
 0001:00046c40       _ItemParse_enableCvar      30047c40 f   ui_shared.obj
 0001:00046c90       _ItemParse_disableCvar     30047c90 f   ui_shared.obj
 0001:00046ce0       _ItemParse_showCvar        30047ce0 f   ui_shared.obj
 0001:00046d30       _ItemParse_hideCvar        30047d30 f   ui_shared.obj
 0001:00046d80       _Item_SetupKeywordHash     30047d80 f   ui_shared.obj
 0001:00046e00       _Item_Parse                30047e00 f   ui_shared.obj
 0001:00046f60       _Item_InitControls         30047f60 f   ui_shared.obj
 0001:00046ff0       _MenuParse_font            30047ff0 f   ui_shared.obj
 0001:00047090       _MenuParse_name            30048090 f   ui_shared.obj
 0001:000470f0       _MenuParse_fullscreen      300480f0 f   ui_shared.obj
 0001:00047140       _MenuParse_rect            30048140 f   ui_shared.obj
 0001:00047180       _MenuParse_style           30048180 f   ui_shared.obj
 0001:000471d0       _MenuParse_visible         300481d0 f   ui_shared.obj
 0001:00047230       _MenuParse_onOpen          30048230 f   ui_shared.obj
 0001:00047280       _MenuParse_onClose         30048280 f   ui_shared.obj
 0001:000472d0       _MenuParse_onESC           300482d0 f   ui_shared.obj
 0001:00047320       _MenuParse_border          30048320 f   ui_shared.obj
 0001:00047370       _MenuParse_borderSize      30048370 f   ui_shared.obj
 0001:000473c0       _MenuParse_backcolor       300483c0 f   ui_shared.obj
 0001:00047440       _MenuParse_forecolor       30048440 f   ui_shared.obj
 0001:000474d0       _MenuParse_bordercolor     300484d0 f   ui_shared.obj
 0001:00047550       _MenuParse_focuscolor      30048550 f   ui_shared.obj
 0001:000475d0       _MenuParse_disablecolor    300485d0 f   ui_shared.obj
 0001:00047650       _MenuParse_outlinecolor    30048650 f   ui_shared.obj
 0001:000476a0       _MenuParse_background      300486a0 f   ui_shared.obj
 0001:00047700       _MenuParse_cinematic       30048700 f   ui_shared.obj
 0001:00047750       _MenuParse_ownerdrawFlag   30048750 f   ui_shared.obj
 0001:000477b0       _MenuParse_ownerdraw       300487b0 f   ui_shared.obj
 0001:00047800       _MenuParse_popup           30048800 f   ui_shared.obj
 0001:00047840       _MenuParse_outOfBounds     30048840 f   ui_shared.obj
 0001:00047880       _MenuParse_soundLoop       30048880 f   ui_shared.obj
 0001:000478d0       _MenuParse_fadeClamp       300488d0 f   ui_shared.obj
 0001:00047920       _MenuParse_fadeAmount      30048920 f   ui_shared.obj
 0001:00047970       _MenuParse_fadeCycle       30048970 f   ui_shared.obj
 0001:000479c0       _MenuParse_itemDef         300489c0 f   ui_shared.obj
 0001:00047ae0       _Menu_SetupKeywordHash     30048ae0 f   ui_shared.obj
 0001:00047b60       _Menu_Parse                30048b60 f   ui_shared.obj
 0001:00047cd0       _Menu_New                  30048cd0 f   ui_shared.obj
 0001:00047d50       _Menu_Count                30048d50 f   ui_shared.obj
 0001:00047d70       _Menu_PaintAll             30048d70 f   ui_shared.obj
 0001:00047e70       _Menu_Reset                30048e70 f   ui_shared.obj
 0001:00047e90       _Display_GetContext        30048e90 f   ui_shared.obj
 0001:00047eb0       _Display_CaptureItem       30048eb0 f   ui_shared.obj
 0001:00047f40       _Display_MouseMove         30048f40 f   ui_shared.obj
 0001:00048050       _Display_CursorType        30049050 f   ui_shared.obj
 0001:00048110       _Display_HandleKey         30049110 f   ui_shared.obj
 0001:00048170       _Display_CacheAll          30049170 f   ui_shared.obj
 0001:000484b0       __fpmath                   300494b0 f   LIBCMTD:fpinit.obj
 0001:000484e0       __fpclear                  300494e0 f   LIBCMTD:fpinit.obj
 0001:000484f0       __cfltcvt_init             300494f0 f   LIBCMTD:fpinit.obj
 0001:00048540       ___setfflag                30049540 f   LIBCMTD:fpinit.obj
 0001:00048560       __CIsin                    30049560 f   LIBCMTD:sin.obj
 0001:00048574       _sin                       30049574 f   LIBCMTD:sin.obj
 0001:00048610       __CIcos                    30049610 f   LIBCMTD:cos.obj
 0001:00048624       _cos                       30049624 f   LIBCMTD:cos.obj
 0001:000486c0       _atof                      300496c0 f   LIBCMTD:atof.obj
 0001:00048740       _fabs                      30049740 f   LIBCMTD:fabs.obj
 0001:00048834       __ftol                     30049834 f   LIBCMTD:ftol.obj
 0001:00048860       _memset                    30049860 f   LIBCMTD:memset.obj
 0001:000488c0       _abs                       300498c0 f   LIBCMTD:abs.obj
 0001:000488f0       __CIsqrt                   300498f0 f   LIBCMTD:sqrt.obj
 0001:00048904       _sqrt                      30049904 f   LIBCMTD:sqrt.obj
 0001:000489b0       _atol                      300499b0 f   LIBCMTD:atox.obj
 0001:00048ab0       _atoi                      30049ab0 f   LIBCMTD:atox.obj
 0001:00048ad0       __atoi64                   30049ad0 f   LIBCMTD:atox.obj
 0001:00048c00       _strlen                    30049c00 f   LIBCMTD:strlen.obj
 0001:00048c80       _srand                     30049c80 f   LIBCMTD:rand.obj
 0001:00048c90       _rand                      30049c90 f   LIBCMTD:rand.obj
 0001:00048cd0       _memcpy                    30049cd0 f   LIBCMTD:memcpy.obj
 0001:00049010       _strcpy                    3004a010 f   LIBCMTD:strcat.obj
 0001:00049020       _strcat                    3004a020 f   LIBCMTD:strcat.obj
 0001:00049100       _vsprintf                  3004a100 f   LIBCMTD:vsprintf.obj
 0001:00049200       _strcmp                    3004a200 f   LIBCMTD:strcmp.obj
 0001:00049290       __alloca_probe             3004a290 f   LIBCMTD:chkstk.obj
 0001:00049290       __chkstk                   3004a290 f   LIBCMTD:chkstk.obj
 0001:000492c0       _floor                     3004a2c0 f   LIBCMTD:floor.obj
 0001:00049410       _strchr                    3004a410 f   LIBCMTD:strchr.obj
 0001:00049416       ___from_strstr_to_strchr   3004a416 f   LIBCMTD:strchr.obj
 0001:000494d0       __CIacos                   3004a4d0 f   LIBCMTD:acos.obj
 0001:000494e4       _acos                      3004a4e4 f   LIBCMTD:acos.obj
 0001:000495a0       _strncpy                   3004a5a0 f   LIBCMTD:strncpy.obj
 0001:000496a0       _strstr                    3004a6a0 f   LIBCMTD:strstr.obj
 0001:00049720       _atan2                     3004a720 f   LIBCMTD:87ctriga.obj
 0001:0004972a       __CIatan2                  3004a72a f   LIBCMTD:87ctriga.obj
 0001:00049740       __CItan                    3004a740 f   LIBCMTD:tan.obj
 0001:00049754       _tan                       3004a754 f   LIBCMTD:tan.obj
 0001:00049800       __assert                   3004a800 f   LIBCMTD:assert.obj
 0001:00049b80       __tolower                  3004ab80 f   LIBCMTD:tolower.obj
 0001:00049b90       _tolower                   3004ab90 f   LIBCMTD:tolower.obj
 0001:00049c30       __tolower_lk               3004ac30 f   LIBCMTD:tolower.obj
 0001:00049d60       __toupper                  3004ad60 f   LIBCMTD:toupper.obj
 0001:00049d70       _toupper                   3004ad70 f   LIBCMTD:toupper.obj
 0001:00049e10       __toupper_lk               3004ae10 f   LIBCMTD:toupper.obj
 0001:00049f40       _memmove                   3004af40 f   LIBCMTD:memmove.obj
 0001:0004a280       __CRT_INIT@12              3004b280 f   LIBCMTD:dllcrt0.obj
 0001:0004a3c0       __DllMainCRTStartup@12     3004b3c0 f   LIBCMTD:dllcrt0.obj
 0001:0004a4c0       __amsg_exit                3004b4c0 f   LIBCMTD:dllcrt0.obj
 0001:0004a500       __setdefaultprecision      3004b500 f   LIBCMTD:fp8.obj
 0001:0004a520       __ms_p5_test_fdiv          3004b520 f   LIBCMTD:testfdiv.obj
 0001:0004a580       __ms_p5_mp_test_fdiv       3004b580 f   LIBCMTD:testfdiv.obj
 0001:0004a5d0       __forcdecpt                3004b5d0 f   LIBCMTD:cvt.obj
 0001:0004a680       __cropzeros                3004b680 f   LIBCMTD:cvt.obj
 0001:0004a760       __positive                 3004b760 f   LIBCMTD:cvt.obj
 0001:0004a790       __fassign                  3004b790 f   LIBCMTD:cvt.obj
 0001:0004a7e0       __cftoe                    3004b7e0 f   LIBCMTD:cvt.obj
 0001:0004a9d0       __cftof                    3004b9d0 f   LIBCMTD:cvt.obj
 0001:0004ab80       __cftog                    3004bb80 f   LIBCMTD:cvt.obj
 0001:0004ac70       __cfltcvt                  3004bc70 f   LIBCMTD:cvt.obj
 0001:0004ad00       __trandisp1                3004bd00 f   LIBCMTD:87disp.obj
 0001:0004ad67       __trandisp2                3004bd67 f   LIBCMTD:87disp.obj
 0001:0004adf3       __rttospopde               3004bdf3 f   LIBCMTD:87disp.obj
 0001:0004adf8       __rttospop                 3004bdf8 f   LIBCMTD:87disp.obj
 0001:0004adfa       __rtnospop                 3004bdfa f   LIBCMTD:87disp.obj
 0001:0004adfc       __rttosnpop                3004bdfc f   LIBCMTD:87disp.obj
 0001:0004adfd       __rtnospopde               3004bdfd f   LIBCMTD:87disp.obj
 0001:0004ae04       __rtzeropop                3004be04 f   LIBCMTD:87disp.obj
 0001:0004ae06       __rtzeronpop               3004be06 f   LIBCMTD:87disp.obj
 0001:0004ae0b       __rtonepop                 3004be0b f   LIBCMTD:87disp.obj
 0001:0004ae0d       __rtonenpop                3004be0d f   LIBCMTD:87disp.obj
 0001:0004ae12       __tosnan1                  3004be12 f   LIBCMTD:87disp.obj
 0001:0004ae3d       __nosnan2                  3004be3d f   LIBCMTD:87disp.obj
 0001:0004ae3f       __tosnan2                  3004be3f f   LIBCMTD:87disp.obj
 0001:0004ae67       __nan2                     3004be67 f   LIBCMTD:87disp.obj
 0001:0004aea6       __rtindfpop                3004bea6 f   LIBCMTD:87disp.obj
 0001:0004aea8       __rtindfnpop               3004bea8 f   LIBCMTD:87disp.obj
 0001:0004aeb9       __rttosnpopde              3004beb9 f   LIBCMTD:87disp.obj
 0001:0004aec3       __rtchsifneg               3004bec3 f   LIBCMTD:87disp.obj
 0001:0004aed0       __twoToTOS                 3004bed0 f   LIBCMTD:common.obj
 0001:0004aee5       __load_CW                  3004bee5 f   LIBCMTD:common.obj
 0001:0004aefc       __convertTOStoQNaN         3004befc f   LIBCMTD:common.obj
 0001:0004af15       __fload_withFB             3004bf15 f   LIBCMTD:common.obj
 0001:0004af58       __checkTOS_withFB          3004bf58 f   LIBCMTD:common.obj
 0001:0004af6e       __fast_exit                3004bf6e f   LIBCMTD:common.obj
 0001:0004af7b       __math_exit                3004bf7b f   LIBCMTD:common.obj
 0001:0004afa5       __check_overflow_exit      3004bfa5 f   LIBCMTD:common.obj
 0001:0004afb9       __check_range_exit         3004bfb9 f   LIBCMTD:common.obj
 0001:0004b060       __startTwoArgErrorHandling 3004c060 f   LIBCMTD:genexcep.obj
 0001:0004b077       __startOneArgErrorHandling 3004c077 f   LIBCMTD:genexcep.obj
 0001:0004b0c0       __fltin2                   3004c0c0 f   LIBCMTD:cfin.obj
 0001:0004b180       __isctype                  3004c180 f   LIBCMTD:isctype.obj
 0001:0004b240       __handle_qnan1             3004c240 f   LIBCMTD:fpexcept.obj
 0001:0004b2a0       __handle_qnan2             3004c2a0 f   LIBCMTD:fpexcept.obj
 0001:0004b310       __except1                  3004c310 f   LIBCMTD:fpexcept.obj
 0001:0004b3d0       __except2                  3004c3d0 f   LIBCMTD:fpexcept.obj
 0001:0004b4a0       __raise_exc                3004c4a0 f   LIBCMTD:fpexcept.obj
 0001:0004b970       __handle_exc               3004c970 f   LIBCMTD:fpexcept.obj
 0001:0004bcf0       __umatherr                 3004ccf0 f   LIBCMTD:fpexcept.obj
 0001:0004bd90       __set_errno                3004cd90 f   LIBCMTD:fpexcept.obj
 0001:0004be10       __errcode                  3004ce10 f   LIBCMTD:fpexcept.obj
 0001:0004be90       __set_exp                  3004ce90 f   LIBCMTD:util.obj
 0001:0004bed0       __get_exp                  3004ced0 f   LIBCMTD:util.obj
 0001:0004bf00       __add_exp                  3004cf00 f   LIBCMTD:util.obj
 0001:0004bf40       __set_bexp                 3004cf40 f   LIBCMTD:util.obj
 0001:0004bf80       __sptype                   3004cf80 f   LIBCMTD:util.obj
 0001:0004c000       __decomp                   3004d000 f   LIBCMTD:util.obj
 0001:0004c140       __statfp                   3004d140 f   LIBCMTD:fpctrl.obj
 0001:0004c160       __clrfp                    3004d160 f   LIBCMTD:fpctrl.obj
 0001:0004c180       __ctrlfp                   3004d180 f   LIBCMTD:fpctrl.obj
 0001:0004c1c0       __set_statfp               3004d1c0 f   LIBCMTD:fpctrl.obj
 0001:0004c240       __allmul                   3004d240 f   LIBCMTD:llmul.obj
 0001:0004c280       __mtinit                   3004d280 f   LIBCMTD:tidtable.obj
 0001:0004c310       __mtterm                   3004d310 f   LIBCMTD:tidtable.obj
 0001:0004c340       __initptd                  3004d340 f   LIBCMTD:tidtable.obj
 0001:0004c360       __getptd                   3004d360 f   LIBCMTD:tidtable.obj
 0001:0004c400       __freeptd                  3004d400 f   LIBCMTD:tidtable.obj
 0001:0004c510       ___threadid                3004d510 f   LIBCMTD:tidtable.obj
 0001:0004c520       ___threadhandle            3004d520 f   LIBCMTD:tidtable.obj
 0001:0004c530       __flsbuf                   3004d530 f   LIBCMTD:_flsbuf.obj
 0001:0004c7b0       __output                   3004d7b0 f   LIBCMTD:output.obj
 0001:0004d650       __CrtDbgBreak              3004e650 f   LIBCMTD:dbgrpt.obj
 0001:0004d660       __CrtSetReportMode         3004e660 f   LIBCMTD:dbgrpt.obj
 0001:0004d6c0       __CrtSetReportFile         3004e6c0 f   LIBCMTD:dbgrpt.obj
 0001:0004d740       __CrtSetReportHook         3004e740 f   LIBCMTD:dbgrpt.obj
 0001:0004d760       __CrtDbgReport             3004e760 f   LIBCMTD:dbgrpt.obj
 0001:0004de00       __frnd                     3004ee00 f   LIBCMTD:frnd.obj
 0001:0004de3c       __fFATN2                   3004ee3c f   LIBCMTD:87triga.obj
 0001:0004de8c       __rtpiby2                  3004ee8c f   LIBCMTD:87triga.obj
 0001:0004ded0       __cintrindisp2             3004eed0 f   LIBCMTD:87cdisp.obj
 0001:0004df0e       __cintrindisp1             3004ef0e f   LIBCMTD:87cdisp.obj
 0001:0004df4b       __ctrandisp2               3004ef4b f   LIBCMTD:87cdisp.obj
 0001:0004e0cb       __ctrandisp1               3004f0cb f   LIBCMTD:87cdisp.obj
 0001:0004e0fe       __fload                    3004f0fe f   LIBCMTD:87cdisp.obj
 0001:0004e140       _abort                     3004f140 f   LIBCMTD:abort.obj
 0001:0004e160       __cinit                    3004f160 f   LIBCMTD:crt0dat.obj
 0001:0004e1a0       _exit                      3004f1a0 f   LIBCMTD:crt0dat.obj
 0001:0004e1c0       __exit                     3004f1c0 f   LIBCMTD:crt0dat.obj
 0001:0004e1e0       __cexit                    3004f1e0 f   LIBCMTD:crt0dat.obj
 0001:0004e200       __c_exit                   3004f200 f   LIBCMTD:crt0dat.obj
 0001:0004e310       __lockexit                 3004f310 f   LIBCMTD:crt0dat.obj
 0001:0004e320       __unlockexit               3004f320 f   LIBCMTD:crt0dat.obj
 0001:0004e360       _signal                    3004f360 f   LIBCMTD:winsig.obj
 0001:0004e630       _raise                     3004f630 f   LIBCMTD:winsig.obj
 0001:0004e8d0       ___fpecode                 3004f8d0 f   LIBCMTD:winsig.obj
 0001:0004e8e0       ___pxcptinfoptrs           3004f8e0 f   LIBCMTD:winsig.obj
 0001:0004e8f0       ___crtMessageBoxA          3004f8f0 f   LIBCMTD:crtmbox.obj
 0001:0004e9b0       __itoa                     3004f9b0 f   LIBCMTD:xtoa.obj
 0001:0004ead0       __ltoa                     3004fad0 f   LIBCMTD:xtoa.obj
 0001:0004eb10       __ultoa                    3004fb10 f   LIBCMTD:xtoa.obj
 0001:0004eb30       __i64toa                   3004fb30 f   LIBCMTD:xtoa.obj
 0001:0004ec80       __ui64toa                  3004fc80 f   LIBCMTD:xtoa.obj
 0001:0004eca0       _strncat                   3004fca0 f   LIBCMTD:strncat.obj
 0001:0004edd0       _fflush                    3004fdd0 f   LIBCMTD:fflush.obj
 0001:0004ee20       __fflush_lk                3004fe20 f   LIBCMTD:fflush.obj
 0001:0004ee70       __flush                    3004fe70 f   LIBCMTD:fflush.obj
 0001:0004ef30       __flushall                 3004ff30 f   LIBCMTD:fflush.obj
 0001:0004f080       _fprintf                   30050080 f   LIBCMTD:fprintf.obj
 0001:0004f150       _setvbuf                   30050150 f   LIBCMTD:setvbuf.obj
 0001:0004f2c0       ___initstdio               300502c0 f   LIBCMTD:_file.obj
 0001:0004f3f0       ___endstdio                300503f0 f   LIBCMTD:_file.obj
 0001:0004f410       __lock_file                30050410 f   LIBCMTD:_file.obj
 0001:0004f450       __lock_file2               30050450 f   LIBCMTD:_file.obj
 0001:0004f480       __unlock_file              30050480 f   LIBCMTD:_file.obj
 0001:0004f4c0       __unlock_file2             300504c0 f   LIBCMTD:_file.obj
 0001:0004f4f0       __mtinitlocks              300504f0 f   LIBCMTD:mlock.obj
 0001:0004f530       __mtdeletelocks            30050530 f   LIBCMTD:mlock.obj
 0001:0004f5d0       __lock                     300505d0 f   LIBCMTD:mlock.obj
 0001:0004f670       __unlock                   30050670 f   LIBCMTD:mlock.obj
 0001:0004f690       __lockerr_exit             30050690 f   LIBCMTD:mlock.obj
 0001:0004f6b0       _setlocale                 300506b0 f   LIBCMTD:setlocal.obj
 0001:0004fd40       __expandlocale             30050d40 f   LIBCMTD:setlocal.obj
 0001:0004fed0       ___init_dummy              30050ed0 f   LIBCMTD:setlocal.obj
 0001:0004fee0       __strcats                  30050ee0 f   LIBCMTD:setlocal.obj
 0001:0004ff30       ___lc_strtolc              30050f30 f   LIBCMTD:setlocal.obj
 0001:00050090       ___lc_lctostr              30051090 f   LIBCMTD:setlocal.obj
 0001:00050100       ___crtLCMapStringA         30051100 f   LIBCMTD:a_map.obj
 0001:00050460       __ioinit                   30051460 f   LIBCMTD:ioinit.obj
 0001:00050790       __ioterm                   30051790 f   LIBCMTD:ioinit.obj
 0001:00050830       _malloc                    30051830 f   LIBCMTD:dbgheap.obj
 0001:00050850       __malloc_dbg               30051850 f   LIBCMTD:dbgheap.obj
 0001:00050880       __nh_malloc                30051880 f   LIBCMTD:dbgheap.obj
 0001:000508a0       __nh_malloc_dbg            300518a0 f   LIBCMTD:dbgheap.obj
 0001:00050900       __heap_alloc               30051900 f   LIBCMTD:dbgheap.obj
 0001:00050920       __heap_alloc_dbg           30051920 f   LIBCMTD:dbgheap.obj
 0001:00050c40       _calloc                    30051c40 f   LIBCMTD:dbgheap.obj
 0001:00050c60       __calloc_dbg               30051c60 f   LIBCMTD:dbgheap.obj
 0001:00050cc0       _realloc                   30051cc0 f   LIBCMTD:dbgheap.obj
 0001:00050ce0       __realloc_dbg              30051ce0 f   LIBCMTD:dbgheap.obj
 0001:00051240       __expand                   30052240 f   LIBCMTD:dbgheap.obj
 0001:00051260       __expand_dbg               30052260 f   LIBCMTD:dbgheap.obj
 0001:000512a0       _free                      300522a0 f   LIBCMTD:dbgheap.obj
 0001:000512c0       __free_lk                  300522c0 f   LIBCMTD:dbgheap.obj
 0001:000512e0       __free_dbg                 300522e0 f   LIBCMTD:dbgheap.obj
 0001:00051310       __free_dbg_lk              30052310 f   LIBCMTD:dbgheap.obj
 0001:00051700       __msize                    30052700 f   LIBCMTD:dbgheap.obj
 0001:00051720       __msize_dbg                30052720 f   LIBCMTD:dbgheap.obj
 0001:00051880       __CrtSetBreakAlloc         30052880 f   LIBCMTD:dbgheap.obj
 0001:000518a0       __CrtSetDbgBlockType       300528a0 f   LIBCMTD:dbgheap.obj
 0001:00051940       __CrtSetAllocHook          30052940 f   LIBCMTD:dbgheap.obj
 0001:000519f0       __CrtCheckMemory           300529f0 f   LIBCMTD:dbgheap.obj
 0001:00051d60       __CrtSetDbgFlag            30052d60 f   LIBCMTD:dbgheap.obj
 0001:00051d90       __CrtDoForAllClientObjects 30052d90 f   LIBCMTD:dbgheap.obj
 0001:00051e00       __CrtIsValidPointer        30052e00 f   LIBCMTD:dbgheap.obj
 0001:00051e50       __CrtIsValidHeapPointer    30052e50 f   LIBCMTD:dbgheap.obj
 0001:00051ee0       __CrtIsMemoryBlock         30052ee0 f   LIBCMTD:dbgheap.obj
 0001:00051fd0       __CrtSetDumpClient         30052fd0 f   LIBCMTD:dbgheap.obj
 0001:00051ff0       __CrtMemCheckpoint         30052ff0 f   LIBCMTD:dbgheap.obj
 0001:00052160       __CrtMemDifference         30053160 f   LIBCMTD:dbgheap.obj
 0001:00052290       __CrtMemDumpAllObjectsSince 30053290 f   LIBCMTD:dbgheap.obj
 0001:00052670       __CrtDumpMemoryLeaks       30053670 f   LIBCMTD:dbgheap.obj
 0001:000526f0       __CrtMemDumpStatistics     300536f0 f   LIBCMTD:dbgheap.obj
 0001:000527c0       __setenvp                  300537c0 f   LIBCMTD:stdenvp.obj
 0001:00052910       __setargv                  30053910 f   LIBCMTD:stdargv.obj
 0001:00052e20       ___crtGetEnvironmentStringsA 30053e20 f   LIBCMTD:a_env.obj
 0001:00053040       __heap_init                30054040 f   LIBCMTD:heapinit.obj
 0001:00053090       __heap_term                30054090 f   LIBCMTD:heapinit.obj
 0001:00053130       _DllMain@12                30054130 f   LIBCMTD:dllmain.obj
 0001:00053140       __FF_MSGBANNER             30054140 f   LIBCMTD:crt0msg.obj
 0001:00053190       __NMSG_WRITE               30054190 f   LIBCMTD:crt0msg.obj
 0001:00053350       __GET_RTERRMSG             30054350 f   LIBCMTD:crt0msg.obj
 0001:000533a0       __statusfp                 300543a0 f   LIBCMTD:ieee87.obj
 0001:000533c0       __clearfp                  300543c0 f   LIBCMTD:ieee87.obj
 0001:000533e0       __control87                300543e0 f   LIBCMTD:ieee87.obj
 0001:00053430       __controlfp                30054430 f   LIBCMTD:ieee87.obj
 0001:00053450       __fpreset                  30054450 f   LIBCMTD:ieee87.obj
 0001:00053840       __ZeroTail                 30054840 f   LIBCMTD:intrncvt.obj
 0001:000538d0       __IncMan                   300548d0 f   LIBCMTD:intrncvt.obj
 0001:00053980       __RoundMan                 30054980 f   LIBCMTD:intrncvt.obj
 0001:00053a60       __CopyMan                  30054a60 f   LIBCMTD:intrncvt.obj
 0001:00053ab0       __FillZeroMan              30054ab0 f   LIBCMTD:intrncvt.obj
 0001:00053ae0       __IsZeroMan                30054ae0 f   LIBCMTD:intrncvt.obj
 0001:00053b20       __ShrMan                   30054b20 f   LIBCMTD:intrncvt.obj
 0001:00053c10       __ld12cvt                  30054c10 f   LIBCMTD:intrncvt.obj
 0001:00053e60       __ld12tod                  30054e60 f   LIBCMTD:intrncvt.obj
 0001:00053e80       __ld12tof                  30054e80 f   LIBCMTD:intrncvt.obj
 0001:00053ea0       __ld12told                 30054ea0 f   LIBCMTD:intrncvt.obj
 0001:00053f60       __atodbl                   30054f60 f   LIBCMTD:intrncvt.obj
 0001:00053fa0       __atoldbl                  30054fa0 f   LIBCMTD:intrncvt.obj
 0001:00053fe0       __atoflt                   30054fe0 f   LIBCMTD:intrncvt.obj
 0001:00054020       __fptostr                  30055020 f   LIBCMTD:_fptostr.obj
 0001:00054120       __fltout2                  30055120 f   LIBCMTD:cfout.obj
 0001:000541a0       ___dtold                   300551a0 f   LIBCMTD:cfout.obj
 0001:00054310       __fptrap                   30055310 f   LIBCMTD:crt0fp.obj
 0001:00054320       __87except                 30055320 f   LIBCMTD:87except.obj
 0001:000544a0       ___strgtold12              300554a0 f   LIBCMTD:strgtold.obj
 0001:00054fd0       ___STRINGTOLD              30055fd0 f   LIBCMTD:strgtold.obj
 0001:00055020       ___crtGetStringTypeA       30056020 f   LIBCMTD:a_str.obj
 0001:000551e0       __dosmaperr                300561e0 f   LIBCMTD:dosmap.obj
 0001:00055280       __errno                    30056280 f   LIBCMTD:dosmap.obj
 0001:00055290       ___doserrno                30056290 f   LIBCMTD:dosmap.obj
 0001:000552a0       __matherr                  300562a0 f   LIBCMTD:matherr.obj
 0001:000552b0       __XcptFilter               300562b0 f   LIBCMTD:winxfltr.obj
 0001:000554d0       __lseek                    300564d0 f   LIBCMTD:lseek.obj
 0001:00055560       __lseek_lk                 30056560 f   LIBCMTD:lseek.obj
 0001:00055620       __write                    30056620 f   LIBCMTD:write.obj
 0001:000556b0       __write_lk                 300566b0 f   LIBCMTD:write.obj
 0001:00055930       __getbuf                   30056930 f   LIBCMTD:_getbuf.obj
 0001:00055a00       __isatty                   30056a00 f   LIBCMTD:isatty.obj
 0001:00055a40       _wctomb                    30056a40 f   LIBCMTD:wctomb.obj
 0001:00055ac0       __wctomb_lk                30056ac0 f   LIBCMTD:wctomb.obj
 0001:00055b60       __aulldiv                  30056b60 f   LIBCMTD:ulldiv.obj
 0001:00055bd0       __aullrem                  30056bd0 f   LIBCMTD:ullrem.obj
 0001:00055c50       __snprintf                 30056c50 f   LIBCMTD:snprintf.obj
 0001:00055d50       __vsnprintf                30056d50 f   LIBCMTD:vsnprint.obj
 0001:00055e50       __commit                   30056e50 f   LIBCMTD:commit.obj
 0001:00055f30       __stbuf                    30056f30 f   LIBCMTD:_sftbuf.obj
 0001:00056090       __ftbuf                    30057090 f   LIBCMTD:_sftbuf.obj
 0001:00056130       __freebuf                  30057130 f   LIBCMTD:_freebuf.obj
 0001:000561d0       __fcloseall                300571d0 f   LIBCMTD:closeall.obj
 0001:000562b0       ___init_time               300572b0 f   LIBCMTD:inittime.obj
 0001:00056c30       ___init_numeric            30057c30 f   LIBCMTD:initnum.obj
 0001:00056f60       ___init_monetary           30057f60 f   LIBCMTD:initmon.obj
 0001:000573c0       ___init_ctype              300583c0 f   LIBCMTD:initctyp.obj
 0001:00057760       ___init_collate            30058760 f   LIBCMTD:initcoll.obj
 0001:00057770       _strcspn                   30058770 f   LIBCMTD:strcspn.obj
 0001:000577b0       _strncmp                   300587b0 f   LIBCMTD:strncmp.obj
 0001:000577f0       _strpbrk                   300587f0 f   LIBCMTD:strpbrk.obj
 0001:00057830       ___get_qualified_locale    30058830 f   LIBCMTD:getqloc.obj
 0001:000585c8       __global_unwind2           300595c8 f   LIBCMTD:exsup.obj
 0001:0005860a       __local_unwind2            3005960a f   LIBCMTD:exsup.obj
 0001:00058662       __NLG_Return2              30059662 f   LIBCMTD:exsup.obj
 0001:00058672       __abnormal_termination     30059672 f   LIBCMTD:exsup.obj
 0001:00058695       __NLG_Notify1              30059695 f   LIBCMTD:exsup.obj
 0001:0005869e       __NLG_Notify               3005969e f   LIBCMTD:exsup.obj
 0001:000586b1       __NLG_Dispatch             300596b1 f   LIBCMTD:exsup.obj
 0001:000586c0       __except_handler3          300596c0 f   LIBCMTD:exsup3.obj
 0001:0005877d       __seh_longjmp_unwind@4     3005977d f   LIBCMTD:exsup3.obj
 0001:000587a0       ?_set_new_handler@@YAP6AHI@ZP6AHI@Z@Z 300597a0 f   LIBCMTD:handler.obj
 0001:000587d0       ?_query_new_handler@@YAP6AHI@ZXZ 300597d0 f   LIBCMTD:handler.obj
 0001:000587e0       __callnewh                 300597e0 f   LIBCMTD:handler.obj
 0001:00058810       __malloc_base              30059810 f   LIBCMTD:malloc.obj
 0001:00058830       __nh_malloc_base           30059830 f   LIBCMTD:malloc.obj
 0001:00058890       __heap_alloc_base          30059890 f   LIBCMTD:malloc.obj
 0001:00058900       __CrtDefaultAllocHook      30059900 f   LIBCMTD:dbghook.obj
 0001:00058910       __expand_base              30059910 f   LIBCMTD:expand.obj
 0001:000589c0       __realloc_base             300599c0 f   LIBCMTD:realloc.obj
 0001:00058bb0       __free_base                30059bb0 f   LIBCMTD:free.obj
 0001:00058c20       __heapchk                  30059c20 f   LIBCMTD:heapchk.obj
 0001:00058ca0       __heapset                  30059ca0 f   LIBCMTD:heapchk.obj
 0001:00058cb0       __get_sbh_threshold        30059cb0 f   LIBCMTD:sbheap.obj
 0001:00058cc0       __set_sbh_threshold        30059cc0 f   LIBCMTD:sbheap.obj
 0001:00058ce0       ___sbh_heap_init           30059ce0 f   LIBCMTD:sbheap.obj
 0001:00058d40       ___sbh_find_block          30059d40 f   LIBCMTD:sbheap.obj
 0001:00058da0       ___sbh_verify_block        30059da0 f   LIBCMTD:sbheap.obj
 0001:00058e00       ___sbh_free_block          30059e00 f   LIBCMTD:sbheap.obj
 0001:000593d0       ___sbh_alloc_block         3005a3d0 f   LIBCMTD:sbheap.obj
 0001:00059910       ___sbh_alloc_new_region    3005a910 f   LIBCMTD:sbheap.obj
 0001:00059a20       ___sbh_alloc_new_group     3005aa20 f   LIBCMTD:sbheap.obj
 0001:00059c10       ___sbh_resize_block        3005ac10 f   LIBCMTD:sbheap.obj
 0001:0005a200       ___sbh_heapmin             3005b200 f   LIBCMTD:sbheap.obj
 0001:0005a330       ___sbh_heap_check          3005b330 f   LIBCMTD:sbheap.obj
 0001:0005a950       _sprintf                   3005b950 f   LIBCMTD:sprintf.obj
 0001:0005aa50       __setmbcp                  3005ba50 f   LIBCMTD:mbctype.obj
 0001:0005b210       __getmbcp                  3005c210 f   LIBCMTD:mbctype.obj
 0001:0005b230       ___initmbctable            3005c230 f   LIBCMTD:mbctype.obj
 0001:0005b260       ___addl                    3005c260 f   LIBCMTD:mantold.obj
 0001:0005b2a0       ___add_12                  3005c2a0 f   LIBCMTD:mantold.obj
 0001:0005b350       ___shl_12                  3005c350 f   LIBCMTD:mantold.obj
 0001:0005b3b0       ___shr_12                  3005c3b0 f   LIBCMTD:mantold.obj
 0001:0005b420       ___mtold12                 3005c420 f   LIBCMTD:mantold.obj
 0001:0005b560       _$I10_OUTPUT               3005c560 f   LIBCMTD:x10fout.obj
 0001:0005ba80       ___ld12mul                 3005ca80 f   LIBCMTD:tenpow.obj
 0001:0005bec0       ___multtenpow12            3005cec0 f   LIBCMTD:tenpow.obj
 0001:0005bf90       __alloc_osfhnd             3005cf90 f   LIBCMTD:osfinfo.obj
 0001:0005c180       __set_osfhnd               3005d180 f   LIBCMTD:osfinfo.obj
 0001:0005c240       __free_osfhnd              3005d240 f   LIBCMTD:osfinfo.obj
 0001:0005c320       __get_osfhandle            3005d320 f   LIBCMTD:osfinfo.obj
 0001:0005c390       __open_osfhandle           3005d390 f   LIBCMTD:osfinfo.obj
 0001:0005c4a0       __lock_fhandle             3005d4a0 f   LIBCMTD:osfinfo.obj
 0001:0005c530       __unlock_fhandle           3005d530 f   LIBCMTD:osfinfo.obj
 0001:0005c560       _fclose                    3005d560 f   LIBCMTD:fclose.obj
 0001:0005c5f0       __fclose_lk                3005d5f0 f   LIBCMTD:fclose.obj
 0001:0005c6b0       __Getdays                  3005d6b0 f   LIBCMTD:strftime.obj
 0001:0005c7e0       __Getmonths                3005d7e0 f   LIBCMTD:strftime.obj
 0001:0005c910       __Gettnames                3005d910 f   LIBCMTD:strftime.obj
 0001:0005cc80       _strftime                  3005dc80 f   LIBCMTD:strftime.obj
 0001:0005cca0       __Strftime                 3005dca0 f   LIBCMTD:strftime.obj
 0001:0005db20       ___getlocaleinfo           3005eb20 f   LIBCMTD:inithelp.obj
 0001:0005ddb0       _localeconv                3005edb0 f   LIBCMTD:lconv.obj
 0001:0005ddc0       ___crtGetStringTypeW       3005edc0 f   LIBCMTD:w_str.obj
 0001:0005e030       __strcmpi                  3005f030 f   LIBCMTD:stricmp.obj
 0001:0005e030       __stricmp                  3005f030 f   LIBCMTD:stricmp.obj
 0001:0005e100       __strnicmp                 3005f100 f   LIBCMTD:strnicmp.obj
 0001:0005e210       __close                    3005f210 f   LIBCMTD:close.obj
 0001:0005e290       __close_lk                 3005f290 f   LIBCMTD:close.obj
 0001:0005e340       ___tzset                   3005f340 f   LIBCMTD:tzset.obj
 0001:0005e380       __tzset                    3005f380 f   LIBCMTD:tzset.obj
 0001:0005e750       __isindst                  3005f750 f   LIBCMTD:tzset.obj
 0001:0005ec80       ___crtGetLocaleInfoW       3005fc80 f   LIBCMTD:w_loc.obj
 0001:0005ee20       ___crtGetLocaleInfoA       3005fe20 f   LIBCMTD:a_loc.obj
 0001:0005efd0       _getenv                    3005ffd0 f   LIBCMTD:getenv.obj
 0001:0005f000       __getenv_lk                30060000 f   LIBCMTD:getenv.obj
 0001:0005f0d0       __mbsnbicoll               300600d0 f   LIBCMTD:mbsnbico.obj
 0001:0005f120       ___wtomb_environ           30060120 f   LIBCMTD:wtombenv.obj
 0001:0005f1d0       ___crtCompareStringA       300601d0 f   LIBCMTD:a_cmp.obj
 0001:0005f620       ___crtsetenv               30060620 f   LIBCMTD:setenv.obj
 0001:0005fa70       __mbschr                   30060a70 f   LIBCMTD:mbschr.obj
 0001:0005fb5e       _GetModuleFileNameA@12     30060b5e f   kernel32:KERNEL32.dll
 0001:0005fb64       _InterlockedDecrement@4    30060b64 f   kernel32:KERNEL32.dll
 0001:0005fb6a       _InterlockedIncrement@4    30060b6a f   kernel32:KERNEL32.dll
 0001:0005fb70       _GetCommandLineA@0         30060b70 f   kernel32:KERNEL32.dll
 0001:0005fb76       _GetVersion@0              30060b76 f   kernel32:KERNEL32.dll
 0001:0005fb7c       _GetProcAddress@8          30060b7c f   kernel32:KERNEL32.dll
 0001:0005fb82       _GetModuleHandleA@4        30060b82 f   kernel32:KERNEL32.dll
 0001:0005fb88       _RaiseException@16         30060b88 f   kernel32:KERNEL32.dll
 0001:0005fb8e       _GetCurrentThreadId@0      30060b8e f   kernel32:KERNEL32.dll
 0001:0005fb94       _TlsSetValue@8             30060b94 f   kernel32:KERNEL32.dll
 0001:0005fb9a       _TlsAlloc@0                30060b9a f   kernel32:KERNEL32.dll
 0001:0005fba0       _TlsFree@4                 30060ba0 f   kernel32:KERNEL32.dll
 0001:0005fba6       _SetLastError@4            30060ba6 f   kernel32:KERNEL32.dll
 0001:0005fbac       _TlsGetValue@4             30060bac f   kernel32:KERNEL32.dll
 0001:0005fbb2       _GetLastError@0            30060bb2 f   kernel32:KERNEL32.dll
 0001:0005fbb8       _GetCurrentThread@0        30060bb8 f   kernel32:KERNEL32.dll
 0001:0005fbbe       _DebugBreak@0              30060bbe f   kernel32:KERNEL32.dll
 0001:0005fbc4       _GetStdHandle@4            30060bc4 f   kernel32:KERNEL32.dll
 0001:0005fbca       _WriteFile@20              30060bca f   kernel32:KERNEL32.dll
 0001:0005fbd0       _OutputDebugStringA@4      30060bd0 f   kernel32:KERNEL32.dll
 0001:0005fbd6       _LoadLibraryA@4            30060bd6 f   kernel32:KERNEL32.dll
 0001:0005fbdc       _ExitProcess@4             30060bdc f   kernel32:KERNEL32.dll
 0001:0005fbe2       _TerminateProcess@8        30060be2 f   kernel32:KERNEL32.dll
 0001:0005fbe8       _GetCurrentProcess@0       30060be8 f   kernel32:KERNEL32.dll
 0001:0005fbee       _SetConsoleCtrlHandler@8   30060bee f   kernel32:KERNEL32.dll
 0001:0005fbf4       _EnterCriticalSection@4    30060bf4 f   kernel32:KERNEL32.dll
 0001:0005fbfa       _LeaveCriticalSection@4    30060bfa f   kernel32:KERNEL32.dll
 0001:0005fc00       _InitializeCriticalSection@4 30060c00 f   kernel32:KERNEL32.dll
 0001:0005fc06       _DeleteCriticalSection@4   30060c06 f   kernel32:KERNEL32.dll
 0001:0005fc0c       _FatalAppExitA@8           30060c0c f   kernel32:KERNEL32.dll
[...]
 0003:001cf550       __umaskval                 30270550     LIBCMTD:crt0dat.obj
 0003:001cf554       __osver                    30270554     LIBCMTD:crt0dat.obj
 0003:001cf558       __winver                   30270558     LIBCMTD:crt0dat.obj
 0003:001cf55c       __winmajor                 3027055c     LIBCMTD:crt0dat.obj
 0003:001cf560       __winminor                 30270560     LIBCMTD:crt0dat.obj
 0003:001cf564       ___argc                    30270564     LIBCMTD:crt0dat.obj
 0003:001cf568       ___argv                    30270568     LIBCMTD:crt0dat.obj
 0003:001cf56c       ___wargv                   3027056c     LIBCMTD:crt0dat.obj
 0003:001cf570       __environ                  30270570     LIBCMTD:crt0dat.obj
 0003:001cf574       ___initenv                 30270574     LIBCMTD:crt0dat.obj
 0003:001cf578       __wenviron                 30270578     LIBCMTD:crt0dat.obj
 0003:001cf57c       ___winitenv                3027057c     LIBCMTD:crt0dat.obj
 0003:001cf580       __pgmptr                   30270580     LIBCMTD:crt0dat.obj
 0003:001cf584       __wpgmptr                  30270584     LIBCMTD:crt0dat.obj
 0003:001cf588       __exitflag                 30270588     LIBCMTD:crt0dat.obj
 0003:001cf58c       __C_Termination_Done       3027058c     LIBCMTD:crt0dat.obj
 0003:001cf590       __C_Exit_Done              30270590     LIBCMTD:crt0dat.obj
 0003:001cf5b8       __cflush                   302705b8     LIBCMTD:_file.obj
 0003:001cf62c       ___lc_handle               3027062c     LIBCMTD:nlsdata2.obj
 0003:001cf644       ___lc_codepage             30270644     LIBCMTD:nlsdata2.obj
 0003:001cf648       ___lc_collate_cp           30270648     LIBCMTD:nlsdata2.obj
 0003:001cf76c       __adbgmsg                  3027076c     LIBCMTD:crt0msg.obj
 0003:001cf774       __stdbuf                   30270774     LIBCMTD:_sftbuf.obj
 0003:001cf77c       ___lc_time_intl            3027077c     LIBCMTD:inittime.obj
 0003:001cf798       ___lc_id                   30270798     LIBCMTD:nlsdata3.obj
 0003:001cf7e0       __newmode                  302707e0     LIBCMTD:_newmode.obj
 0003:001cf7e4       ?_pnhHeap@@3P6AHI@ZA       302707e4     LIBCMTD:handler.obj
 0003:001cf7f4       ___lconv_static_null       302707f4     LIBCMTD:lconv.obj
 0003:001cf8e0       _menuStack                 302708e0     <common>
 0003:001d1cc0       _Menus                     30272cc0     <common>
 0003:001dbdc0       _menuParseKeywordHash      3027cdc0     <common>
 0003:001dc5c0       _g_nameBind1               3027d5c0     <common>
 0003:001dc5e0       _g_nameBind2               3027d5e0     <common>
 0003:001dc600       _itemParseKeywordHash      3027d600     <common>
 0003:001dce00       _voiceChatLists            3027de00     <common>
 0003:00474c00       _voiceChatBuffer           30515c00     <common>
 0003:00477300       _headModelVoiceChat        30518300     <common>
 0003:00478400       _rforward                  30519400     <common>
 0003:0048212c       _oldtime                   3052312c     <common>
 0003:00482130       _pvright                   30523130     <common>
 0003:00482140       _pvforward                 30523140     <common>
 0003:00482150       _rup                       30523150     <common>
 0003:00482160       _particles                 30523160     <common>
 0003:004a1160       _rright                    30542160     <common>
 0003:004a116c       _cg_freeMarkPolys          3054216c     <common>
 0003:004a1180       _cg_activeMarkPolys        30542180     <common>
 0003:004a12a0       _cg_markPolys              305422a0     <common>
 0003:004b32a0       _free_particles            305542a0     <common>
 0003:004b32b0       _pvup                      305542b0     <common>
 0003:004b32bc       _active_particles          305542bc     <common>
 0003:004b32c0       _cg_bigFont                305542c0     <common>
 0003:004e6de0       _cg_teamChatsOnly          30587de0     <common>
 0003:004e6f00       _cg_deferPlayers           30587f00     <common>
 0003:004e7020       _cg_timescaleFadeSpeed     30588020     <common>
 0003:004e7140       _cg_crosshairSize          30588140     <common>
 0003:004e7260       _cg_teamChatTime           30588260     <common>
 0003:004e7380       _cg_simpleItems            30588380     <common>
 0003:004e74a0       _cgs                       305884a0     <common>
 0003:0050cbc0       _cg_drawTeamOverlay        305adbc0     <common>
 0003:0050cce0       _cg_predictItems           305adce0     <common>
 0003:0050ce00       _cg_showmiss               305ade00     <common>
 0003:0050cf20       _cg_tracerChance           305adf20     <common>
 0003:0050d040       _cg_noTaunt                305ae040     <common>
 0003:0050d160       _cg_drawFPS                305ae160     <common>
 0003:0050d280       _cg_viewsize               305ae280     <common>
 0003:0050d3a0       _cg_oldRail                305ae3a0     <common>
 0003:0050d4c0       _cg_drawCrosshair          305ae4c0     <common>
 0003:0050d5e0       _cg_crosshairHealth        305ae5e0     <common>
 0003:0050d700       _cg_gun_x                  305ae700     <common>
 0003:0050d820       _cg_gun_y                  305ae820     <common>
 0003:0050d940       _pmove_msec                305ae940     <common>
 0003:0050da60       _cg_errorDecay             305aea60     <common>
 0003:0050db80       _cg_smallFont              305aeb80     <common>
 0003:0050dca0       _cg_crosshairX             305aeca0     <common>
 0003:0050ddc0       _cg_timescale              305aedc0     <common>
 0003:0050dee0       _cg_drawAttacker           305aeee0     <common>
 0003:0050e000       _cg_autoswitch             305af000     <common>
 0003:0050e120       _cg_tracerLength           305af120     <common>
 0003:0050e240       _cg_noProjectileTrail      305af240     <common>
 0003:0050e360       _cg_gun_z                  305af360     <common>
 0003:0050e480       _cg_stats                  305af480     <common>
 0003:0050e5a0       _cg_zoomFov                305af5a0     <common>
 0003:0050e6c0       _cg_forceModel             305af6c0     <common>
 0003:0050e7e0       _cg_scorePlum              305af7e0     <common>
 0003:0050e900       _cg_animSpeed              305af900     <common>
 0003:0050ea20       _cg_synchronousClients     305afa20     <common>
 0003:0050eb40       _cg_debugEvents            305afb40     <common>
 0003:0050ec60       _cg_thirdPerson            305afc60     <common>
 0003:0050ed80       _cg_swingSpeed             305afd80     <common>
 0003:0050eea0       _cg_addMarks               305afea0     <common>
 0003:0050efc0       _cg_blood                  305affc0     <common>
 0003:0050f0e0       _cg_cameraMode             305b00e0     <common>
 0003:0050f200       _cg_teamChatHeight         305b0200     <common>
 0003:0050f320       _cg_timescaleFadeEnd       305b0320     <common>
 0003:0050f440       _cg_bobup                  305b0440     <common>
 0003:0050f560       _cg_drawAmmoWarning        305b0560     <common>
 0003:0050f680       _cg_noVoiceChats           305b0680     <common>
 0003:0050f7a0       _cg_paused                 305b07a0     <common>
 0003:0050f8c0       _cg_oldRocket              305b08c0     <common>
 0003:0050f9e0       _pmove_fixed               305b09e0     <common>
 0003:0050fb00       _cg_noVoiceText            305b0b00     <common>
 0003:0050fc20       _cg_draw3dIcons            305b0c20     <common>
 0003:0050fd40       _cg_thirdPersonAngle       305b0d40     <common>
 0003:0050fe60       _cg_drawFriend             305b0e60     <common>
 0003:0050ff80       _cg_drawGun                305b0f80     <common>
 0003:005100a0       _cg_stereoSeparation       305b10a0     <common>
 0003:005101c0       _cg_debugAnim              305b11c0     <common>
 0003:005102e0       _cg_runpitch               305b12e0     <common>
 0003:00510400       _cg_oldPlasma              305b1400     <common>
 0003:00510520       _cg                        305b1520     <common>
 0003:0052ed60       _cg_teamOverlayUserinfo    305cfd60     <common>
 0003:0052ee80       _cg_trueLightning          305cfe80     <common>
 0003:0052efa0       _cg_drawCrosshairNames     305cffa0     <common>
 0003:0052f0c0       _cg_railTrailTime          305d00c0     <common>
 0003:0052f1e0       _cg_tracerWidth            305d01e0     <common>
 0003:0052f300       _cg_items                  305d0300     <common>
 0003:00530b00       _cg_cameraOrbitDelay       305d1b00     <common>
 0003:00530c20       _cg_drawTimer              305d1c20     <common>
 0003:00530d40       _cg_noPlayerAnims          305d1d40     <common>
 0003:00530e60       _cg_weapons                305d1e60     <common>
 0003:005316e0       _cg_pmove_msec             305d26e0     <common>
 0003:00531800       _cg_debugPosition          305d2800     <common>
 0003:00531920       _cg_smoothClients          305d2920     <common>
 0003:00531a40       _cg_draw2D                 305d2a40     <common>
 0003:00531b60       _cg_bobpitch               305d2b60     <common>
 0003:00531c80       _cg_fov                    305d2c80     <common>
 0003:00531da0       _cg_buildScript            305d2da0     <common>
 0003:00531ec0       _cg_drawSnapshot           305d2ec0     <common>
 0003:00531fe0       _cg_centertime             305d2fe0     <common>
 0003:00532100       _cg_thirdPersonRange       305d3100     <common>
 0003:00532220       _cg_gibs                   305d3220     <common>
 0003:00532340       _cg_crosshairY             305d3340     <common>
 0003:00532460       _cg_drawIcons              305d3460     <common>
 0003:00532580       _cg_cameraOrbit            305d3580     <common>
 0003:005326a0       _cg_drawStatus             305d36a0     <common>
 0003:005327c0       _cg_hudFiles               305d37c0     <common>
 0003:005328e0       _cg_gun_frame              305d38e0     <common>
 0003:00532a00       _cg_ignore                 305d3a00     <common>
 0003:00532b20       _cg_runroll                305d3b20     <common>
 0003:00532c40       _cg_drawRewards            305d3c40     <common>
 0003:00532d60       _cg_bobroll                305d3d60     <common>
 0003:00532e80       _cg_nopredict              305d3e80     <common>
 0003:00532fa0       _cg_shadows                305d3fa0     <common>
 0003:005330c0       _cg_footsteps              305d40c0     <common>
 0003:005331e0       _cg_entities               305d41e0     <common>
 0003:005e91e0       _cg_brassTime              3068a1e0     <common>
 0003:005e9300       _cg_lagometer              3068a300     <common>
 0003:005e9420       _cg_activeLocalEntities    3068a420     <common>
 0003:005f0a54       _cg_freeLocalEntities      30691a54     <common>
 0003:005f0a60       _cg_localEntities          30691a60     <common>
 0003:00615260       _sortedTeamPlayers         306b6260     <common>
 0003:006154e0       _systemChat                306b64e0     <common>
 0003:006155e0       _lagometer                 306b65e0     <common>
 0003:00615be8       _numSortedTeamPlayers      306b6be8     <common>
 0003:00615c00       _teamChat1                 306b6c00     <common>
 0003:00615d00       _teamChat2                 306b6d00     <common>
 0003:00615e00       _pml                       306b6e00     <common>
 0003:00615eb0       _pm                        306b6eb0     <common>
 0003:00615eb4       ___alternate_form          306b6eb4     <common>
 0003:00615ec4       ___no_lead_zeros           306b6ec4     <common>
 0003:00615ec8       ___mbcodepage              306b6ec8     <common>
 0003:00615f40       ___mbulinfo                306b6f40     <common>
 0003:00615f4c       ___ismbcodepage            306b6f4c     <common>
 0003:00615f60       __mbcasemap                306b6f60     <common>
 0003:00616060       __mbctype                  306b7060     <common>
 0003:00616164       ___mblcid                  306b7164     <common>
 0003:00616168       ___sbh_sizeHeaderList      306b7168     <common>
 0003:00616178       ___sbh_indGroupDefer       306b7178     <common>
 0003:0061617c       ___sbh_pHeaderScan         306b717c     <common>
 0003:00616180       ___sbh_pHeaderDefer        306b7180     <common>
 0003:00616184       ___sbh_cntHeaderList       306b7184     <common>
 0003:00616188       ___sbh_pHeaderList         306b7188     <common>
 0003:0061618c       __crtheap                  306b718c     <common>
 0003:00616198       __pfnDumpClient            306b7198     <common>
 0003:006161c0       ___pioinfo                 306b71c0     <common>
 0003:006162fc       __nhandle                  306b72fc     <common>
 0003:00616300       ___setlc_active            306b7300     <common>
 0003:00616310       ___unguarded_readlc_active 306b7310     <common>
 0003:00616314       ___piob                    306b7314     <common>
 0003:00616660       __bufin                    306b7660     <common>
 0003:00617660       __nstream                  306b8660     <common>
 0003:00617664       ___env_initialized         306b8664     <common>
 0003:00617674       ___mbctype_initialized     306b8674     <common>
 0003:00617678       ___onexitend               306b8678     <common>
 0003:0061767c       ___onexitbegin             306b867c     <common>
 0003:00617680       __pfnReportHook            306b8680     <common>
 0003:0061768c       __acmdln                   306b868c     <common>
 0003:0061769c       __pRawDllMain              306b869c     <common>
 0004:00000000       __IMPORT_DESCRIPTOR_KERNEL32 306b9000     kernel32:KERNEL32.dll
 0004:00000014       __NULL_IMPORT_DESCRIPTOR   306b9014     kernel32:KERNEL32.dll
 0004:000001b4       __imp__GetModuleFileNameA@12 306b91b4     kernel32:KERNEL32.dll
 0004:000001b8       __imp__InterlockedDecrement@4 306b91b8     kernel32:KERNEL32.dll
 0004:000001bc       __imp__InterlockedIncrement@4 306b91bc     kernel32:KERNEL32.dll
 0004:000001c0       __imp__GetCommandLineA@0   306b91c0     kernel32:KERNEL32.dll
 0004:000001c4       __imp__GetVersion@0        306b91c4     kernel32:KERNEL32.dll
 0004:000001c8       __imp__GetProcAddress@8    306b91c8     kernel32:KERNEL32.dll
 0004:000001cc       __imp__GetModuleHandleA@4  306b91cc     kernel32:KERNEL32.dll
 0004:000001d0       __imp__RaiseException@16   306b91d0     kernel32:KERNEL32.dll
 0004:000001d4       __imp__GetCurrentThreadId@0 306b91d4     kernel32:KERNEL32.dll
 0004:000001d8       __imp__TlsSetValue@8       306b91d8     kernel32:KERNEL32.dll
 0004:000001dc       __imp__TlsAlloc@0          306b91dc     kernel32:KERNEL32.dll
 0004:000001e0       __imp__TlsFree@4           306b91e0     kernel32:KERNEL32.dll
 0004:000001e4       __imp__SetLastError@4      306b91e4     kernel32:KERNEL32.dll
 0004:000001e8       __imp__TlsGetValue@4       306b91e8     kernel32:KERNEL32.dll
 0004:000001ec       __imp__GetLastError@0      306b91ec     kernel32:KERNEL32.dll
 0004:000001f0       __imp__GetCurrentThread@0  306b91f0     kernel32:KERNEL32.dll
 0004:000001f4       __imp__DebugBreak@0        306b91f4     kernel32:KERNEL32.dll
 0004:000001f8       __imp__GetStdHandle@4      306b91f8     kernel32:KERNEL32.dll
 0004:000001fc       __imp__WriteFile@20        306b91fc     kernel32:KERNEL32.dll
 0004:00000200       __imp__OutputDebugStringA@4 306b9200     kernel32:KERNEL32.dll
 0004:00000204       __imp__LoadLibraryA@4      306b9204     kernel32:KERNEL32.dll
 0004:00000208       __imp__ExitProcess@4       306b9208     kernel32:KERNEL32.dll
 0004:0000020c       __imp__TerminateProcess@8  306b920c     kernel32:KERNEL32.dll
 0004:00000210       __imp__GetCurrentProcess@0 306b9210     kernel32:KERNEL32.dll
 0004:00000214       __imp__SetConsoleCtrlHandler@8 306b9214     kernel32:KERNEL32.dll
 0004:00000218       __imp__EnterCriticalSection@4 306b9218     kernel32:KERNEL32.dll
 0004:0000021c       __imp__LeaveCriticalSection@4 306b921c     kernel32:KERNEL32.dll
 0004:00000220       __imp__InitializeCriticalSection@4 306b9220     kernel32:KERNEL32.dll
 0004:00000224       __imp__DeleteCriticalSection@4 306b9224     kernel32:KERNEL32.dll
 0004:00000228       __imp__FatalAppExitA@8     306b9228     kernel32:KERNEL32.dll
 0004:0000022c       __imp__Sleep@4             306b922c     kernel32:KERNEL32.dll
 0004:00000230       __imp__WideCharToMultiByte@32 306b9230     kernel32:KERNEL32.dll
 0004:00000234       __imp__MultiByteToWideChar@24 306b9234     kernel32:KERNEL32.dll
 0004:00000238       __imp__LCMapStringA@24     306b9238     kernel32:KERNEL32.dll
 0004:0000023c       __imp__LCMapStringW@24     306b923c     kernel32:KERNEL32.dll
 0004:00000240       __imp__SetHandleCount@4    306b9240     kernel32:KERNEL32.dll
 0004:00000244       __imp__GetFileType@4       306b9244     kernel32:KERNEL32.dll
 0004:00000248       __imp__GetStartupInfoA@4   306b9248     kernel32:KERNEL32.dll
 0004:0000024c       __imp__IsBadWritePtr@8     306b924c     kernel32:KERNEL32.dll
 0004:00000250       __imp__IsBadReadPtr@8      306b9250     kernel32:KERNEL32.dll
 0004:00000254       __imp__HeapValidate@12     306b9254     kernel32:KERNEL32.dll
 0004:00000258       __imp__FreeEnvironmentStringsA@4 306b9258     kernel32:KERNEL32.dll
 0004:0000025c       __imp__FreeEnvironmentStringsW@4 306b925c     kernel32:KERNEL32.dll
 0004:00000260       __imp__GetEnvironmentStrings@0 306b9260     kernel32:KERNEL32.dll
 0004:00000264       __imp__GetEnvironmentStringsW@0 306b9264     kernel32:KERNEL32.dll
 0004:00000268       __imp__HeapDestroy@4       306b9268     kernel32:KERNEL32.dll
 0004:0000026c       __imp__HeapCreate@12       306b926c     kernel32:KERNEL32.dll
 0004:00000270       __imp__HeapFree@12         306b9270     kernel32:KERNEL32.dll
 0004:00000274       __imp__VirtualFree@12      306b9274     kernel32:KERNEL32.dll
 0004:00000278       __imp__GetStringTypeA@20   306b9278     kernel32:KERNEL32.dll
 0004:0000027c       __imp__GetStringTypeW@16   306b927c     kernel32:KERNEL32.dll
 0004:00000280       __imp__UnhandledExceptionFilter@4 306b9280     kernel32:KERNEL32.dll
 0004:00000284       __imp__SetFilePointer@16   306b9284     kernel32:KERNEL32.dll
 0004:00000288       __imp__FlushFileBuffers@4  306b9288     kernel32:KERNEL32.dll
 0004:0000028c       __imp__GetCPInfo@8         306b928c     kernel32:KERNEL32.dll
 0004:00000290       __imp__IsValidLocale@8     306b9290     kernel32:KERNEL32.dll
 0004:00000294       __imp__IsValidCodePage@4   306b9294     kernel32:KERNEL32.dll
 0004:00000298       __imp__GetLocaleInfoA@16   306b9298     kernel32:KERNEL32.dll
 0004:0000029c       __imp__EnumSystemLocalesA@8 306b929c     kernel32:KERNEL32.dll
 0004:000002a0       __imp__GetUserDefaultLCID@0 306b92a0     kernel32:KERNEL32.dll
 0004:000002a4       __imp__GetVersionExA@4     306b92a4     kernel32:KERNEL32.dll
 0004:000002a8       __imp__RtlUnwind@16        306b92a8     kernel32:KERNEL32.dll
 0004:000002ac       __imp__HeapAlloc@12        306b92ac     kernel32:KERNEL32.dll
 0004:000002b0       __imp__HeapReAlloc@16      306b92b0     kernel32:KERNEL32.dll
 0004:000002b4       __imp__VirtualAlloc@16     306b92b4     kernel32:KERNEL32.dll
 0004:000002b8       __imp__GetACP@0            306b92b8     kernel32:KERNEL32.dll
 0004:000002bc       __imp__GetOEMCP@0          306b92bc     kernel32:KERNEL32.dll
 0004:000002c0       __imp__SetStdHandle@8      306b92c0     kernel32:KERNEL32.dll
 0004:000002c4       __imp__CloseHandle@4       306b92c4     kernel32:KERNEL32.dll
 0004:000002c8       __imp__GetTimeZoneInformation@4 306b92c8     kernel32:KERNEL32.dll
 0004:000002cc       __imp__GetLocaleInfoW@16   306b92cc     kernel32:KERNEL32.dll
 0004:000002d0       __imp__CompareStringA@24   306b92d0     kernel32:KERNEL32.dll
 0004:000002d4       __imp__CompareStringW@24   306b92d4     kernel32:KERNEL32.dll
 0004:000002d8       __imp__SetEnvironmentVariableA@8 306b92d8     kernel32:KERNEL32.dll
 0004:000002dc       \177KERNEL32_NULL_THUNK_DATA 306b92dc     kernel32:KERNEL32.dll

 entry point at        0001:0004a3c0

