 uix86

 Timestamp is 52585d40 (Fri Oct 11 16:19:12 2013)

 Preferred load address is 40000000

 Start         Length     Name                   Class
 0001:00000000 00054e7cH .text                   CODE
 0001:00054e7c 00026904H .textbss                CODE
 0002:00000000 00007c30H .rdata                  DATA
 0002:00007c30 00000167H .edata                  DATA
 0003:00000000 00000104H .CRT$XCA                DATA
 0003:00000104 00000104H .CRT$XCZ                DATA
 0003:00000208 00000104H .CRT$XIA                DATA
 0003:0000030c 00000109H .CRT$XIC                DATA
 0003:00000418 00000104H .CRT$XIZ                DATA
 0003:0000051c 00000104H .CRT$XPA                DATA
 0003:00000620 00000104H .CRT$XPX                DATA
 0003:00000724 00000104H .CRT$XPZ                DATA
 0003:00000828 00000104H .CRT$XTA                DATA
 0003:0000092c 00000104H .CRT$XTZ                DATA
 0003:00000a30 00004f31H .data                   DATA
 0003:00005968 000860b8H .bss                    DATA
 0004:00000000 00000014H .idata$2                DATA
 0004:00000014 00000014H .idata$3                DATA
 0004:00000028 0000018cH .idata$4                DATA
 0004:000001b4 0000018cH .idata$5                DATA
 0004:00000340 000006c8H .idata$6                DATA

  Address         Publics by Value              Rva+Base     Lib:Object

 0001:00000ed0       _BG_FindItemForPowerup     40001ed0 f   bg_misc.obj
 0001:00000f80       _BG_FindItemForHoldable    40001f80 f   bg_misc.obj
 0001:00001030       _BG_FindItemForWeapon      40002030 f   bg_misc.obj
 0001:000010c0       _BG_FindItem               400020c0 f   bg_misc.obj
 0001:00001140       _BG_PlayerTouchesItem      40002140 f   bg_misc.obj
 0001:00001240       _BG_CanItemBeGrabbed       40002240 f   bg_misc.obj
 0001:00001520       _BG_EvaluateTrajectory     40002520 f   bg_misc.obj
 0001:00001830       _BG_EvaluateTrajectoryDelta 40002830 f   bg_misc.obj
 0001:00001a80       _BG_AddPredictableEventToPlayerstate 40002a80 f   bg_misc.obj
 0001:00001b80       _BG_TouchJumpPad           40002b80 f   bg_misc.obj
 0001:00001cc0       _BG_PlayerStateToEntityState 40002cc0 f   bg_misc.obj
 0001:00002100       _BG_PlayerStateToEntityStateExtraPolate 40003100 f   bg_misc.obj
 0001:00002560       _Q_rand                    40003560 f   q_math.obj
 0001:000025b0       _Q_random                  400035b0 f   q_math.obj
 0001:00002610       _Q_crandom                 40003610 f   q_math.obj
 0001:00002660       _ClampChar                 40003660 f   q_math.obj
 0001:000026b0       _ClampShort                400036b0 f   q_math.obj
 0001:00002710       _DirToByte                 40003710 f   q_math.obj
 0001:000027f0       _ByteToDir                 400037f0 f   q_math.obj
 0001:000028a0       _ColorBytes3               400038a0 f   q_math.obj
 0001:00002910       _ColorBytes4               40003910 f   q_math.obj
 0001:00002990       _NormalizeColor            40003990 f   q_math.obj
 0001:00002a80       _PlaneFromPoints           40003a80 f   q_math.obj
 0001:00002c40       _RotatePointAroundVector   40003c40 f   q_math.obj
 0001:00002f20       _RotateAroundDirection     40003f20 f   q_math.obj
 0001:00002ff0       _vectoangles               40003ff0 f   q_math.obj
 0001:000031e0       _AnglesToAxis              400041e0 f   q_math.obj
 0001:00003270       _AxisClear                 40004270 f   q_math.obj
 0001:00003310       _AxisCopy                  40004310 f   q_math.obj
 0001:000033c0       _ProjectPointOnPlane       400043c0 f   q_math.obj
 0001:00003520       _MakeNormalVectors         40004520 f   q_math.obj
 0001:00003630       _VectorRotate              40004630 f   q_math.obj
 0001:00003700       _Q_rsqrt                   40004700 f   q_math.obj
 0001:00003780       _Q_fabs                    40004780 f   q_math.obj
 0001:000037d0       _LerpAngle                 400047d0 f   q_math.obj
 0001:00003860       _AngleSubtract             40004860 f   q_math.obj
 0001:000038e0       _AnglesSubtract            400048e0 f   q_math.obj
 0001:00003980       _AngleMod                  40004980 f   q_math.obj
 0001:000039e0       _AngleNormalize360         400049e0 f   q_math.obj
 0001:00003a40       _AngleNormalize180         40004a40 f   q_math.obj
 0001:00003ab0       _AngleDelta                40004ab0 f   q_math.obj
 0001:00003b00       _SetPlaneSignbits          40004b00 f   q_math.obj
 0001:00003b90       _BoxOnPlaneSide            40004b90 f   q_math.obj
 0001:00003e60       _RadiusFromBounds          40004e60 f   q_math.obj
 0001:00003fc0       _ClearBounds               40004fc0 f   q_math.obj
 0001:00004030       _AddPointToBounds          40005030 f   q_math.obj
 0001:00004140       _VectorNormalize           40005140 f   q_math.obj
 0001:00004220       _VectorNormalize2          40005220 f   q_math.obj
 0001:00004320       __VectorMA                 40005320 f   q_math.obj
 0001:000043a0       __DotProduct               400053a0 f   q_math.obj
 0001:00004400       __VectorSubtract           40005400 f   q_math.obj
 0001:00004470       __VectorAdd                40005470 f   q_math.obj
 0001:000044e0       __VectorCopy               400054e0 f   q_math.obj
 0001:00004540       __VectorScale              40005540 f   q_math.obj
 0001:000045a0       _Vector4Scale              400055a0 f   q_math.obj
 0001:00004610       _Q_log2                    40005610 f   q_math.obj
 0001:00004670       _MatrixMultiply            40005670 f   q_math.obj
 0001:000048a0       _AngleVectors              400058a0 f   q_math.obj
 0001:00004b20       _PerpendicularVector       40005b20 f   q_math.obj
 0001:00004c30       _Com_Clamp                 40005c30 f   q_shared.obj
 0001:00004c90       _COM_SkipPath              40005c90 f   q_shared.obj
 0001:00004d00       _COM_StripExtension        40005d00 f   q_shared.obj
 0001:00004d70       _COM_DefaultExtension      40005d70 f   q_shared.obj
 0001:00004e40       _ShortSwap                 40005e40 f   q_shared.obj
 0001:00004eb0       _ShortNoSwap               40005eb0 f   q_shared.obj
 0001:00004ee0       _LongSwap                  40005ee0 f   q_shared.obj
 0001:00004f90       _LongNoSwap                40005f90 f   q_shared.obj
 0001:00004fc0       _Long64Swap                40005fc0 f   q_shared.obj
 0001:00005030       _Long64NoSwap              40006030 f   q_shared.obj
 0001:00005060       _FloatSwap                 40006060 f   q_shared.obj
 0001:000050c0       _FloatNoSwap               400060c0 f   q_shared.obj
 0001:000050f0       _COM_BeginParseSession     400060f0 f   q_shared.obj
 0001:00005160       _COM_GetCurrentParseLine   40006160 f   q_shared.obj
 0001:00005190       _COM_Parse                 40006190 f   q_shared.obj
 0001:000051e0       _COM_ParseError            400061e0 f   q_shared.obj
 0001:00005270       _COM_ParseWarning          40006270 f   q_shared.obj
 0001:00005300       _COM_Compress              40006300 f   q_shared.obj
 0001:000055a0       _COM_ParseExt              400065a0 f   q_shared.obj
 0001:00005900       _COM_MatchToken            40006900 f   q_shared.obj
 0001:00005980       _SkipBracedSection         40006980 f   q_shared.obj
 0001:00005a30       _SkipRestOfLine            40006a30 f   q_shared.obj
 0001:00005ab0       _Parse1DMatrix             40006ab0 f   q_shared.obj
 0001:00005b60       _Parse2DMatrix             40006b60 f   q_shared.obj
 0001:00005c10       _Parse3DMatrix             40006c10 f   q_shared.obj
 0001:00005cc0       _Q_isprint                 40006cc0 f   q_shared.obj
 0001:00005d10       _Q_islower                 40006d10 f   q_shared.obj
 0001:00005d60       _Q_isupper                 40006d60 f   q_shared.obj
 0001:00005db0       _Q_isalpha                 40006db0 f   q_shared.obj
 0001:00005e00       _Q_strrchr                 40006e00 f   q_shared.obj
 0001:00005e90       _Q_strncpyz                40006e90 f   q_shared.obj
 0001:00005f40       _Q_stricmpn                40006f40 f   q_shared.obj
 0001:00006060       _Q_strncmp                 40007060 f   q_shared.obj
 0001:00006100       _Q_stricmp                 40007100 f   q_shared.obj
 0001:00006170       _Q_strlwr                  40007170 f   q_shared.obj
 0001:000061f0       _Q_strupr                  400071f0 f   q_shared.obj
 0001:00006270       _Q_strcat                  40007270 f   q_shared.obj
 0001:00006300       _Q_PrintStrlen             40007300 f   q_shared.obj
 0001:000063b0       _Q_CleanStr                400073b0 f   q_shared.obj
 0001:00006480       _Com_sprintf               40007480 f   q_shared.obj
 0001:00006560       _va                        40007560 f   q_shared.obj
 0001:000065f0       _Info_ValueForKey          400075f0 f   q_shared.obj
 0001:00006800       _Info_NextPair             40007800 f   q_shared.obj
 0001:00006920       _Info_RemoveKey            40007920 f   q_shared.obj
 0001:00006b10       _Info_RemoveKey_Big        40007b10 f   q_shared.obj
 0001:00006d00       _Info_Validate             40007d00 f   q_shared.obj
 0001:00006d70       _Info_SetValueForKey       40007d70 f   q_shared.obj
 0001:00006f80       _Info_SetValueForKey_Big   40007f80 f   q_shared.obj
 0001:00007170       _UI_AddBots_Cache          40008170 f   ui_addbots.obj
 0001:00007230       _UI_AddBotsMenu            40008230 f   ui_addbots.obj
 0001:00007df0       _Com_Error                 40008df0 f   ui_atoms.obj
 0001:00007e80       _Com_Printf                40008e80 f   ui_atoms.obj
 0001:00007f10       _UI_ClampCvar              40008f10 f   ui_atoms.obj
 0001:00007f70       _UI_StartDemoLoop          40008f70 f   ui_atoms.obj
 0001:00007fc0       _UI_PushMenu               40008fc0 f   ui_atoms.obj
 0001:00008140       _UI_PopMenu                40009140 f   ui_atoms.obj
 0001:000081f0       _UI_ForceMenuOff           400091f0 f   ui_atoms.obj
 0001:00008270       _UI_LerpColor              40009270 f   ui_atoms.obj
 0001:00008350       _UI_DrawBannerString       40009350 f   ui_atoms.obj
 0001:000086e0       _UI_ProportionalStringWidth 400096e0 f   ui_atoms.obj
 0001:00008780       _UI_ProportionalSizeScale  40009780 f   ui_atoms.obj
 0001:000087d0       _UI_DrawProportionalString 400097d0 f   ui_atoms.obj
 0001:00008cd0       _UI_DrawProportionalString_AutoWrapped 40009cd0 f   ui_atoms.obj
 0001:00008ef0       _UI_DrawString             40009ef0 f   ui_atoms.obj
 0001:000093c0       _UI_DrawChar               4000a3c0 f   ui_atoms.obj
 0001:00009430       _UI_IsFullscreen           4000a430 f   ui_atoms.obj
 0001:00009490       _UI_SetActiveMenu          4000a490 f   ui_atoms.obj
 0001:00009620       _UI_KeyEvent               4000a620 f   ui_atoms.obj
 0001:000096f0       _UI_MouseEvent             4000a6f0 f   ui_atoms.obj
 0001:00009980       _UI_Argv                   4000a980 f   ui_atoms.obj
 0001:000099e0       _UI_Cvar_VariableString    4000a9e0 f   ui_atoms.obj
 0001:00009a40       _UI_Cache_f                4000aa40 f   ui_atoms.obj
 0001:00009b30       _UI_ConsoleCommand         4000ab30 f   ui_atoms.obj
 0001:00009ce0       _UI_Shutdown               4000ace0 f   ui_atoms.obj
 0001:00009d10       _UI_Init                   4000ad10 f   ui_atoms.obj
 0001:00009df0       _UI_AdjustFrom640          4000adf0 f   ui_atoms.obj
 0001:00009e70       _UI_DrawNamedPic           4000ae70 f   ui_atoms.obj
 0001:00009f10       _UI_DrawHandlePic          4000af10 f   ui_atoms.obj
 0001:0000a020       _UI_FillRect               4000b020 f   ui_atoms.obj
 0001:0000a0c0       _UI_DrawRect               4000b0c0 f   ui_atoms.obj
 0001:0000a220       _UI_SetColor               4000b220 f   ui_atoms.obj
 0001:0000a270       _UI_UpdateScreen           4000b270 f   ui_atoms.obj
 0001:0000a2b0       _UI_Refresh                4000b2b0 f   ui_atoms.obj
 0001:0000a4d0       _UI_DrawTextBox            4000b4d0 f   ui_atoms.obj
 0001:0000a5e0       _UI_CursorInRect           4000b5e0 f   ui_atoms.obj
 0001:0000a650       _UI_CDKeyMenu_Cache        4000b650 f   ui_cdkey.obj
 0001:0000a6e0       _UI_CDKeyMenu              4000b6e0 f   ui_cdkey.obj
 0001:0000ae00       _UI_CDKeyMenu_f            4000be00 f   ui_cdkey.obj
 0001:0000ae40       _UI_CinematicsMenu_Cache   4000be40 f   ui_cinematics.obj
 0001:0000aec0       _UI_CinematicsMenu         4000bec0 f   ui_cinematics.obj
 0001:0000b930       _UI_CinematicsMenu_f       4000c930 f   ui_cinematics.obj
 0001:0000b9b0       _MyCivMain_MenuInit        4000c9b0 f   ui_classmenu.obj
 0001:0000bda0       _MyCivMain_Cache           4000cda0 f   ui_classmenu.obj
 0001:0000bdf0       _UI_MyCivMainMenu          4000cdf0 f   ui_classmenu.obj
 0001:0000be40       _ConfirmMenu_Cache         4000ce40 f   ui_confirm.obj
 0001:0000be90       _UI_ConfirmMenu_Style      4000ce90 f   ui_confirm.obj
 0001:0000c410       _UI_ConfirmMenu            4000d410 f   ui_confirm.obj
 0001:0000c470       _UI_Message                4000d470 f   ui_confirm.obj
 0001:0000c730       _UI_DrawConnectScreen      4000d730 f   ui_connect.obj
 0001:0000d320       _UI_KeyConnect             4000e320 f   ui_connect.obj
 0001:0000d370       _Controls_Cache            4000e370 f   ui_controls2.obj
 0001:0000d3f0       _UI_ControlsMenu           4000e3f0 f   ui_controls2.obj
 0001:00010340       _UI_CreditMenu             40011340 f   ui_credits.obj
 0001:000108d0       _Demos_Cache               400118d0 f   ui_demo2.obj
 0001:000109a0       _UI_DemosMenu              400119a0 f   ui_demo2.obj
 0001:000111a0       _UI_DisplayOptionsMenu_Cache 400121a0 f   ui_display.obj
 0001:00011220       _UI_DisplayOptionsMenu     40012220 f   ui_display.obj
 0001:00011970       _UI_Alloc                  40012970 f   ui_gameinfo.obj
 0001:000119f0       _UI_InitMemory             400129f0 f   ui_gameinfo.obj
 0001:00011a30       _UI_ParseInfos             40012a30 f   ui_gameinfo.obj
 0001:00011c90       _UI_GetArenaInfoByNumber   40012c90 f   ui_gameinfo.obj
 0001:00011d80       _UI_GetArenaInfoByMap      40012d80 f   ui_gameinfo.obj
 0001:00011e20       _UI_GetSpecialArenaInfo    40012e20 f   ui_gameinfo.obj
 0001:00011ec0       _UI_GetBotInfoByNumber     40012ec0 f   ui_gameinfo.obj
 0001:00011f40       _UI_GetBotInfoByName       40012f40 f   ui_gameinfo.obj
 0001:00011ff0       _UI_GetBestScore           40012ff0 f   ui_gameinfo.obj
 0001:00012160       _UI_SetBestScore           40013160 f   ui_gameinfo.obj
 0001:000122d0       _UI_LogAwardData           400132d0 f   ui_gameinfo.obj
 0001:00012400       _UI_GetAwardLevel          40013400 f   ui_gameinfo.obj
 0001:000124a0       _UI_TierCompleted          400134a0 f   ui_gameinfo.obj
 0001:000125f0       _UI_ShowTierVideo          400135f0 f   ui_gameinfo.obj
 0001:00012700       _UI_CanShowTierVideo       40013700 f   ui_gameinfo.obj
 0001:000127e0       _UI_GetCurrentGame         400137e0 f   ui_gameinfo.obj
 0001:00012920       _UI_NewGame                40013920 f   ui_gameinfo.obj
 0001:000129f0       _UI_GetNumArenas           400139f0 f   ui_gameinfo.obj
 0001:00012a20       _UI_GetNumSPArenas         40013a20 f   ui_gameinfo.obj
 0001:00012a50       _UI_GetNumSPTiers          40013a50 f   ui_gameinfo.obj
 0001:00012a90       _UI_GetNumBots             40013a90 f   ui_gameinfo.obj
 0001:00012ac0       _UI_SPUnlock_f             40013ac0 f   ui_gameinfo.obj
 0001:00012c10       _UI_SPUnlockMedals_f       40013c10 f   ui_gameinfo.obj
 0001:00012d00       _UI_InitGameinfo           40013d00 f   ui_gameinfo.obj
 0001:00013820       _InGame_Event              40014820 f   ui_ingame.obj
 0001:00013a00       _InGame_MenuInit           40014a00 f   ui_ingame.obj
 0001:00014260       _InGame_Cache              40015260 f   ui_ingame.obj
 0001:000142b0       _UI_InGameMenu             400152b0 f   ui_ingame.obj
 0001:00014320       _vmMain                    40015320 f   ui_main.obj
 0001:00014470       _UI_RegisterCvars          40015470 f   ui_main.obj
 0001:00014510       _UI_UpdateCvars            40015510 f   ui_main.obj
 0001:00014590       _Main_MenuEvent            40015590 f   ui_menu.obj
 0001:000146f0       _MainMenu_Cache            400156f0 f   ui_menu.obj
 0001:00014740       _ErrorMessage_Key          40015740 f   ui_menu.obj
 0001:000147a0       _UI_MainMenu               400157a0 f   ui_menu.obj
 0001:00015360       _MField_Draw               40016360 f   ui_mfield.obj
 0001:000155e0       _MField_Paste              400165e0 f   ui_mfield.obj
 0001:00015680       _MField_KeyDownEvent       40016680 f   ui_mfield.obj
 0001:00015940       _MField_CharEvent          40016940 f   ui_mfield.obj
 0001:00015c10       _MField_Clear              40016c10 f   ui_mfield.obj
 0001:00015c60       _MenuField_Init            40016c60 f   ui_mfield.obj
 0001:00015d70       _MenuField_Draw            40016d70 f   ui_mfield.obj
 0001:00015f70       _MenuField_Key             40016f70 f   ui_mfield.obj
 0001:000161e0       _UI_ModsMenu_Cache         400171e0 f   ui_mods.obj
 0001:00016280       _UI_ModsMenu               40017280 f   ui_mods.obj
 0001:000169a0       _UI_NetworkOptionsMenu_Cache 400179a0 f   ui_network.obj
 0001:00016a20       _UI_NetworkOptionsMenu     40017a20 f   ui_network.obj
 0001:00017190       _SystemConfig_Cache        40018190 f   ui_options.obj
 0001:00017210       _Options_MenuInit          40018210 f   ui_options.obj
 0001:00017790       _UI_SystemConfigMenu       40018790 f   ui_options.obj
 0001:000177e0       _PlayerModel_Cache         400187e0 f   ui_playermodel.obj
 0001:00017c40       _UI_PlayerModelMenu        40018c40 f   ui_playermodel.obj
 0001:00019250       _UI_MachinegunSpinAngle    4001a250 f   ui_players.obj
 0001:000193a0       _UI_DrawPlayer             4001a3a0 f   ui_players.obj
 0001:0001b790       _UI_RegisterClientModelname 4001c790 f   ui_players.obj
 0001:0001bf90       _UI_PlayerInfo_SetModel    4001cf90 f   ui_players.obj
 0001:0001c090       _UI_PlayerInfo_SetInfo     4001d090 f   ui_players.obj
 0001:0001c530       _PlayerSettings_Cache      4001d530 f   ui_playersettings.obj
 0001:0001c680       _UI_PlayerSettingsMenu     4001d680 f   ui_playersettings.obj
 0001:0001d610       _Preferences_Cache         4001e610 f   ui_preferences.obj
 0001:0001d6e0       _UI_PreferencesMenu        4001e6e0 f   ui_preferences.obj
 0001:0001e670       _Bitmap_Init               4001f670 f   ui_qmenu.obj
 0001:0001e780       _Bitmap_Draw               4001f780 f   ui_qmenu.obj
 0001:0001eb20       _ScrollList_Key            4001fb20 f   ui_qmenu.obj
 0001:0001f570       _ScrollList_Draw           40020570 f   ui_qmenu.obj
 0001:0001f7a0       _Menu_AddItem              400207a0 f   ui_qmenu.obj
 0001:00020040       _Menu_CursorMoved          40021040 f   ui_qmenu.obj
 0001:00020150       _Menu_SetCursor            40021150 f   ui_qmenu.obj
 0001:000201d0       _Menu_SetCursorToItem      400211d0 f   ui_qmenu.obj
 0001:00020260       _Menu_AdjustCursor         40021260 f   ui_qmenu.obj
 0001:000203c0       _Menu_Draw                 400213c0 f   ui_qmenu.obj
 0001:000211a0       _Menu_ItemAtCursor         400221a0 f   ui_qmenu.obj
 0001:00021200       _Menu_ActivateItem         40022200 f   ui_qmenu.obj
 0001:00021280       _Menu_DefaultKey           40022280 f   ui_qmenu.obj
 0001:00021ce0       _Menu_Cache                40022ce0 f   ui_qmenu.obj
 0001:00021ef0       _UI_RemoveBots_Cache       40022ef0 f   ui_removebots.obj
 0001:00021f80       _UI_RemoveBotsMenu         40022f80 f   ui_removebots.obj
 0001:000229a0       _Favorites_Add             400239a0 f   ui_serverinfo.obj
 0001:00022b10       _ServerInfo_Cache          40023b10 f   ui_serverinfo.obj
 0001:00022b90       _UI_ServerInfoMenu         40023b90 f   ui_serverinfo.obj
 0001:00023170       _ArenaServers_InsertFavorites 40024170 f   ui_servers2.obj
 0001:00023660       _ArenaServers_LoadFavorites 40024660 f   ui_servers2.obj
 0001:000238e0       _ArenaServers_SaveChanges  400248e0 f   ui_servers2.obj
 0001:000239b0       _ArenaServers_Sort         400249b0 f   ui_servers2.obj
 0001:00023c20       _ArenaServers_SetType      40024c20 f   ui_servers2.obj
 0001:000247c0       _ArenaServers_Cache        400257c0 f   ui_servers2.obj
 0001:000248f0       _UI_ArenaServersMenu       400258f0 f   ui_servers2.obj
 0001:000262c0       _UI_SetupMenu_Cache        400272c0 f   ui_setup.obj
 0001:00026340       _UI_SetupMenu              40027340 f   ui_setup.obj
 0001:00026b60       _UI_SoundOptionsMenu_Cache 40027b60 f   ui_sound.obj
 0001:00026be0       _UI_SoundOptionsMenu       40027be0 f   ui_sound.obj
 0001:00027480       _UI_SPArena_Start          40028480 f   ui_sparena.obj
 0001:000275e0       _SpecifyServer_MenuInit    400285e0 f   ui_specifyserver.obj
 0001:00027ae0       _SpecifyServer_Cache       40028ae0 f   ui_specifyserver.obj
 0001:00027b60       _UI_SpecifyServerMenu      40028b60 f   ui_specifyserver.obj
 0001:00027bb0       _UI_SPLevelMenu_Cache      40028bb0 f   ui_splevel.obj
 0001:00027e10       _UI_SPLevelMenu            40028e10 f   ui_splevel.obj
 0001:0002a1e0       _UI_SPLevelMenu_f          4002b1e0 f   ui_splevel.obj
 0001:0002a240       _UI_SPLevelMenu_ReInit     4002b240 f   ui_splevel.obj
 0001:0002a280       _UI_SPPostgameMenu_Cache   4002b280 f   ui_sppostgame.obj
 0001:0002a3d0       _UI_SPPostgameMenu_f       4002b3d0 f   ui_sppostgame.obj
 0001:0002b950       _Reset_MenuEvent           4002c950 f   ui_spreset.obj
 0001:0002b9d0       _Reset_Cache               4002c9d0 f   ui_spreset.obj
 0001:0002ba20       _UI_ResetMenu              4002ca20 f   ui_spreset.obj
 0001:0002bf50       _UI_SPSkillMenu_Cache      4002cf50 f   ui_spskill.obj
 0001:0002c080       _UI_SPSkillMenu            4002d080 f   ui_spskill.obj
 0001:0002c9b0       _StartServer_Cache         4002d9b0 f   ui_startserver.obj
 0001:0002cd50       _UI_StartServerMenu        4002dd50 f   ui_startserver.obj
 0001:0002dea0       _ServerOptions_Cache       4002eea0 f   ui_startserver.obj
 0001:00030040       _UI_BotSelectMenu_Cache    40031040 f   ui_startserver.obj
 0001:00030110       _UI_BotSelectMenu          40031110 f   ui_startserver.obj
 0001:00031350       _dllEntry                  40032350 f   ui_syscalls.obj
 0001:00031380       _PASSFLOAT                 40032380 f   ui_syscalls.obj
 0001:000313c0       _trap_Print                400323c0 f   ui_syscalls.obj
 0001:00031420       _trap_Error                40032420 f   ui_syscalls.obj
 0001:00031480       _trap_Milliseconds         40032480 f   ui_syscalls.obj
 0001:000314d0       _trap_Cvar_Register        400324d0 f   ui_syscalls.obj
 0001:00031530       _trap_Cvar_Update          40032530 f   ui_syscalls.obj
 0001:00031590       _trap_Cvar_Set             40032590 f   ui_syscalls.obj
 0001:000315f0       _trap_Cvar_VariableValue   400325f0 f   ui_syscalls.obj
 0001:00031650       _trap_Cvar_VariableStringBuffer 40032650 f   ui_syscalls.obj
 0001:000316b0       _trap_Cvar_SetValue        400326b0 f   ui_syscalls.obj
 0001:00031720       _trap_Cvar_Reset           40032720 f   ui_syscalls.obj
 0001:00031780       _trap_Cvar_Create          40032780 f   ui_syscalls.obj
 0001:000317e0       _trap_Cvar_InfoStringBuffer 400327e0 f   ui_syscalls.obj
 0001:00031840       _trap_Argc                 40032840 f   ui_syscalls.obj
 0001:00031890       _trap_Argv                 40032890 f   ui_syscalls.obj
 0001:000318f0       _trap_Cmd_ExecuteText      400328f0 f   ui_syscalls.obj
 0001:00031950       _trap_FS_FOpenFile         40032950 f   ui_syscalls.obj
 0001:000319b0       _trap_FS_Read              400329b0 f   ui_syscalls.obj
 0001:00031a10       _trap_FS_Write             40032a10 f   ui_syscalls.obj
 0001:00031a70       _trap_FS_FCloseFile        40032a70 f   ui_syscalls.obj
 0001:00031ad0       _trap_FS_GetFileList       40032ad0 f   ui_syscalls.obj
 0001:00031b30       _trap_FS_Seek              40032b30 f   ui_syscalls.obj
 0001:00031b90       _trap_R_RegisterModel      40032b90 f   ui_syscalls.obj
 0001:00031bf0       _trap_R_RegisterSkin       40032bf0 f   ui_syscalls.obj
 0001:00031c50       _trap_R_RegisterFont       40032c50 f   ui_syscalls.obj
 0001:00031cb0       _trap_R_RegisterShaderNoMip 40032cb0 f   ui_syscalls.obj
 0001:00031d10       _trap_R_ClearScene         40032d10 f   ui_syscalls.obj
 0001:00031d60       _trap_R_AddRefEntityToScene 40032d60 f   ui_syscalls.obj
 0001:00031dc0       _trap_R_AddPolyToScene     40032dc0 f   ui_syscalls.obj
 0001:00031e20       _trap_R_AddLightToScene    40032e20 f   ui_syscalls.obj
 0001:00031ec0       _trap_R_RenderScene        40032ec0 f   ui_syscalls.obj
 0001:00031f20       _trap_R_SetColor           40032f20 f   ui_syscalls.obj
 0001:00031f80       _trap_R_DrawStretchPic     40032f80 f   ui_syscalls.obj
 0001:00032060       _trap_R_ModelBounds        40033060 f   ui_syscalls.obj
 0001:000320c0       _trap_UpdateScreen         400330c0 f   ui_syscalls.obj
 0001:00032110       _trap_CM_LerpTag           40033110 f   ui_syscalls.obj
 0001:00032190       _trap_S_StartLocalSound    40033190 f   ui_syscalls.obj
 0001:000321f0       _trap_S_RegisterSound      400331f0 f   ui_syscalls.obj
 0001:00032250       _trap_Key_KeynumToStringBuf 40033250 f   ui_syscalls.obj
 0001:000322b0       _trap_Key_GetBindingBuf    400332b0 f   ui_syscalls.obj
 0001:00032310       _trap_Key_SetBinding       40033310 f   ui_syscalls.obj
 0001:00032370       _trap_Key_IsDown           40033370 f   ui_syscalls.obj
 0001:000323d0       _trap_Key_GetOverstrikeMode 400333d0 f   ui_syscalls.obj
 0001:00032420       _trap_Key_SetOverstrikeMode 40033420 f   ui_syscalls.obj
 0001:00032480       _trap_Key_ClearStates      40033480 f   ui_syscalls.obj
 0001:000324d0       _trap_Key_GetCatcher       400334d0 f   ui_syscalls.obj
 0001:00032520       _trap_Key_SetCatcher       40033520 f   ui_syscalls.obj
 0001:00032580       _trap_GetClipboardData     40033580 f   ui_syscalls.obj
 0001:000325e0       _trap_GetClientState       400335e0 f   ui_syscalls.obj
 0001:00032640       _trap_GetGlconfig          40033640 f   ui_syscalls.obj
 0001:000326a0       _trap_GetConfigString      400336a0 f   ui_syscalls.obj
 0001:00032700       _trap_LAN_GetServerCount   40033700 f   ui_syscalls.obj
 0001:00032760       _trap_LAN_GetServerAddressString 40033760 f   ui_syscalls.obj
 0001:000327c0       _trap_LAN_GetServerInfo    400337c0 f   ui_syscalls.obj
 0001:00032820       _trap_LAN_GetServerPing    40033820 f   ui_syscalls.obj
 0001:00032880       _trap_LAN_GetPingQueueCount 40033880 f   ui_syscalls.obj
 0001:000328d0       _trap_LAN_ServerStatus     400338d0 f   ui_syscalls.obj
 0001:00032930       _trap_LAN_SaveCachedServers 40033930 f   ui_syscalls.obj
 0001:00032980       _trap_LAN_LoadCachedServers 40033980 f   ui_syscalls.obj
 0001:000329d0       _trap_LAN_ResetPings       400339d0 f   ui_syscalls.obj
 0001:00032a30       _trap_LAN_ClearPing        40033a30 f   ui_syscalls.obj
 0001:00032a90       _trap_LAN_GetPing          40033a90 f   ui_syscalls.obj
 0001:00032af0       _trap_LAN_GetPingInfo      40033af0 f   ui_syscalls.obj
 0001:00032b50       _trap_LAN_MarkServerVisible 40033b50 f   ui_syscalls.obj
 0001:00032bb0       _trap_LAN_ServerIsVisible  40033bb0 f   ui_syscalls.obj
 0001:00032c10       _trap_LAN_UpdateVisiblePings 40033c10 f   ui_syscalls.obj
 0001:00032c70       _trap_LAN_AddServer        40033c70 f   ui_syscalls.obj
 0001:00032cd0       _trap_LAN_RemoveServer     40033cd0 f   ui_syscalls.obj
 0001:00032d30       _trap_LAN_CompareServers   40033d30 f   ui_syscalls.obj
 0001:00032da0       _trap_MemoryRemaining      40033da0 f   ui_syscalls.obj
 0001:00032df0       _trap_GetCDKey             40033df0 f   ui_syscalls.obj
 0001:00032e50       _trap_SetCDKey             40033e50 f   ui_syscalls.obj
 0001:00032eb0       _trap_PC_AddGlobalDefine   40033eb0 f   ui_syscalls.obj
 0001:00032f10       _trap_PC_LoadSource        40033f10 f   ui_syscalls.obj
 0001:00032f70       _trap_PC_FreeSource        40033f70 f   ui_syscalls.obj
 0001:00032fd0       _trap_PC_ReadToken         40033fd0 f   ui_syscalls.obj
 0001:00033030       _trap_PC_SourceFileAndLine 40034030 f   ui_syscalls.obj
 0001:00033090       _trap_S_StopBackgroundTrack 40034090 f   ui_syscalls.obj
 0001:000330e0       _trap_S_StartBackgroundTrack 400340e0 f   ui_syscalls.obj
 0001:00033140       _trap_RealTime             40034140 f   ui_syscalls.obj
 0001:000331a0       _trap_CIN_PlayCinematic    400341a0 f   ui_syscalls.obj
 0001:00033210       _trap_CIN_StopCinematic    40034210 f   ui_syscalls.obj
 0001:00033270       _trap_CIN_RunCinematic     40034270 f   ui_syscalls.obj
 0001:000332d0       _trap_CIN_DrawCinematic    400342d0 f   ui_syscalls.obj
 0001:00033330       _trap_CIN_SetExtents       40034330 f   ui_syscalls.obj
 0001:000333a0       _trap_R_RemapShader        400343a0 f   ui_syscalls.obj
 0001:00033400       _trap_VerifyCDKey          40034400 f   ui_syscalls.obj
 0001:00033460       _trap_SetPbClStatus        40034460 f   ui_syscalls.obj
 0001:000334c0       _TeamMain_MenuInit         400344c0 f   ui_team.obj
 0001:00033980       _TeamMain_Cache            40034980 f   ui_team.obj
 0001:000339d0       _UI_TeamMainMenu           400349d0 f   ui_team.obj
 0001:00033a20       _UI_TeamOrdersMenu_Key     40034a20 f   ui_teamorders.obj
 0001:00033c90       _UI_TeamOrdersMenu_Cache   40034c90 f   ui_teamorders.obj
 0001:00033d00       _UI_TeamOrdersMenu         40034d00 f   ui_teamorders.obj
 0001:00034620       _UI_TeamOrdersMenu_f       40035620 f   ui_teamorders.obj
 0001:00034740       _DriverInfo_Cache          40035740 f   ui_video.obj
 0001:000347c0       _GraphicsOptions_MenuDraw  400357c0 f   ui_video.obj
 0001:00034be0       _GraphicsOptions_MenuInit  40035be0 f   ui_video.obj
 0001:000365b0       _GraphicsOptions_Cache     400375b0 f   ui_video.obj
 0001:00036650       _UI_GraphicsOptionsMenu    40037650 f   ui_video.obj
 0001:000366b0       __chkesp                   400376b0 f   LIBCMTD:chkesp.obj
 0001:000366f0       __fpmath                   400376f0 f   LIBCMTD:fpinit.obj
 0001:00036720       __fpclear                  40037720 f   LIBCMTD:fpinit.obj
 0001:00036730       __cfltcvt_init             40037730 f   LIBCMTD:fpinit.obj
 0001:00036780       ___setfflag                40037780 f   LIBCMTD:fpinit.obj
 0001:000367a0       __CIsin                    400377a0 f   LIBCMTD:sin.obj
 0001:000367b4       _sin                       400377b4 f   LIBCMTD:sin.obj
 0001:00036850       __CIcos                    40037850 f   LIBCMTD:cos.obj
 0001:00036864       _cos                       40037864 f   LIBCMTD:cos.obj
 0001:00036900       _atof                      40037900 f   LIBCMTD:atof.obj
 0001:00036980       _fabs                      40037980 f   LIBCMTD:fabs.obj
 0001:00036a74       __ftol                     40037a74 f   LIBCMTD:ftol.obj
 0001:00036aa0       _memset                    40037aa0 f   LIBCMTD:memset.obj
 0001:00036b00       _memcpy                    40037b00 f   LIBCMTD:memcpy.obj
 0001:00036e40       __CIsqrt                   40037e40 f   LIBCMTD:sqrt.obj
 0001:00036e54       _sqrt                      40037e54 f   LIBCMTD:sqrt.obj
 0001:00036f00       _atan2                     40037f00 f   LIBCMTD:87ctriga.obj
 0001:00036f0a       __CIatan2                  40037f0a f   LIBCMTD:87ctriga.obj
 0001:00036f20       __assert                   40037f20 f   LIBCMTD:assert.obj
 0001:000372a0       _strlen                    400382a0 f   LIBCMTD:strlen.obj
 0001:00037320       _vsprintf                  40038320 f   LIBCMTD:vsprintf.obj
 0001:00037420       _strcmp                    40038420 f   LIBCMTD:strcmp.obj
 0001:000374b0       _strncpy                   400384b0 f   LIBCMTD:strncpy.obj
 0001:000375b0       __tolower                  400385b0 f   LIBCMTD:tolower.obj
 0001:000375c0       _tolower                   400385c0 f   LIBCMTD:tolower.obj
 0001:00037660       __tolower_lk               40038660 f   LIBCMTD:tolower.obj
 0001:00037790       __toupper                  40038790 f   LIBCMTD:toupper.obj
 0001:000377a0       _toupper                   400387a0 f   LIBCMTD:toupper.obj
 0001:00037840       __toupper_lk               40038840 f   LIBCMTD:toupper.obj
 0001:00037970       __alloca_probe             40038970 f   LIBCMTD:chkstk.obj
 0001:00037970       __chkstk                   40038970 f   LIBCMTD:chkstk.obj
 0001:000379a0       _strcpy                    400389a0 f   LIBCMTD:strcat.obj
 0001:000379b0       _strcat                    400389b0 f   LIBCMTD:strcat.obj
 0001:00037aa0       _strchr                    40038aa0 f   LIBCMTD:strchr.obj
 0001:00037aa6       ___from_strstr_to_strchr   40038aa6 f   LIBCMTD:strchr.obj
 0001:00037b60       _atol                      40038b60 f   LIBCMTD:atox.obj
 0001:00037c60       _atoi                      40038c60 f   LIBCMTD:atox.obj
 0001:00037c80       __atoi64                   40038c80 f   LIBCMTD:atox.obj
 0001:00037db0       _qsort                     40038db0 f   LIBCMTD:qsort.obj
 0001:000380b0       _strstr                    400390b0 f   LIBCMTD:strstr.obj
 0001:00038130       _memmove                   40039130 f   LIBCMTD:memmove.obj
 0001:00038470       _srand                     40039470 f   LIBCMTD:rand.obj
 0001:00038480       _rand                      40039480 f   LIBCMTD:rand.obj
 0001:000384c0       __CItan                    400394c0 f   LIBCMTD:tan.obj
 0001:000384d4       _tan                       400394d4 f   LIBCMTD:tan.obj
 0001:00038580       __CRT_INIT@12              40039580 f   LIBCMTD:dllcrt0.obj
 0001:000386c0       __DllMainCRTStartup@12     400396c0 f   LIBCMTD:dllcrt0.obj
 0001:000387c0       __amsg_exit                400397c0 f   LIBCMTD:dllcrt0.obj
 0001:00038800       __CrtDbgBreak              40039800 f   LIBCMTD:dbgrpt.obj
 0001:00038810       __CrtSetReportMode         40039810 f   LIBCMTD:dbgrpt.obj
 0001:00038870       __CrtSetReportFile         40039870 f   LIBCMTD:dbgrpt.obj
 0001:000388f0       __CrtSetReportHook         400398f0 f   LIBCMTD:dbgrpt.obj
 0001:00038910       __CrtDbgReport             40039910 f   LIBCMTD:dbgrpt.obj
 0001:00038fb0       __setdefaultprecision      40039fb0 f   LIBCMTD:fp8.obj
 0001:00038fd0       __ms_p5_test_fdiv          40039fd0 f   LIBCMTD:testfdiv.obj
 0001:00039030       __ms_p5_mp_test_fdiv       4003a030 f   LIBCMTD:testfdiv.obj
 0001:00039080       __forcdecpt                4003a080 f   LIBCMTD:cvt.obj
 0001:00039130       __cropzeros                4003a130 f   LIBCMTD:cvt.obj
 0001:00039210       __positive                 4003a210 f   LIBCMTD:cvt.obj
 0001:00039240       __fassign                  4003a240 f   LIBCMTD:cvt.obj
 0001:00039290       __cftoe                    4003a290 f   LIBCMTD:cvt.obj
 0001:00039480       __cftof                    4003a480 f   LIBCMTD:cvt.obj
 0001:00039630       __cftog                    4003a630 f   LIBCMTD:cvt.obj
 0001:00039720       __cfltcvt                  4003a720 f   LIBCMTD:cvt.obj
 0001:000397b0       __trandisp1                4003a7b0 f   LIBCMTD:87disp.obj
 0001:00039817       __trandisp2                4003a817 f   LIBCMTD:87disp.obj
 0001:000398a3       __rttospopde               4003a8a3 f   LIBCMTD:87disp.obj
 0001:000398a8       __rttospop                 4003a8a8 f   LIBCMTD:87disp.obj
 0001:000398aa       __rtnospop                 4003a8aa f   LIBCMTD:87disp.obj
 0001:000398ac       __rttosnpop                4003a8ac f   LIBCMTD:87disp.obj
 0001:000398ad       __rtnospopde               4003a8ad f   LIBCMTD:87disp.obj
 0001:000398b4       __rtzeropop                4003a8b4 f   LIBCMTD:87disp.obj
 0001:000398b6       __rtzeronpop               4003a8b6 f   LIBCMTD:87disp.obj
 0001:000398bb       __rtonepop                 4003a8bb f   LIBCMTD:87disp.obj
 0001:000398bd       __rtonenpop                4003a8bd f   LIBCMTD:87disp.obj
 0001:000398c2       __tosnan1                  4003a8c2 f   LIBCMTD:87disp.obj
 0001:000398ed       __nosnan2                  4003a8ed f   LIBCMTD:87disp.obj
 0001:000398ef       __tosnan2                  4003a8ef f   LIBCMTD:87disp.obj
 0001:00039917       __nan2                     4003a917 f   LIBCMTD:87disp.obj
 0001:00039956       __rtindfpop                4003a956 f   LIBCMTD:87disp.obj
 0001:00039958       __rtindfnpop               4003a958 f   LIBCMTD:87disp.obj
 0001:00039969       __rttosnpopde              4003a969 f   LIBCMTD:87disp.obj
 0001:00039973       __rtchsifneg               4003a973 f   LIBCMTD:87disp.obj
 0001:00039980       __twoToTOS                 4003a980 f   LIBCMTD:common.obj
 0001:00039995       __load_CW                  4003a995 f   LIBCMTD:common.obj
 0001:000399ac       __convertTOStoQNaN         4003a9ac f   LIBCMTD:common.obj
 0001:000399c5       __fload_withFB             4003a9c5 f   LIBCMTD:common.obj
 0001:00039a08       __checkTOS_withFB          4003aa08 f   LIBCMTD:common.obj
 0001:00039a1e       __fast_exit                4003aa1e f   LIBCMTD:common.obj
 0001:00039a2b       __math_exit                4003aa2b f   LIBCMTD:common.obj
 0001:00039a55       __check_overflow_exit      4003aa55 f   LIBCMTD:common.obj
 0001:00039a69       __check_range_exit         4003aa69 f   LIBCMTD:common.obj
 0001:00039b10       __startTwoArgErrorHandling 4003ab10 f   LIBCMTD:genexcep.obj
 0001:00039b27       __startOneArgErrorHandling 4003ab27 f   LIBCMTD:genexcep.obj
 0001:00039b70       __fltin2                   4003ab70 f   LIBCMTD:cfin.obj
 0001:00039c30       __isctype                  4003ac30 f   LIBCMTD:isctype.obj
 0001:00039cf0       __handle_qnan1             4003acf0 f   LIBCMTD:fpexcept.obj
 0001:00039d50       __handle_qnan2             4003ad50 f   LIBCMTD:fpexcept.obj
 0001:00039dc0       __except1                  4003adc0 f   LIBCMTD:fpexcept.obj
 0001:00039e80       __except2                  4003ae80 f   LIBCMTD:fpexcept.obj
 0001:00039f50       __raise_exc                4003af50 f   LIBCMTD:fpexcept.obj
 0001:0003a420       __handle_exc               4003b420 f   LIBCMTD:fpexcept.obj
 0001:0003a7a0       __umatherr                 4003b7a0 f   LIBCMTD:fpexcept.obj
 0001:0003a840       __set_errno                4003b840 f   LIBCMTD:fpexcept.obj
 0001:0003a8c0       __errcode                  4003b8c0 f   LIBCMTD:fpexcept.obj
 0001:0003a940       __set_exp                  4003b940 f   LIBCMTD:util.obj
 0001:0003a980       __get_exp                  4003b980 f   LIBCMTD:util.obj
 0001:0003a9b0       __add_exp                  4003b9b0 f   LIBCMTD:util.obj
 0001:0003a9f0       __set_bexp                 4003b9f0 f   LIBCMTD:util.obj
 0001:0003aa30       __sptype                   4003ba30 f   LIBCMTD:util.obj
 0001:0003aab0       __decomp                   4003bab0 f   LIBCMTD:util.obj
 0001:0003abf0       __statfp                   4003bbf0 f   LIBCMTD:fpctrl.obj
 0001:0003ac10       __clrfp                    4003bc10 f   LIBCMTD:fpctrl.obj
 0001:0003ac30       __ctrlfp                   4003bc30 f   LIBCMTD:fpctrl.obj
 0001:0003ac70       __set_statfp               4003bc70 f   LIBCMTD:fpctrl.obj
 0001:0003ad0c       __fFATN2                   4003bd0c f   LIBCMTD:87triga.obj
 0001:0003ad5c       __rtpiby2                  4003bd5c f   LIBCMTD:87triga.obj
 0001:0003ada0       __cintrindisp2             4003bda0 f   LIBCMTD:87cdisp.obj
 0001:0003adde       __cintrindisp1             4003bdde f   LIBCMTD:87cdisp.obj
 0001:0003ae1b       __ctrandisp2               4003be1b f   LIBCMTD:87cdisp.obj
 0001:0003af9b       __ctrandisp1               4003bf9b f   LIBCMTD:87cdisp.obj
 0001:0003afce       __fload                    4003bfce f   LIBCMTD:87cdisp.obj
 0001:0003b010       _abort                     4003c010 f   LIBCMTD:abort.obj
 0001:0003b030       __cinit                    4003c030 f   LIBCMTD:crt0dat.obj
 0001:0003b070       _exit                      4003c070 f   LIBCMTD:crt0dat.obj
 0001:0003b090       __exit                     4003c090 f   LIBCMTD:crt0dat.obj
 0001:0003b0b0       __cexit                    4003c0b0 f   LIBCMTD:crt0dat.obj
 0001:0003b0d0       __c_exit                   4003c0d0 f   LIBCMTD:crt0dat.obj
 0001:0003b1e0       __lockexit                 4003c1e0 f   LIBCMTD:crt0dat.obj
 0001:0003b1f0       __unlockexit               4003c1f0 f   LIBCMTD:crt0dat.obj
 0001:0003b230       _signal                    4003c230 f   LIBCMTD:winsig.obj
 0001:0003b500       _raise                     4003c500 f   LIBCMTD:winsig.obj
 0001:0003b7a0       ___fpecode                 4003c7a0 f   LIBCMTD:winsig.obj
 0001:0003b7b0       ___pxcptinfoptrs           4003c7b0 f   LIBCMTD:winsig.obj
 0001:0003b7c0       ___crtMessageBoxA          4003c7c0 f   LIBCMTD:crtmbox.obj
 0001:0003b880       __itoa                     4003c880 f   LIBCMTD:xtoa.obj
 0001:0003b9a0       __ltoa                     4003c9a0 f   LIBCMTD:xtoa.obj
 0001:0003b9e0       __ultoa                    4003c9e0 f   LIBCMTD:xtoa.obj
 0001:0003ba00       __i64toa                   4003ca00 f   LIBCMTD:xtoa.obj
 0001:0003bb50       __ui64toa                  4003cb50 f   LIBCMTD:xtoa.obj
 0001:0003bb70       _strncat                   4003cb70 f   LIBCMTD:strncat.obj
 0001:0003bca0       _fflush                    4003cca0 f   LIBCMTD:fflush.obj
 0001:0003bcf0       __fflush_lk                4003ccf0 f   LIBCMTD:fflush.obj
 0001:0003bd40       __flush                    4003cd40 f   LIBCMTD:fflush.obj
 0001:0003be00       __flushall                 4003ce00 f   LIBCMTD:fflush.obj
 0001:0003bf50       _fprintf                   4003cf50 f   LIBCMTD:fprintf.obj
 0001:0003c020       _setvbuf                   4003d020 f   LIBCMTD:setvbuf.obj
 0001:0003c190       ___initstdio               4003d190 f   LIBCMTD:_file.obj
 0001:0003c2c0       ___endstdio                4003d2c0 f   LIBCMTD:_file.obj
 0001:0003c2e0       __lock_file                4003d2e0 f   LIBCMTD:_file.obj
 0001:0003c320       __lock_file2               4003d320 f   LIBCMTD:_file.obj
 0001:0003c350       __unlock_file              4003d350 f   LIBCMTD:_file.obj
 0001:0003c390       __unlock_file2             4003d390 f   LIBCMTD:_file.obj
 0001:0003c3c0       __flsbuf                   4003d3c0 f   LIBCMTD:_flsbuf.obj
 0001:0003c640       __output                   4003d640 f   LIBCMTD:output.obj
 0001:0003d4e0       __mtinitlocks              4003e4e0 f   LIBCMTD:mlock.obj
 0001:0003d520       __mtdeletelocks            4003e520 f   LIBCMTD:mlock.obj
 0001:0003d5c0       __lock                     4003e5c0 f   LIBCMTD:mlock.obj
 0001:0003d660       __unlock                   4003e660 f   LIBCMTD:mlock.obj
 0001:0003d680       __lockerr_exit             4003e680 f   LIBCMTD:mlock.obj
 0001:0003d6a0       _setlocale                 4003e6a0 f   LIBCMTD:setlocal.obj
 0001:0003dd30       __expandlocale             4003ed30 f   LIBCMTD:setlocal.obj
 0001:0003dec0       ___init_dummy              4003eec0 f   LIBCMTD:setlocal.obj
 0001:0003ded0       __strcats                  4003eed0 f   LIBCMTD:setlocal.obj
 0001:0003df20       ___lc_strtolc              4003ef20 f   LIBCMTD:setlocal.obj
 0001:0003e080       ___lc_lctostr              4003f080 f   LIBCMTD:setlocal.obj
 0001:0003e0f0       ___crtLCMapStringA         4003f0f0 f   LIBCMTD:a_map.obj
 0001:0003e450       __allmul                   4003f450 f   LIBCMTD:llmul.obj
 0001:0003e490       __mtinit                   4003f490 f   LIBCMTD:tidtable.obj
 0001:0003e520       __mtterm                   4003f520 f   LIBCMTD:tidtable.obj
 0001:0003e550       __initptd                  4003f550 f   LIBCMTD:tidtable.obj
 0001:0003e570       __getptd                   4003f570 f   LIBCMTD:tidtable.obj
 0001:0003e610       __freeptd                  4003f610 f   LIBCMTD:tidtable.obj
 0001:0003e720       ___threadid                4003f720 f   LIBCMTD:tidtable.obj
 0001:0003e730       ___threadhandle            4003f730 f   LIBCMTD:tidtable.obj
 0001:0003e740       __ioinit                   4003f740 f   LIBCMTD:ioinit.obj
 0001:0003ea70       __ioterm                   4003fa70 f   LIBCMTD:ioinit.obj
 0001:0003eb10       _malloc                    4003fb10 f   LIBCMTD:dbgheap.obj
 0001:0003eb30       __malloc_dbg               4003fb30 f   LIBCMTD:dbgheap.obj
 0001:0003eb60       __nh_malloc                4003fb60 f   LIBCMTD:dbgheap.obj
 0001:0003eb80       __nh_malloc_dbg            4003fb80 f   LIBCMTD:dbgheap.obj
 0001:0003ebe0       __heap_alloc               4003fbe0 f   LIBCMTD:dbgheap.obj
 0001:0003ec00       __heap_alloc_dbg           4003fc00 f   LIBCMTD:dbgheap.obj
 0001:0003ef20       _calloc                    4003ff20 f   LIBCMTD:dbgheap.obj
 0001:0003ef40       __calloc_dbg               4003ff40 f   LIBCMTD:dbgheap.obj
 0001:0003efa0       _realloc                   4003ffa0 f   LIBCMTD:dbgheap.obj
 0001:0003efc0       __realloc_dbg              4003ffc0 f   LIBCMTD:dbgheap.obj
 0001:0003f520       __expand                   40040520 f   LIBCMTD:dbgheap.obj
 0001:0003f540       __expand_dbg               40040540 f   LIBCMTD:dbgheap.obj
 0001:0003f580       _free                      40040580 f   LIBCMTD:dbgheap.obj
 0001:0003f5a0       __free_lk                  400405a0 f   LIBCMTD:dbgheap.obj
 0001:0003f5c0       __free_dbg                 400405c0 f   LIBCMTD:dbgheap.obj
 0001:0003f5f0       __free_dbg_lk              400405f0 f   LIBCMTD:dbgheap.obj
 0001:0003f9e0       __msize                    400409e0 f   LIBCMTD:dbgheap.obj
 0001:0003fa00       __msize_dbg                40040a00 f   LIBCMTD:dbgheap.obj
 0001:0003fb60       __CrtSetBreakAlloc         40040b60 f   LIBCMTD:dbgheap.obj
 0001:0003fb80       __CrtSetDbgBlockType       40040b80 f   LIBCMTD:dbgheap.obj
 0001:0003fc20       __CrtSetAllocHook          40040c20 f   LIBCMTD:dbgheap.obj
 0001:0003fcd0       __CrtCheckMemory           40040cd0 f   LIBCMTD:dbgheap.obj
 0001:00040040       __CrtSetDbgFlag            40041040 f   LIBCMTD:dbgheap.obj
 0001:00040070       __CrtDoForAllClientObjects 40041070 f   LIBCMTD:dbgheap.obj
 0001:000400e0       __CrtIsValidPointer        400410e0 f   LIBCMTD:dbgheap.obj
 0001:00040130       __CrtIsValidHeapPointer    40041130 f   LIBCMTD:dbgheap.obj
 0001:000401c0       __CrtIsMemoryBlock         400411c0 f   LIBCMTD:dbgheap.obj
 0001:000402b0       __CrtSetDumpClient         400412b0 f   LIBCMTD:dbgheap.obj
 0001:000402d0       __CrtMemCheckpoint         400412d0 f   LIBCMTD:dbgheap.obj
 0001:00040440       __CrtMemDifference         40041440 f   LIBCMTD:dbgheap.obj
 0001:00040570       __CrtMemDumpAllObjectsSince 40041570 f   LIBCMTD:dbgheap.obj
 0001:00040950       __CrtDumpMemoryLeaks       40041950 f   LIBCMTD:dbgheap.obj
 0001:000409d0       __CrtMemDumpStatistics     400419d0 f   LIBCMTD:dbgheap.obj
 0001:00040aa0       __setenvp                  40041aa0 f   LIBCMTD:stdenvp.obj
 0001:00040bf0       __setargv                  40041bf0 f   LIBCMTD:stdargv.obj
 0001:00041100       ___crtGetEnvironmentStringsA 40042100 f   LIBCMTD:a_env.obj
 0001:00041320       __heap_init                40042320 f   LIBCMTD:heapinit.obj
 0001:00041370       __heap_term                40042370 f   LIBCMTD:heapinit.obj
 0001:00041410       _DllMain@12                40042410 f   LIBCMTD:dllmain.obj
 0001:00041420       __FF_MSGBANNER             40042420 f   LIBCMTD:crt0msg.obj
 0001:00041470       __NMSG_WRITE               40042470 f   LIBCMTD:crt0msg.obj
 0001:00041630       __GET_RTERRMSG             40042630 f   LIBCMTD:crt0msg.obj
 0001:00041680       __snprintf                 40042680 f   LIBCMTD:snprintf.obj
 0001:00041780       __vsnprintf                40042780 f   LIBCMTD:vsnprint.obj
 0001:00041880       __statusfp                 40042880 f   LIBCMTD:ieee87.obj
 0001:000418a0       __clearfp                  400428a0 f   LIBCMTD:ieee87.obj
 0001:000418c0       __control87                400428c0 f   LIBCMTD:ieee87.obj
 0001:00041910       __controlfp                40042910 f   LIBCMTD:ieee87.obj
 0001:00041930       __fpreset                  40042930 f   LIBCMTD:ieee87.obj
 0001:00041d20       __ZeroTail                 40042d20 f   LIBCMTD:intrncvt.obj
 0001:00041db0       __IncMan                   40042db0 f   LIBCMTD:intrncvt.obj
 0001:00041e60       __RoundMan                 40042e60 f   LIBCMTD:intrncvt.obj
 0001:00041f40       __CopyMan                  40042f40 f   LIBCMTD:intrncvt.obj
 0001:00041f90       __FillZeroMan              40042f90 f   LIBCMTD:intrncvt.obj
 0001:00041fc0       __IsZeroMan                40042fc0 f   LIBCMTD:intrncvt.obj
 0001:00042000       __ShrMan                   40043000 f   LIBCMTD:intrncvt.obj
 0001:000420f0       __ld12cvt                  400430f0 f   LIBCMTD:intrncvt.obj
 0001:00042340       __ld12tod                  40043340 f   LIBCMTD:intrncvt.obj
 0001:00042360       __ld12tof                  40043360 f   LIBCMTD:intrncvt.obj
 0001:00042380       __ld12told                 40043380 f   LIBCMTD:intrncvt.obj
 0001:00042440       __atodbl                   40043440 f   LIBCMTD:intrncvt.obj
 0001:00042480       __atoldbl                  40043480 f   LIBCMTD:intrncvt.obj
 0001:000424c0       __atoflt                   400434c0 f   LIBCMTD:intrncvt.obj
 0001:00042500       __fptostr                  40043500 f   LIBCMTD:_fptostr.obj
 0001:00042600       __fltout2                  40043600 f   LIBCMTD:cfout.obj
 0001:00042680       ___dtold                   40043680 f   LIBCMTD:cfout.obj
 0001:000427f0       __fptrap                   400437f0 f   LIBCMTD:crt0fp.obj
 0001:00042800       __87except                 40043800 f   LIBCMTD:87except.obj
 0001:00042980       ___strgtold12              40043980 f   LIBCMTD:strgtold.obj
 0001:000434b0       ___STRINGTOLD              400444b0 f   LIBCMTD:strgtold.obj
 0001:00043500       ___crtGetStringTypeA       40044500 f   LIBCMTD:a_str.obj
 0001:000436c0       __dosmaperr                400446c0 f   LIBCMTD:dosmap.obj
 0001:00043760       __errno                    40044760 f   LIBCMTD:dosmap.obj
 0001:00043770       ___doserrno                40044770 f   LIBCMTD:dosmap.obj
 0001:00043780       __matherr                  40044780 f   LIBCMTD:matherr.obj
 0001:00043790       __XcptFilter               40044790 f   LIBCMTD:winxfltr.obj
 0001:000439b0       __aulldiv                  400449b0 f   LIBCMTD:ulldiv.obj
 0001:00043a20       __aullrem                  40044a20 f   LIBCMTD:ullrem.obj
 0001:00043aa0       __commit                   40044aa0 f   LIBCMTD:commit.obj
 0001:00043b80       __write                    40044b80 f   LIBCMTD:write.obj
 0001:00043c10       __write_lk                 40044c10 f   LIBCMTD:write.obj
 0001:00043e90       __stbuf                    40044e90 f   LIBCMTD:_sftbuf.obj
 0001:00043ff0       __ftbuf                    40044ff0 f   LIBCMTD:_sftbuf.obj
 0001:00044090       __freebuf                  40045090 f   LIBCMTD:_freebuf.obj
 0001:00044130       __fcloseall                40045130 f   LIBCMTD:closeall.obj
 0001:00044210       __lseek                    40045210 f   LIBCMTD:lseek.obj
 0001:000442a0       __lseek_lk                 400452a0 f   LIBCMTD:lseek.obj
 0001:00044360       __getbuf                   40045360 f   LIBCMTD:_getbuf.obj
 0001:00044430       __isatty                   40045430 f   LIBCMTD:isatty.obj
 0001:00044470       _wctomb                    40045470 f   LIBCMTD:wctomb.obj
 0001:000444f0       __wctomb_lk                400454f0 f   LIBCMTD:wctomb.obj
 0001:00044590       ___init_time               40045590 f   LIBCMTD:inittime.obj
 0001:00044f10       ___init_numeric            40045f10 f   LIBCMTD:initnum.obj
 0001:00045240       ___init_monetary           40046240 f   LIBCMTD:initmon.obj
 0001:000456a0       ___init_ctype              400466a0 f   LIBCMTD:initctyp.obj
 0001:00045a40       ___init_collate            40046a40 f   LIBCMTD:initcoll.obj
 0001:00045a50       _strcspn                   40046a50 f   LIBCMTD:strcspn.obj
 0001:00045a90       _strncmp                   40046a90 f   LIBCMTD:strncmp.obj
 0001:00045ad0       _strpbrk                   40046ad0 f   LIBCMTD:strpbrk.obj
 0001:00045b10       ___get_qualified_locale    40046b10 f   LIBCMTD:getqloc.obj
 0001:000468a8       __global_unwind2           400478a8 f   LIBCMTD:exsup.obj
 0001:000468ea       __local_unwind2            400478ea f   LIBCMTD:exsup.obj
 0001:00046942       __NLG_Return2              40047942 f   LIBCMTD:exsup.obj
 0001:00046952       __abnormal_termination     40047952 f   LIBCMTD:exsup.obj
 0001:00046975       __NLG_Notify1              40047975 f   LIBCMTD:exsup.obj
 0001:0004697e       __NLG_Notify               4004797e f   LIBCMTD:exsup.obj
 0001:00046991       __NLG_Dispatch             40047991 f   LIBCMTD:exsup.obj
 0001:000469a0       __except_handler3          400479a0 f   LIBCMTD:exsup3.obj
 0001:00046a5d       __seh_longjmp_unwind@4     40047a5d f   LIBCMTD:exsup3.obj
 0001:00046a80       ?_set_new_handler@@YAP6AHI@ZP6AHI@Z@Z 40047a80 f   LIBCMTD:handler.obj
 0001:00046ab0       ?_query_new_handler@@YAP6AHI@ZXZ 40047ab0 f   LIBCMTD:handler.obj
 0001:00046ac0       __callnewh                 40047ac0 f   LIBCMTD:handler.obj
 0001:00046af0       __malloc_base              40047af0 f   LIBCMTD:malloc.obj
 0001:00046b10       __nh_malloc_base           40047b10 f   LIBCMTD:malloc.obj
 0001:00046b70       __heap_alloc_base          40047b70 f   LIBCMTD:malloc.obj
 0001:00046be0       __CrtDefaultAllocHook      40047be0 f   LIBCMTD:dbghook.obj
 0001:00046bf0       __expand_base              40047bf0 f   LIBCMTD:expand.obj
 0001:00046ca0       __realloc_base             40047ca0 f   LIBCMTD:realloc.obj
 0001:00046e90       __free_base                40047e90 f   LIBCMTD:free.obj
 0001:00046f00       __heapchk                  40047f00 f   LIBCMTD:heapchk.obj
 0001:00046f80       __heapset                  40047f80 f   LIBCMTD:heapchk.obj
 0001:00046f90       __get_sbh_threshold        40047f90 f   LIBCMTD:sbheap.obj
 0001:00046fa0       __set_sbh_threshold        40047fa0 f   LIBCMTD:sbheap.obj
 0001:00046fc0       ___sbh_heap_init           40047fc0 f   LIBCMTD:sbheap.obj
 0001:00047020       ___sbh_find_block          40048020 f   LIBCMTD:sbheap.obj
 0001:00047080       ___sbh_verify_block        40048080 f   LIBCMTD:sbheap.obj
 0001:000470e0       ___sbh_free_block          400480e0 f   LIBCMTD:sbheap.obj
 0001:000476b0       ___sbh_alloc_block         400486b0 f   LIBCMTD:sbheap.obj
 0001:00047bf0       ___sbh_alloc_new_region    40048bf0 f   LIBCMTD:sbheap.obj
 0001:00047d00       ___sbh_alloc_new_group     40048d00 f   LIBCMTD:sbheap.obj
 0001:00047ef0       ___sbh_resize_block        40048ef0 f   LIBCMTD:sbheap.obj
 0001:000484e0       ___sbh_heapmin             400494e0 f   LIBCMTD:sbheap.obj
 0001:00048610       ___sbh_heap_check          40049610 f   LIBCMTD:sbheap.obj
 0001:00048c30       _sprintf                   40049c30 f   LIBCMTD:sprintf.obj
 0001:00048d30       __setmbcp                  40049d30 f   LIBCMTD:mbctype.obj
 0001:000494f0       __getmbcp                  4004a4f0 f   LIBCMTD:mbctype.obj
 0001:00049510       ___initmbctable            4004a510 f   LIBCMTD:mbctype.obj
 0001:00049540       ___addl                    4004a540 f   LIBCMTD:mantold.obj
 0001:00049580       ___add_12                  4004a580 f   LIBCMTD:mantold.obj
 0001:00049630       ___shl_12                  4004a630 f   LIBCMTD:mantold.obj
 0001:00049690       ___shr_12                  4004a690 f   LIBCMTD:mantold.obj
 0001:00049700       ___mtold12                 4004a700 f   LIBCMTD:mantold.obj
 0001:00049840       _$I10_OUTPUT               4004a840 f   LIBCMTD:x10fout.obj
 0001:00049d60       ___ld12mul                 4004ad60 f   LIBCMTD:tenpow.obj
 0001:0004a1a0       ___multtenpow12            4004b1a0 f   LIBCMTD:tenpow.obj
 0001:0004a270       __alloc_osfhnd             4004b270 f   LIBCMTD:osfinfo.obj
 0001:0004a460       __set_osfhnd               4004b460 f   LIBCMTD:osfinfo.obj
 0001:0004a520       __free_osfhnd              4004b520 f   LIBCMTD:osfinfo.obj
 0001:0004a600       __get_osfhandle            4004b600 f   LIBCMTD:osfinfo.obj
 0001:0004a670       __open_osfhandle           4004b670 f   LIBCMTD:osfinfo.obj
 0001:0004a780       __lock_fhandle             4004b780 f   LIBCMTD:osfinfo.obj
 0001:0004a810       __unlock_fhandle           4004b810 f   LIBCMTD:osfinfo.obj
 0001:0004a840       _fclose                    4004b840 f   LIBCMTD:fclose.obj
 0001:0004a8d0       __fclose_lk                4004b8d0 f   LIBCMTD:fclose.obj
 0001:0004a990       __Getdays                  4004b990 f   LIBCMTD:strftime.obj
 0001:0004aac0       __Getmonths                4004bac0 f   LIBCMTD:strftime.obj
 0001:0004abf0       __Gettnames                4004bbf0 f   LIBCMTD:strftime.obj
 0001:0004af60       _strftime                  4004bf60 f   LIBCMTD:strftime.obj
 0001:0004af80       __Strftime                 4004bf80 f   LIBCMTD:strftime.obj
 0001:0004be00       ___getlocaleinfo           4004ce00 f   LIBCMTD:inithelp.obj
 0001:0004c090       _localeconv                4004d090 f   LIBCMTD:lconv.obj
 0001:0004c0a0       ___crtGetStringTypeW       4004d0a0 f   LIBCMTD:w_str.obj
 0001:0004c310       __strcmpi                  4004d310 f   LIBCMTD:stricmp.obj
 0001:0004c310       __stricmp                  4004d310 f   LIBCMTD:stricmp.obj
 0001:0004c3e0       __strnicmp                 4004d3e0 f   LIBCMTD:strnicmp.obj
 0001:0004c4f0       __close                    4004d4f0 f   LIBCMTD:close.obj
 0001:0004c570       __close_lk                 4004d570 f   LIBCMTD:close.obj
 0001:0004c620       ___tzset                   4004d620 f   LIBCMTD:tzset.obj
 0001:0004c660       __tzset                    4004d660 f   LIBCMTD:tzset.obj
 0001:0004ca30       __isindst                  4004da30 f   LIBCMTD:tzset.obj
 0001:0004cf60       ___crtGetLocaleInfoW       4004df60 f   LIBCMTD:w_loc.obj
 0001:0004d100       ___crtGetLocaleInfoA       4004e100 f   LIBCMTD:a_loc.obj
 0001:0004d2b0       _getenv                    4004e2b0 f   LIBCMTD:getenv.obj
 0001:0004d2e0       __getenv_lk                4004e2e0 f   LIBCMTD:getenv.obj
 0001:0004d3b0       __mbsnbicoll               4004e3b0 f   LIBCMTD:mbsnbico.obj
 0001:0004d400       ___wtomb_environ           4004e400 f   LIBCMTD:wtombenv.obj
 0001:0004d4b0       ___crtCompareStringA       4004e4b0 f   LIBCMTD:a_cmp.obj
 0001:0004d900       ___crtsetenv               4004e900 f   LIBCMTD:setenv.obj
 0001:0004dd50       __mbschr                   4004ed50 f   LIBCMTD:mbschr.obj
 0001:0004de3e       _GetModuleFileNameA@12     4004ee3e f   kernel32:KERNEL32.dll
 0001:0004de44       _InterlockedDecrement@4    4004ee44 f   kernel32:KERNEL32.dll
 0001:0004de4a       _InterlockedIncrement@4    4004ee4a f   kernel32:KERNEL32.dll
 0001:0004de50       _GetCommandLineA@0         4004ee50 f   kernel32:KERNEL32.dll
 0001:0004de56       _GetVersion@0              4004ee56 f   kernel32:KERNEL32.dll
 0001:0004de5c       _DebugBreak@0              4004ee5c f   kernel32:KERNEL32.dll
 0001:0004de62       _GetStdHandle@4            4004ee62 f   kernel32:KERNEL32.dll
 0001:0004de68       _WriteFile@20              4004ee68 f   kernel32:KERNEL32.dll
 0001:0004de6e       _OutputDebugStringA@4      4004ee6e f   kernel32:KERNEL32.dll
 0001:0004de74       _GetProcAddress@8          4004ee74 f   kernel32:KERNEL32.dll
 0001:0004de7a       _LoadLibraryA@4            4004ee7a f   kernel32:KERNEL32.dll
 0001:0004de80       _GetModuleHandleA@4        4004ee80 f   kernel32:KERNEL32.dll
 0001:0004de86       _RaiseException@16         4004ee86 f   kernel32:KERNEL32.dll
 0001:0004de8c       _ExitProcess@4             4004ee8c f   kernel32:KERNEL32.dll
 0001:0004de92       _TerminateProcess@8        4004ee92 f   kernel32:KERNEL32.dll
 0001:0004de98       _GetCurrentProcess@0       4004ee98 f   kernel32:KERNEL32.dll
 0001:0004de9e       _GetLastError@0            4004ee9e f   kernel32:KERNEL32.dll
 0001:0004dea4       _SetConsoleCtrlHandler@8   4004eea4 f   kernel32:KERNEL32.dll
 0001:0004deaa       _EnterCriticalSection@4    4004eeaa f   kernel32:KERNEL32.dll
 0001:0004deb0       _LeaveCriticalSection@4    4004eeb0 f   kernel32:KERNEL32.dll
 0001:0004deb6       _InitializeCriticalSection@4 4004eeb6 f   kernel32:KERNEL32.dll
 0001:0004debc       _DeleteCriticalSection@4   4004eebc f   kernel32:KERNEL32.dll
 0001:0004dec2       _FatalAppExitA@8           4004eec2 f   kernel32:KERNEL32.dll
 0001:0004dec8       _Sleep@4                   4004eec8 f   kernel32:KERNEL32.dll
 0001:0004dece       _WideCharToMultiByte@32    4004eece f   kernel32:KERNEL32.dll
 0001:0004ded4       _MultiByteToWideChar@24    4004eed4 f   kernel32:KERNEL32.dll
 0001:0004deda       _LCMapStringA@24           4004eeda f   kernel32:KERNEL32.dll
 0001:0004dee0       _LCMapStringW@24           4004eee0 f   kernel32:KERNEL32.dll
 0001:0004dee6       _GetCurrentThreadId@0      4004eee6 f   kernel32:KERNEL32.dll
 0001:0004deec       _TlsSetValue@8             4004eeec f   kernel32:KERNEL32.dll
 0001:0004def2       _TlsAlloc@0                4004eef2 f   kernel32:KERNEL32.dll
 0001:0004def8       _TlsFree@4                 4004eef8 f   kernel32:KERNEL32.dll
 0001:0004defe       _SetLastError@4            4004eefe f   kernel32:KERNEL32.dll
 0001:0004df04       _TlsGetValue@4             4004ef04 f   kernel32:KERNEL32.dll
 0001:0004df0a       _GetCurrentThread@0        4004ef0a f   kernel32:KERNEL32.dll
 0001:0004df10       _SetHandleCount@4          4004ef10 f   kernel32:KERNEL32.dll
 0001:0004df16       _GetFileType@4             4004ef16 f   kernel32:KERNEL32.dll
 0001:0004df1c       _GetStartupInfoA@4         4004ef1c f   kernel32:KERNEL32.dll
 0001:0004df22       _IsBadWritePtr@8           4004ef22 f   kernel32:KERNEL32.dll
 0001:0004df28       _IsBadReadPtr@8            4004ef28 f   kernel32:KERNEL32.dll
 0001:0004df2e       _HeapValidate@12           4004ef2e f   kernel32:KERNEL32.dll
 0001:0004df34       _FreeEnvironmentStringsA@4 4004ef34 f   kernel32:KERNEL32.dll
 0001:0004df3a       _FreeEnvironmentStringsW@4 4004ef3a f   kernel32:KERNEL32.dll
 0001:0004df40       _GetEnvironmentStrings@0   4004ef40 f   kernel32:KERNEL32.dll
 0001:0004df46       _GetEnvironmentStringsW@0  4004ef46 f   kernel32:KERNEL32.dll
 0001:0004df4c       _HeapDestroy@4             4004ef4c f   kernel32:KERNEL32.dll
 0001:0004df52       _HeapCreate@12             4004ef52 f   kernel32:KERNEL32.dll
 0001:0004df58       _HeapFree@12               4004ef58 f   kernel32:KERNEL32.dll
 0001:0004df5e       _VirtualFree@12            4004ef5e f   kernel32:KERNEL32.dll
 0001:0004df64       _GetStringTypeA@20         4004ef64 f   kernel32:KERNEL32.dll
 0001:0004df6a       _GetStringTypeW@16         4004ef6a f   kernel32:KERNEL32.dll
 0001:0004df70       _UnhandledExceptionFilter@4 4004ef70 f   kernel32:KERNEL32.dll
 0001:0004df76       _FlushFileBuffers@4        4004ef76 f   kernel32:KERNEL32.dll
 0001:0004df7c       _SetFilePointer@16         4004ef7c f   kernel32:KERNEL32.dll
 0001:0004df82       _GetCPInfo@8               4004ef82 f   kernel32:KERNEL32.dll
 0001:0004df88       _IsValidLocale@8           4004ef88 f   kernel32:KERNEL32.dll
 0001:0004df8e       _IsValidCodePage@4         4004ef8e f   kernel32:KERNEL32.dll
 0001:0004df94       _GetLocaleInfoA@16         4004ef94 f   kernel32:KERNEL32.dll
 0001:0004df9a       _EnumSystemLocalesA@8      4004ef9a f   kernel32:KERNEL32.dll
 0001:0004dfa0       _GetUserDefaultLCID@0      4004efa0 f   kernel32:KERNEL32.dll
 0001:0004dfa6       _GetVersionExA@4           4004efa6 f   kernel32:KERNEL32.dll
 0001:0004dfac       _RtlUnwind@16              4004efac f   kernel32:KERNEL32.dll
 0001:0004dfb2       _HeapAlloc@12              4004efb2 f   kernel32:KERNEL32.dll
 0001:0004dfb8       _HeapReAlloc@16            4004efb8 f   kernel32:KERNEL32.dll
 0001:0004dfbe       _VirtualAlloc@16           4004efbe f   kernel32:KERNEL32.dll
 0001:0004dfc4       _GetACP@0                  4004efc4 f   kernel32:KERNEL32.dll
 0001:0004dfca       _GetOEMCP@0                4004efca f   kernel32:KERNEL32.dll
 0001:0004dfd0       _SetStdHandle@8            4004efd0 f   kernel32:KERNEL32.dll
 0001:0004dfd6       _CloseHandle@4             4004efd6 f   kernel32:KERNEL32.dll
 0001:0004dfdc       _GetTimeZoneInformation@4  4004efdc f   kernel32:KERNEL32.dll
 0001:0004dfe2       _GetLocaleInfoW@16         4004efe2 f   kernel32:KERNEL32.dll
 0001:0004dfe8       _CompareStringA@24         4004efe8 f   kernel32:KERNEL32.dll
 0001:0004dfee       _CompareStringW@24         4004efee f   kernel32:KERNEL32.dll
 0001:0004dff4       _SetEnvironmentVariableA@8 4004eff4 f   kernel32:KERNEL32.dll
 0001:00054e80       __enc$textbss$begin        40055e80     <linker-defined>
 0001:0007b780       __enc$textbss$end          4007c780     <linker-defined>
 0002:0000001c       ??_C@_08DFDJ@EV_TAUNT?$AA@ 4007d01c     bg_misc.obj
 0002:00000028       ??_C@_0BE@BDJC@EV_STOPLOOPINGSOUND?$AA@ 4007d028     bg_misc.obj
 0002:00000040       ??_C@_0O@BDBB@EV_DEBUG_LINE?$AA@ 4007d040     bg_misc.obj
 0002:00000050       ??_C@_0BB@MBOB@EV_LIGHTNINGBOLT?$AA@ 4007d050     bg_misc.obj
 0002:00000064       ??_C@_09JFKJ@EV_JUICED?$AA@ 4007d064     bg_misc.obj
 0002:00000070       ??_C@_0BA@GDOI@EV_INVUL_IMPACT?$AA@ 4007d070     bg_misc.obj
 0002:00000084       ??_C@_0BC@POAK@EV_OBELISKEXPLODE?$AA@ 4007d084     bg_misc.obj
 0002:0000009c       ??_C@_0M@KIDO@EV_KAMIKAZE?$AA@ 4007d09c     bg_misc.obj
 0002:000000ac       ??_C@_0BK@KGMO@EV_PROXIMITY_MINE_TRIGGER?$AA@ 4007d0ac     bg_misc.obj
 0002:000000cc       ??_C@_0BI@LIAD@EV_PROXIMITY_MINE_STICK?$AA@ 4007d0cc     bg_misc.obj
 0002:000000e8       ??_C@_0N@CDHP@EV_SCOREPLUM?$AA@ 4007d0e8     bg_misc.obj
 0002:000000f8       ??_C@_0O@CIDG@EV_GIB_PLAYER?$AA@ 4007d0f8     bg_misc.obj
 0002:00000108       ??_C@_0BB@LKNF@EV_POWERUP_REGEN?$AA@ 4007d108     bg_misc.obj
 0002:0000011c       ??_C@_0BG@KJJ@EV_POWERUP_BATTLESUIT?$AA@ 4007d11c     bg_misc.obj
 0002:00000138       ??_C@_0BA@EMDG@EV_POWERUP_QUAD?$AA@ 4007d138     bg_misc.obj
 0002:0000014c       ??_C@_0M@MMOI@EV_OBITUARY?$AA@ 4007d14c     bg_misc.obj
 0002:0000015c       ??_C@_09EH@EV_DEATH3?$AA@  4007d15c     bg_misc.obj
 0002:00000168       ??_C@_09KKNA@EV_DEATH2?$AA@ 4007d168     bg_misc.obj
 0002:00000174       ??_C@_09FFGJ@EV_DEATH1?$AA@ 4007d174     bg_misc.obj
 0002:00000180       ??_C@_07MFPI@EV_PAIN?$AA@  4007d180     bg_misc.obj
 0002:0000018c       ??_C@_09PBG@EV_BULLET?$AA@ 4007d18c     bg_misc.obj
 0002:00000198       ??_C@_0L@PELA@EV_SHOTGUN?$AA@ 4007d198     bg_misc.obj
 0002:000001a8       ??_C@_0N@FBDJ@EV_RAILTRAIL?$AA@ 4007d1a8     bg_misc.obj
 0002:000001b8       ??_C@_0BG@KLM@EV_MISSILE_MISS_METAL?$AA@ 4007d1b8     bg_misc.obj
 0002:000001d4       ??_C@_0BA@FHCK@EV_MISSILE_MISS?$AA@ 4007d1d4     bg_misc.obj
 0002:000001e8       ??_C@_0P@GMEB@EV_MISSILE_HIT?$AA@ 4007d1e8     bg_misc.obj
 0002:000001fc       ??_C@_0BD@FCGB@EV_BULLET_HIT_WALL?$AA@ 4007d1fc     bg_misc.obj
 0002:00000214       ??_C@_0BE@OJNL@EV_BULLET_HIT_FLESH?$AA@ 4007d214     bg_misc.obj
 0002:0000022c       ??_C@_0BF@GBCB@EV_GLOBAL_TEAM_SOUND?$AA@ 4007d22c     bg_misc.obj
 0002:00000248       ??_C@_0BA@DICP@EV_GLOBAL_SOUND?$AA@ 4007d248     bg_misc.obj
 0002:0000025c       ??_C@_0BB@PHBP@EV_GENERAL_SOUND?$AA@ 4007d25c     bg_misc.obj
 0002:00000270       ??_C@_0BC@MNAB@EV_GRENADE_BOUNCE?$AA@ 4007d270     bg_misc.obj
 0002:00000288       ??_C@_0BH@CBAJ@EV_PLAYER_TELEPORT_OUT?$AA@ 4007d288     bg_misc.obj
 0002:000002a4       ??_C@_0BG@JACO@EV_PLAYER_TELEPORT_IN?$AA@ 4007d2a4     bg_misc.obj
 0002:000002c0       ??_C@_0M@FEGJ@EV_ITEM_POP?$AA@ 4007d2c0     bg_misc.obj
 0002:000002d0       ??_C@_0BA@KOE@EV_ITEM_RESPAWN?$AA@ 4007d2d0     bg_misc.obj
 0002:000002e4       ??_C@_0O@PBJJ@EV_USE_ITEM15?$AA@ 4007d2e4     bg_misc.obj
 0002:000002f4       ??_C@_0O@FLAO@EV_USE_ITEM14?$AA@ 4007d2f4     bg_misc.obj
 0002:00000304       ??_C@_0O@OOL@EV_USE_ITEM13?$AA@ 4007d304     bg_misc.obj
 0002:00000314       ??_C@_0O@KEHM@EV_USE_ITEM12?$AA@ 4007d314     bg_misc.obj
 0002:00000324       ??_C@_0O@FLMF@EV_USE_ITEM11?$AA@ 4007d324     bg_misc.obj
 0002:00000334       ??_C@_0O@PBFC@EV_USE_ITEM10?$AA@ 4007d334     bg_misc.obj
 0002:00000344       ??_C@_0N@JGCE@EV_USE_ITEM9?$AA@ 4007d344     bg_misc.obj
 0002:00000354       ??_C@_0N@DMLD@EV_USE_ITEM8?$AA@ 4007d354     bg_misc.obj
 0002:00000364       ??_C@_0N@DNOO@EV_USE_ITEM7?$AA@ 4007d364     bg_misc.obj
 0002:00000374       ??_C@_0N@JHHJ@EV_USE_ITEM6?$AA@ 4007d374     bg_misc.obj
 0002:00000384       ??_C@_0N@GIMA@EV_USE_ITEM5?$AA@ 4007d384     bg_misc.obj
 0002:00000394       ??_C@_0N@MCFH@EV_USE_ITEM4?$AA@ 4007d394     bg_misc.obj
 0002:000003a4       ??_C@_0N@JHLC@EV_USE_ITEM3?$AA@ 4007d3a4     bg_misc.obj
 0002:000003b4       ??_C@_0N@DNCF@EV_USE_ITEM2?$AA@ 4007d3b4     bg_misc.obj
 0002:000003c4       ??_C@_0N@MCJM@EV_USE_ITEM1?$AA@ 4007d3c4     bg_misc.obj
 0002:000003d4       ??_C@_0N@GIAL@EV_USE_ITEM0?$AA@ 4007d3d4     bg_misc.obj
 0002:000003e4       ??_C@_0P@HOLG@EV_FIRE_WEAPON?$AA@ 4007d3e4     bg_misc.obj
 0002:000003f8       ??_C@_0BB@OKAK@EV_CHANGE_WEAPON?$AA@ 4007d3f8     bg_misc.obj
 0002:0000040c       ??_C@_09MIBL@EV_NOAMMO?$AA@ 4007d40c     bg_misc.obj
 0002:00000418       ??_C@_0BG@LBJI@EV_GLOBAL_ITEM_PICKUP?$AA@ 4007d418     bg_misc.obj
 0002:00000434       ??_C@_0P@DDBJ@EV_ITEM_PICKUP?$AA@ 4007d434     bg_misc.obj
 0002:00000448       ??_C@_0P@HGEE@EV_WATER_CLEAR?$AA@ 4007d448     bg_misc.obj
 0002:0000045c       ??_C@_0P@PGNG@EV_WATER_UNDER?$AA@ 4007d45c     bg_misc.obj
 0002:00000470       ??_C@_0P@KHGF@EV_WATER_LEAVE?$AA@ 4007d470     bg_misc.obj
 0002:00000484       ??_C@_0P@NPME@EV_WATER_TOUCH?$AA@ 4007d484     bg_misc.obj
 0002:00000498       ??_C@_07MBMN@EV_JUMP?$AA@  4007d498     bg_misc.obj
 0002:000004a4       ??_C@_0M@ONMG@EV_JUMP_PAD?$AA@ 4007d4a4     bg_misc.obj
 0002:000004b4       ??_C@_0M@FCFB@EV_FALL_FAR?$AA@ 4007d4b4     bg_misc.obj
 0002:000004c4       ??_C@_0P@DAAM@EV_FALL_MEDIUM?$AA@ 4007d4c4     bg_misc.obj
 0002:000004d8       ??_C@_0O@MOHH@EV_FALL_SHORT?$AA@ 4007d4d8     bg_misc.obj
 0002:000004e8       ??_C@_0L@BPHB@EV_STEP_16?$AA@ 4007d4e8     bg_misc.obj
 0002:000004f8       ??_C@_0L@LFCN@EV_STEP_12?$AA@ 4007d4f8     bg_misc.obj
 0002:00000508       ??_C@_09GNLK@EV_STEP_8?$AA@ 4007d508     bg_misc.obj
 0002:00000514       ??_C@_09JDFO@EV_STEP_4?$AA@ 4007d514     bg_misc.obj
 0002:00000520       ??_C@_07JIKK@EV_SWIM?$AA@  4007d520     bg_misc.obj
 0002:0000052c       ??_C@_0M@FIHK@EV_FOOTWADE?$AA@ 4007d52c     bg_misc.obj
 0002:0000053c       ??_C@_0O@KHFI@EV_FOOTSPLASH?$AA@ 4007d53c     bg_misc.obj
 0002:0000054c       ??_C@_0BC@OEIA@EV_FOOTSTEP_METAL?$AA@ 4007d54c     bg_misc.obj
 0002:00000564       ??_C@_0M@EJAF@EV_FOOTSTEP?$AA@ 4007d564     bg_misc.obj
 0002:00000574       ??_C@_07NDDD@EV_NONE?$AA@  4007d574     bg_misc.obj
 0002:00000580       ??_C@_09DHIB@Blue?5Flag?$AA@ 4007d580     bg_misc.obj
 0002:0000058c       ??_C@_0BB@NLLL@icons?1iconf_blu1?$AA@ 4007d58c     bg_misc.obj
 0002:000005a0       ??_C@_0BI@ILPD@models?1flags?1b_flag?4md3?$AA@ 4007d5a0     bg_misc.obj
 0002:000005bc       ??_C@_0BC@GPLF@team_CTF_blueflag?$AA@ 4007d5bc     bg_misc.obj
 0002:000005d4       ??_C@_08CLEI@Red?5Flag?$AA@ 4007d5d4     bg_misc.obj
 0002:000005e0       ??_C@_0BB@DADK@icons?1iconf_red1?$AA@ 4007d5e0     bg_misc.obj
 0002:000005f4       ??_C@_0BI@HHNH@models?1flags?1r_flag?4md3?$AA@ 4007d5f4     bg_misc.obj
 0002:00000610       ??_C@_0BB@FOCB@team_CTF_redflag?$AA@ 4007d610     bg_misc.obj
 0002:00000624       ??_C@_06CPDM@Flight?$AA@   4007d624     bg_misc.obj
 0002:0000062c       ??_C@_0N@DFIJ@icons?1flight?$AA@ 4007d62c     bg_misc.obj
 0002:0000063c       ??_C@_0CI@PHJ@models?1powerups?1instant?1flight_r@ 4007d63c     bg_misc.obj
 0002:0000066c       ??_C@_0CD@MKAO@models?1powerups?1instant?1flight?4m@ 4007d66c     bg_misc.obj
 0002:00000698       ??_C@_0BH@FEAN@sound?1items?1flight?4wav?$AA@ 4007d698     bg_misc.obj
 0002:000006b4       ??_C@_0M@NKLB@item_flight?$AA@ 4007d6b4     bg_misc.obj
 0002:000006c4       ??_C@_0BG@JFPE@sound?1items?1regen?4wav?$AA@ 4007d6c4     bg_misc.obj
 0002:000006e0       ??_C@_0N@KKJF@Regeneration?$AA@ 4007d6e0     bg_misc.obj
 0002:000006f0       ??_C@_0M@KGFF@icons?1regen?$AA@ 4007d6f0     bg_misc.obj
 0002:00000700       ??_C@_0CH@LMHA@models?1powerups?1instant?1regen_ri@ 4007d700     bg_misc.obj
 0002:00000730       ??_C@_0CC@JDKK@models?1powerups?1instant?1regen?4md@ 4007d730     bg_misc.obj
 0002:00000758       ??_C@_0BN@ELHM@sound?1items?1regeneration?4wav?$AA@ 4007d758     bg_misc.obj
 0002:0000077c       ??_C@_0L@JOKD@item_regen?$AA@ 4007d77c     bg_misc.obj
 0002:0000078c       ??_C@_0N@PHMD@Invisibility?$AA@ 4007d78c     bg_misc.obj
 0002:0000079c       ??_C@_0M@GBKC@icons?1invis?$AA@ 4007d79c     bg_misc.obj
 0002:000007ac       ??_C@_0CH@FMDJ@models?1powerups?1instant?1invis_ri@ 4007d7ac     bg_misc.obj
 0002:000007dc       ??_C@_0CC@GFDH@models?1powerups?1instant?1invis?4md@ 4007d7dc     bg_misc.obj
 0002:00000804       ??_C@_0BN@JBDA@sound?1items?1invisibility?4wav?$AA@ 4007d804     bg_misc.obj
 0002:00000828       ??_C@_0L@FJFE@item_invis?$AA@ 4007d828     bg_misc.obj
 0002:00000838       ??_C@_05PDDA@Speed?$AA@    4007d838     bg_misc.obj
 0002:00000840       ??_C@_0M@MOBK@icons?1haste?$AA@ 4007d840     bg_misc.obj
 0002:00000850       ??_C@_0CH@HLNN@models?1powerups?1instant?1haste_ri@ 4007d850     bg_misc.obj
 0002:00000880       ??_C@_0CC@HMKI@models?1powerups?1instant?1haste?4md@ 4007d880     bg_misc.obj
 0002:000008a8       ??_C@_0BG@HKPG@sound?1items?1haste?4wav?$AA@ 4007d8a8     bg_misc.obj
 0002:000008c4       ??_C@_0L@PGOM@item_haste?$AA@ 4007d8c4     bg_misc.obj
 0002:000008d4       ??_C@_0DA@KGOL@sound?1items?1airout?4wav?5sound?1ite@ 4007d8d4     bg_misc.obj
 0002:00000910       ??_C@_0M@LDNA@Battle?5Suit?$AA@ 4007d910     bg_misc.obj
 0002:00000920       ??_C@_0BB@LIEJ@icons?1envirosuit?$AA@ 4007d920     bg_misc.obj
 0002:00000934       ??_C@_0CI@BLEN@models?1powerups?1instant?1enviro_r@ 4007d934     bg_misc.obj
 0002:00000964       ??_C@_0CD@EJAP@models?1powerups?1instant?1enviro?4m@ 4007d964     bg_misc.obj
 0002:00000990       ??_C@_0BI@LHNB@sound?1items?1protect?4wav?$AA@ 4007d990     bg_misc.obj
 0002:000009ac       ??_C@_0M@CNAP@item_enviro?$AA@ 4007d9ac     bg_misc.obj
 0002:000009bc       ??_C@_0DA@MMGJ@sound?1items?1damage2?4wav?5sound?1it@ 4007d9bc     bg_misc.obj
 0002:000009f8       ??_C@_0M@MLLH@Quad?5Damage?$AA@ 4007d9f8     bg_misc.obj
 0002:00000a08       ??_C@_0L@CMEC@icons?1quad?$AA@ 4007da08     bg_misc.obj
 0002:00000a18       ??_C@_0CG@HCKJ@models?1powerups?1instant?1quad_rin@ 4007da18     bg_misc.obj
 0002:00000a48       ??_C@_0CB@LCDA@models?1powerups?1instant?1quad?4md3@ 4007da48     bg_misc.obj
 0002:00000a70       ??_C@_0BL@FBJD@sound?1items?1quaddamage?4wav?$AA@ 4007da70     bg_misc.obj
 0002:00000a90       ??_C@_09NKAN@item_quad?$AA@ 4007da90     bg_misc.obj
 0002:00000a9c       ??_C@_0BL@LIGH@sound?1items?1use_medkit?4wav?$AA@ 4007da9c     bg_misc.obj
 0002:00000abc       ??_C@_06MJBN@Medkit?$AA@   4007dabc     bg_misc.obj
 0002:00000ac4       ??_C@_0N@NDKI@icons?1medkit?$AA@ 4007dac4     bg_misc.obj
 0002:00000ad4       ??_C@_0CL@EEMI@models?1powerups?1holdable?1medkit_@ 4007dad4     bg_misc.obj
 0002:00000b08       ??_C@_0CE@BLCG@models?1powerups?1holdable?1medkit?4@ 4007db08     bg_misc.obj
 0002:00000b34       ??_C@_0BA@HJCK@holdable_medkit?$AA@ 4007db34     bg_misc.obj
 0002:00000b48       ??_C@_0BE@NHOP@Personal?5Teleporter?$AA@ 4007db48     bg_misc.obj
 0002:00000b60       ??_C@_0BB@EOIF@icons?1teleporter?$AA@ 4007db60     bg_misc.obj
 0002:00000b74       ??_C@_0CI@EJIK@models?1powerups?1holdable?1telepor@ 4007db74     bg_misc.obj
 0002:00000ba4       ??_C@_0BJ@PMCF@sound?1items?1holdable?4wav?$AA@ 4007dba4     bg_misc.obj
 0002:00000bc4       ??_C@_0BE@EFDD@holdable_teleporter?$AA@ 4007dbc4     bg_misc.obj
 0002:00000bdc       ??_C@_08HHBB@Bfg?5Ammo?$AA@ 4007dbdc     bg_misc.obj
 0002:00000be8       ??_C@_0BA@LIKB@icons?1icona_bfg?$AA@ 4007dbe8     bg_misc.obj
 0002:00000bfc       ??_C@_0BP@KGME@models?1powerups?1ammo?1bfgam?4md3?$AA@ 4007dbfc     bg_misc.obj
 0002:00000c24       ??_C@_08BHPM@ammo_bfg?$AA@ 4007dc24     bg_misc.obj
 0002:00000c30       ??_C@_05OJGD@Slugs?$AA@    4007dc30     bg_misc.obj
 0002:00000c38       ??_C@_0BE@KFKB@icons?1icona_railgun?$AA@ 4007dc38     bg_misc.obj
 0002:00000c50       ??_C@_0CD@BHHI@models?1powerups?1ammo?1railgunam?4m@ 4007dc50     bg_misc.obj
 0002:00000c7c       ??_C@_0L@PCJD@ammo_slugs?$AA@ 4007dc7c     bg_misc.obj
 0002:00000c8c       ??_C@_07ONGL@Rockets?$AA@  4007dc8c     bg_misc.obj
 0002:00000c98       ??_C@_0BD@NDBD@icons?1icona_rocket?$AA@ 4007dc98     bg_misc.obj
 0002:00000cb0       ??_C@_0CC@JMHP@models?1powerups?1ammo?1rocketam?4md@ 4007dcb0     bg_misc.obj
 0002:00000cd8       ??_C@_0N@DEF@ammo_rockets?$AA@ 4007dcd8     bg_misc.obj
 0002:00000ce8       ??_C@_09NPLP@Lightning?$AA@ 4007dce8     bg_misc.obj
 0002:00000cf4       ??_C@_0BG@BLCM@icons?1icona_lightning?$AA@ 4007dcf4     bg_misc.obj
 0002:00000d10       ??_C@_0CF@DECD@models?1powerups?1ammo?1lightningam@ 4007dd10     bg_misc.obj
 0002:00000d3c       ??_C@_0P@FNDL@ammo_lightning?$AA@ 4007dd3c     bg_misc.obj
 0002:00000d50       ??_C@_05IJJG@Cells?$AA@    4007dd50     bg_misc.obj
 0002:00000d58       ??_C@_0BD@PPKI@icons?1icona_plasma?$AA@ 4007dd58     bg_misc.obj
 0002:00000d70       ??_C@_0CC@GNJA@models?1powerups?1ammo?1plasmaam?4md@ 4007dd70     bg_misc.obj
 0002:00000d98       ??_C@_0L@JCGG@ammo_cells?$AA@ 4007dd98     bg_misc.obj
 0002:00000da8       ??_C@_08CFEJ@Grenades?$AA@ 4007dda8     bg_misc.obj
 0002:00000db4       ??_C@_0BE@MMLE@icons?1icona_grenade?$AA@ 4007ddb4     bg_misc.obj
 0002:00000dcc       ??_C@_0CD@NMEK@models?1powerups?1ammo?1grenadeam?4m@ 4007ddcc     bg_misc.obj
 0002:00000df8       ??_C@_0O@KBKH@ammo_grenades?$AA@ 4007ddf8     bg_misc.obj
 0002:00000e08       ??_C@_07EDBM@Bullets?$AA@  4007de08     bg_misc.obj
 0002:00000e14       ??_C@_0BH@DHGM@icons?1icona_machinegun?$AA@ 4007de14     bg_misc.obj
 0002:00000e30       ??_C@_0CG@KHPE@models?1powerups?1ammo?1machineguna@ 4007de30     bg_misc.obj
 0002:00000e60       ??_C@_0N@KNDC@ammo_bullets?$AA@ 4007de60     bg_misc.obj
 0002:00000e70       ??_C@_06OAJC@Shells?$AA@   4007de70     bg_misc.obj
 0002:00000e78       ??_C@_0BE@MPL@icons?1icona_shotgun?$AA@ 4007de78     bg_misc.obj
 0002:00000e90       ??_C@_0CD@LJLN@models?1powerups?1ammo?1shotgunam?4m@ 4007de90     bg_misc.obj
 0002:00000ebc       ??_C@_0BH@EMHN@sound?1misc?1am_pkup?4wav?$AA@ 4007debc     bg_misc.obj
 0002:00000ed8       ??_C@_0M@MOIJ@ammo_shells?$AA@ 4007ded8     bg_misc.obj
 0002:00000ee8       ??_C@_0P@MANM@Grappling?5Hook?$AA@ 4007dee8     bg_misc.obj
 0002:00000efc       ??_C@_0BE@IDGG@icons?1iconw_grapple?$AA@ 4007defc     bg_misc.obj
 0002:00000f14       ??_C@_0CE@LPMO@models?1weapons2?1grapple?1grapple?4@ 4007df14     bg_misc.obj
 0002:00000f40       ??_C@_0BF@GCPL@weapon_grapplinghook?$AA@ 4007df40     bg_misc.obj
 0002:00000f5c       ??_C@_06KEGK@BFG10K?$AA@   4007df5c     bg_misc.obj
 0002:00000f64       ??_C@_0BA@HKCL@icons?1iconw_bfg?$AA@ 4007df64     bg_misc.obj
 0002:00000f78       ??_C@_0BM@MFN@models?1weapons2?1bfg?1bfg?4md3?$AA@ 4007df78     bg_misc.obj
 0002:00000f9c       ??_C@_0L@NOHL@weapon_bfg?$AA@ 4007df9c     bg_misc.obj
 0002:00000fac       ??_C@_0L@OMHC@Plasma?5Gun?$AA@ 4007dfac     bg_misc.obj
 0002:00000fbc       ??_C@_0BD@MNKG@icons?1iconw_plasma?$AA@ 4007dfbc     bg_misc.obj
 0002:00000fd4       ??_C@_0CC@DOHF@models?1weapons2?1plasma?1plasma?4md@ 4007dfd4     bg_misc.obj
 0002:00000ffc       ??_C@_0BB@IMNM@weapon_plasmagun?$AA@ 4007dffc     bg_misc.obj
 0002:00001010       ??_C@_07MJPA@Railgun?$AA@  4007e010     bg_misc.obj
 0002:0000101c       ??_C@_0BE@MJD@icons?1iconw_railgun?$AA@ 4007e01c     bg_misc.obj
 0002:00001034       ??_C@_0CE@GDNL@models?1weapons2?1railgun?1railgun?4@ 4007e034     bg_misc.obj
[...]
 0003:000039b4       __FPmtterm                 400889b4     LIBCMTD:fpinit.obj
 0003:00003a34       __aexit_rtn                40088a34     LIBCMTD:dllcrt0.obj
 0003:00003a38       __crtAssertBusy            40088a38     LIBCMTD:dbgrpt.obj
 0003:00003a3c       __CrtDbgMode               40088a3c     LIBCMTD:dbgrpt.obj
 0003:00003a48       __CrtDbgFile               40088a48     LIBCMTD:dbgrpt.obj
 0003:00003a60       __cfltcvt_tab              40088a60     LIBCMTD:cmiscdat.obj
 0003:00003a80       __indefinite               40088a80     LIBCMTD:87disp.obj
 0003:00003a8a       __piby2                    40088a8a     LIBCMTD:87disp.obj
 0003:00003ab0       __pctype                   40088ab0     LIBCMTD:ctype.obj
 0003:00003ab4       __pwctype                  40088ab4     LIBCMTD:ctype.obj
 0003:00003ab8       __ctype                    40088ab8     LIBCMTD:ctype.obj
 0003:00003cbc       ___mb_cur_max              40088cbc     LIBCMTD:nlsdata1.obj
 0003:00003cc0       ___decimal_point           40088cc0     LIBCMTD:nlsdata1.obj
 0003:00003cc4       ___decimal_point_length    40088cc4     LIBCMTD:nlsdata1.obj
 0003:00003da0       __d_inf                    40088da0     LIBCMTD:util.obj
 0003:00003da8       __d_ind                    40088da8     LIBCMTD:util.obj
 0003:00003db0       __d_max                    40088db0     LIBCMTD:util.obj
 0003:00003db8       __d_min                    40088db8     LIBCMTD:util.obj
 0003:00003dc0       __d_mzero                  40088dc0     LIBCMTD:util.obj
 0003:00003de0       __OP_ATAN2jmptab           40088de0     LIBCMTD:87triga.obj
 0003:00003e30       __iob                      40088e30     LIBCMTD:_file.obj
 0003:000040b0       ___nullstring              400890b0     LIBCMTD:output.obj
 0003:000040b4       ___wnullstring             400890b4     LIBCMTD:output.obj
 0003:000040b8       __locktable                400890b8     LIBCMTD:mlock.obj
 0003:00004288       ___lc_category             40089288     LIBCMTD:setlocal.obj
 0003:000042d0       ___tlsindex                400892d0     LIBCMTD:tidtable.obj
 0003:000042d8       ___badioinfo               400892d8     LIBCMTD:ioinit.obj
 0003:000042fc       __crtDbgFlag               400892fc     LIBCMTD:dbgheap.obj
 0003:00004304       __crtBreakAlloc            40089304     LIBCMTD:dbgheap.obj
 0003:00004320       __amblksiz                 40089320     LIBCMTD:heapinit.obj
 0003:00004550       __matherr_flag             40089550     LIBCMTD:matherr.obj
 0003:00004558       __XcptActTab               40089558     LIBCMTD:winxfltr.obj
 0003:000045d0       __First_FPE_Indx           400895d0     LIBCMTD:winxfltr.obj
 0003:000045d4       __Num_FPE                  400895d4     LIBCMTD:winxfltr.obj
 0003:000045d8       __XcptActTabSize           400895d8     LIBCMTD:winxfltr.obj
 0003:000045dc       __XcptActTabCount          400895dc     LIBCMTD:winxfltr.obj
 0003:000045e0       ___rgLocInfo               400895e0     LIBCMTD:getqloc.obj
 0003:00004a84       ___rglangidNotDefault      40089a84     LIBCMTD:getqloc.obj
 0003:00004a98       ___rg_country              40089a98     LIBCMTD:getqloc.obj
 0003:00004b50       ___rg_language             40089b50     LIBCMTD:getqloc.obj
 0003:00004d58       __NLG_Destination          40089d58     LIBCMTD:exsup.obj
 0003:00004d68       __pfnAllocHook             40089d68     LIBCMTD:dbghook.obj
 0003:00004d6c       ___sbh_threshold           40089d6c     LIBCMTD:sbheap.obj
 0003:00004e68       ___lc_time_curr            40089e68     LIBCMTD:strftime.obj
 0003:00004e70       ___lc_time_c               40089e70     LIBCMTD:strftime.obj
 0003:00004f20       ___lconv_static_decimal    40089f20     LIBCMTD:lconv.obj
 0003:00004f28       ___lconv_c                 40089f28     LIBCMTD:lconv.obj
 0003:00004f58       ___lconv                   40089f58     LIBCMTD:lconv.obj
 0003:00004f60       __pow10pos                 40089f60     LIBCMTD:constpow.obj
 0003:000050c0       __pow10neg                 4008a0c0     LIBCMTD:constpow.obj
 0003:0000521c       __timezone                 4008a21c     LIBCMTD:timeset.obj
 0003:00005220       __daylight                 4008a220     LIBCMTD:timeset.obj
 0003:00005224       __dstbias                  4008a224     LIBCMTD:timeset.obj
 0003:000052a8       __tzname                   4008a2a8     LIBCMTD:timeset.obj
 0003:000052cc       __lpdays                   4008a2cc     LIBCMTD:days.obj
 0003:00005300       __days                     4008a300     LIBCMTD:days.obj
 0003:000059a4       _vec3_origin               4008a9a4     q_math.obj
 0003:00082838       ___fastflag                40107838     LIBCMTD:fpinit.obj
 0003:0008283c       __adjust_fdiv              4010783c     LIBCMTD:fpinit.obj
 0003:00082844       __aenvptr                  40107844     LIBCMTD:dllcrt0.obj
 0003:00082848       __wenvptr                  40107848     LIBCMTD:dllcrt0.obj
 0003:0008284c       ___error_mode              4010784c     LIBCMTD:dllcrt0.obj
 0003:00082850       ___app_type                40107850     LIBCMTD:dllcrt0.obj
 0003:00082858       __umaskval                 40107858     LIBCMTD:crt0dat.obj
 0003:0008285c       __osver                    4010785c     LIBCMTD:crt0dat.obj
 0003:00082860       __winver                   40107860     LIBCMTD:crt0dat.obj
 0003:00082864       __winmajor                 40107864     LIBCMTD:crt0dat.obj
 0003:00082868       __winminor                 40107868     LIBCMTD:crt0dat.obj
 0003:0008286c       ___argc                    4010786c     LIBCMTD:crt0dat.obj
 0003:00082870       ___argv                    40107870     LIBCMTD:crt0dat.obj
 0003:00082874       ___wargv                   40107874     LIBCMTD:crt0dat.obj
 0003:00082878       __environ                  40107878     LIBCMTD:crt0dat.obj
 0003:0008287c       ___initenv                 4010787c     LIBCMTD:crt0dat.obj
 0003:00082880       __wenviron                 40107880     LIBCMTD:crt0dat.obj
 0003:00082884       ___winitenv                40107884     LIBCMTD:crt0dat.obj
 0003:00082888       __pgmptr                   40107888     LIBCMTD:crt0dat.obj
 0003:0008288c       __wpgmptr                  4010788c     LIBCMTD:crt0dat.obj
 0003:00082890       __exitflag                 40107890     LIBCMTD:crt0dat.obj
 0003:00082894       __C_Termination_Done       40107894     LIBCMTD:crt0dat.obj
 0003:00082898       __C_Exit_Done              40107898     LIBCMTD:crt0dat.obj
 0003:000828c0       __cflush                   401078c0     LIBCMTD:_file.obj
 0003:00082934       ___lc_handle               40107934     LIBCMTD:nlsdata2.obj
 0003:0008294c       ___lc_codepage             4010794c     LIBCMTD:nlsdata2.obj
 0003:00082950       ___lc_collate_cp           40107950     LIBCMTD:nlsdata2.obj
 0003:00082a74       __adbgmsg                  40107a74     LIBCMTD:crt0msg.obj
 0003:00082a7c       __stdbuf                   40107a7c     LIBCMTD:_sftbuf.obj
 0003:00082a84       ___lc_time_intl            40107a84     LIBCMTD:inittime.obj
 0003:00082aa0       ___lc_id                   40107aa0     LIBCMTD:nlsdata3.obj
 0003:00082ae8       __newmode                  40107ae8     LIBCMTD:_newmode.obj
 0003:00082aec       ?_pnhHeap@@3P6AHI@ZA       40107aec     LIBCMTD:handler.obj
 0003:00082afc       ___lconv_static_null       40107afc     LIBCMTD:lconv.obj
 0003:00082bd0       _weaponChangeSound         40107bd0     <common>
 0003:00082be0       _menu_move_sound           40107be0     <common>
 0003:00082be4       _menu_in_sound             40107be4     <common>
 0003:00082be8       _menu_out_sound            40107be8     <common>
 0003:00082bec       _menu_buzz_sound           40107bec     <common>
 0003:00082bf0       _menu_null_sound           40107bf0     <common>
 0003:00082c00       _ui_ctf_capturelimit       40107c00     <common>
 0003:00083720       _ui_arenasFile             40108720     <common>
 0003:00083840       _ui_botsFile               40108840     <common>
 0003:00083960       _ui_drawCrosshairNames     40108960     <common>
 0003:00083a80       _ui_ctf_friendly           40108a80     <common>
 0003:00083ba0       _ui_browserGameType        40108ba0     <common>
 0003:00083cc0       _ui_tourney_timelimit      40108cc0     <common>
 0003:00083de0       _ui_marks                  40108de0     <common>
 0003:00083f00       _ui_team_timelimit         40108f00     <common>
 0003:00084020       _ui_spVideos               40109020     <common>
 0003:00084140       _ui_cdkeychecked           40109140     <common>
 0003:00084260       _ui_server10               40109260     <common>
 0003:00084380       _ui_server11               40109380     <common>
 0003:000844a0       _ui_server12               401094a0     <common>
 0003:000845c0       _ui_server13               401095c0     <common>
 0003:000846e0       _ui_server14               401096e0     <common>
 0003:00084800       _ui_server15               40109800     <common>
 0003:00084920       _ui_server16               40109920     <common>
 0003:00084a40       _ui_spAwards               40109a40     <common>
 0003:00084b60       _ui_browserMaster          40109b60     <common>
 0003:00084c80       _ui_ffa_fraglimit          40109c80     <common>
 0003:00084da0       _ui_team_friendly          40109da0     <common>
 0003:00084ec0       _ui_spScores1              40109ec0     <common>
 0003:00084fe0       _ui_spScores3              40109fe0     <common>
 0003:00085100       _ui_spScores2              4010a100     <common>
 0003:00085220       _ui_spScores5              4010a220     <common>
 0003:00085340       _ui_spScores4              4010a340     <common>
 0003:00085460       _ui_spSelection            4010a460     <common>
 0003:00085580       _ui_server4                4010a580     <common>
 0003:000856a0       _ui_server3                4010a6a0     <common>
 0003:000857c0       _ui_server6                4010a7c0     <common>
 0003:000858e0       _ui_server5                4010a8e0     <common>
 0003:00085a00       _ui_server2                4010aa00     <common>
 0003:00085b20       _ui_server1                4010ab20     <common>
 0003:00085c40       _ui_server8                4010ac40     <common>
 0003:00085d60       _ui_server7                4010ad60     <common>
 0003:00085e80       _ui_server9                4010ae80     <common>
 0003:00085fa0       _ui_ctf_timelimit          4010afa0     <common>
 0003:000860c0       _ui_tourney_fraglimit      4010b0c0     <common>
 0003:000861e0       _ui_ffa_timelimit          4010b1e0     <common>
 0003:00086300       _ui_brassTime              4010b300     <common>
 0003:00086420       _ui_team_fraglimit         4010b420     <common>
 0003:00086540       _ui_browserShowFull        4010b540     <common>
 0003:00086660       _ui_drawCrosshair          4010b660     <common>
 0003:00086780       _ui_browserSortKey         4010b780     <common>
 0003:000868a0       _ui_spSkill                4010b8a0     <common>
 0003:000869c0       _ui_browserShowEmpty       4010b9c0     <common>
 0003:00086ad0       _ui_numBots                4010bad0     <common>
 0003:00086ae0       _passwordField             4010bae0     <common>
 0003:00086c80       _uis                       4010bc80     <common>
 0003:0008a234       _m_entersound              4010f234     <common>
 0003:0008a238       ___alternate_form          4010f238     <common>
 0003:0008a248       ___no_lead_zeros           4010f248     <common>
 0003:0008a24c       ___mbcodepage              4010f24c     <common>
 0003:0008a2d0       ___mbulinfo                4010f2d0     <common>
 0003:0008a2dc       ___ismbcodepage            4010f2dc     <common>
 0003:0008a2e0       __mbcasemap                4010f2e0     <common>
 0003:0008a3e0       __mbctype                  4010f3e0     <common>
 0003:0008a4e4       ___mblcid                  4010f4e4     <common>
 0003:0008a4e8       ___sbh_sizeHeaderList      4010f4e8     <common>
 0003:0008a4f8       ___sbh_indGroupDefer       4010f4f8     <common>
 0003:0008a4fc       ___sbh_pHeaderScan         4010f4fc     <common>
 0003:0008a500       ___sbh_pHeaderDefer        4010f500     <common>
 0003:0008a504       ___sbh_cntHeaderList       4010f504     <common>
 0003:0008a508       ___sbh_pHeaderList         4010f508     <common>
 0003:0008a50c       __crtheap                  4010f50c     <common>
 0003:0008a518       __pfnDumpClient            4010f518     <common>
 0003:0008a540       ___pioinfo                 4010f540     <common>
 0003:0008a67c       __nhandle                  4010f67c     <common>
 0003:0008a680       ___setlc_active            4010f680     <common>
 0003:0008a690       ___unguarded_readlc_active 4010f690     <common>
 0003:0008a694       ___piob                    4010f694     <common>
 0003:0008a9e0       __bufin                    4010f9e0     <common>
 0003:0008b9e0       __nstream                  401109e0     <common>
 0003:0008b9e4       ___env_initialized         401109e4     <common>
 0003:0008b9f4       ___mbctype_initialized     401109f4     <common>
 0003:0008b9f8       ___onexitend               401109f8     <common>
 0003:0008b9fc       ___onexitbegin             401109fc     <common>
 0003:0008ba00       __pfnReportHook            40110a00     <common>
 0003:0008ba0c       __acmdln                   40110a0c     <common>
 0003:0008ba1c       __pRawDllMain              40110a1c     <common>
 0004:00000000       __IMPORT_DESCRIPTOR_KERNEL32 40111000     kernel32:KERNEL32.dll
 0004:00000014       __NULL_IMPORT_DESCRIPTOR   40111014     kernel32:KERNEL32.dll
 0004:000001b4       __imp__GetModuleFileNameA@12 401111b4     kernel32:KERNEL32.dll
 0004:000001b8       __imp__InterlockedDecrement@4 401111b8     kernel32:KERNEL32.dll
 0004:000001bc       __imp__InterlockedIncrement@4 401111bc     kernel32:KERNEL32.dll
 0004:000001c0       __imp__GetCommandLineA@0   401111c0     kernel32:KERNEL32.dll
 0004:000001c4       __imp__GetVersion@0        401111c4     kernel32:KERNEL32.dll
 0004:000001c8       __imp__DebugBreak@0        401111c8     kernel32:KERNEL32.dll
 0004:000001cc       __imp__GetStdHandle@4      401111cc     kernel32:KERNEL32.dll
 0004:000001d0       __imp__WriteFile@20        401111d0     kernel32:KERNEL32.dll
 0004:000001d4       __imp__OutputDebugStringA@4 401111d4     kernel32:KERNEL32.dll
 0004:000001d8       __imp__GetProcAddress@8    401111d8     kernel32:KERNEL32.dll
 0004:000001dc       __imp__LoadLibraryA@4      401111dc     kernel32:KERNEL32.dll
 0004:000001e0       __imp__GetModuleHandleA@4  401111e0     kernel32:KERNEL32.dll
 0004:000001e4       __imp__RaiseException@16   401111e4     kernel32:KERNEL32.dll
 0004:000001e8       __imp__ExitProcess@4       401111e8     kernel32:KERNEL32.dll
 0004:000001ec       __imp__TerminateProcess@8  401111ec     kernel32:KERNEL32.dll
 0004:000001f0       __imp__GetCurrentProcess@0 401111f0     kernel32:KERNEL32.dll
 0004:000001f4       __imp__GetLastError@0      401111f4     kernel32:KERNEL32.dll
 0004:000001f8       __imp__SetConsoleCtrlHandler@8 401111f8     kernel32:KERNEL32.dll
 0004:000001fc       __imp__EnterCriticalSection@4 401111fc     kernel32:KERNEL32.dll
 0004:00000200       __imp__LeaveCriticalSection@4 40111200     kernel32:KERNEL32.dll
 0004:00000204       __imp__InitializeCriticalSection@4 40111204     kernel32:KERNEL32.dll
 0004:00000208       __imp__DeleteCriticalSection@4 40111208     kernel32:KERNEL32.dll
 0004:0000020c       __imp__FatalAppExitA@8     4011120c     kernel32:KERNEL32.dll
 0004:00000210       __imp__Sleep@4             40111210     kernel32:KERNEL32.dll
 0004:00000214       __imp__WideCharToMultiByte@32 40111214     kernel32:KERNEL32.dll
 0004:00000218       __imp__MultiByteToWideChar@24 40111218     kernel32:KERNEL32.dll
 0004:0000021c       __imp__LCMapStringA@24     4011121c     kernel32:KERNEL32.dll
 0004:00000220       __imp__LCMapStringW@24     40111220     kernel32:KERNEL32.dll
 0004:00000224       __imp__GetCurrentThreadId@0 40111224     kernel32:KERNEL32.dll
 0004:00000228       __imp__TlsSetValue@8       40111228     kernel32:KERNEL32.dll
 0004:0000022c       __imp__TlsAlloc@0          4011122c     kernel32:KERNEL32.dll
 0004:00000230       __imp__TlsFree@4           40111230     kernel32:KERNEL32.dll
 0004:00000234       __imp__SetLastError@4      40111234     kernel32:KERNEL32.dll
 0004:00000238       __imp__TlsGetValue@4       40111238     kernel32:KERNEL32.dll
 0004:0000023c       __imp__GetCurrentThread@0  4011123c     kernel32:KERNEL32.dll
 0004:00000240       __imp__SetHandleCount@4    40111240     kernel32:KERNEL32.dll
 0004:00000244       __imp__GetFileType@4       40111244     kernel32:KERNEL32.dll
 0004:00000248       __imp__GetStartupInfoA@4   40111248     kernel32:KERNEL32.dll
 0004:0000024c       __imp__IsBadWritePtr@8     4011124c     kernel32:KERNEL32.dll
 0004:00000250       __imp__IsBadReadPtr@8      40111250     kernel32:KERNEL32.dll
 0004:00000254       __imp__HeapValidate@12     40111254     kernel32:KERNEL32.dll
 0004:00000258       __imp__FreeEnvironmentStringsA@4 40111258     kernel32:KERNEL32.dll
 0004:0000025c       __imp__FreeEnvironmentStringsW@4 4011125c     kernel32:KERNEL32.dll
 0004:00000260       __imp__GetEnvironmentStrings@0 40111260     kernel32:KERNEL32.dll
 0004:00000264       __imp__GetEnvironmentStringsW@0 40111264     kernel32:KERNEL32.dll
 0004:00000268       __imp__HeapDestroy@4       40111268     kernel32:KERNEL32.dll
 0004:0000026c       __imp__HeapCreate@12       4011126c     kernel32:KERNEL32.dll
 0004:00000270       __imp__HeapFree@12         40111270     kernel32:KERNEL32.dll
 0004:00000274       __imp__VirtualFree@12      40111274     kernel32:KERNEL32.dll
 0004:00000278       __imp__GetStringTypeA@20   40111278     kernel32:KERNEL32.dll
 0004:0000027c       __imp__GetStringTypeW@16   4011127c     kernel32:KERNEL32.dll
 0004:00000280       __imp__UnhandledExceptionFilter@4 40111280     kernel32:KERNEL32.dll
 0004:00000284       __imp__FlushFileBuffers@4  40111284     kernel32:KERNEL32.dll
 0004:00000288       __imp__SetFilePointer@16   40111288     kernel32:KERNEL32.dll
 0004:0000028c       __imp__GetCPInfo@8         4011128c     kernel32:KERNEL32.dll
 0004:00000290       __imp__IsValidLocale@8     40111290     kernel32:KERNEL32.dll
 0004:00000294       __imp__IsValidCodePage@4   40111294     kernel32:KERNEL32.dll
 0004:00000298       __imp__GetLocaleInfoA@16   40111298     kernel32:KERNEL32.dll
 0004:0000029c       __imp__EnumSystemLocalesA@8 4011129c     kernel32:KERNEL32.dll
 0004:000002a0       __imp__GetUserDefaultLCID@0 401112a0     kernel32:KERNEL32.dll
 0004:000002a4       __imp__GetVersionExA@4     401112a4     kernel32:KERNEL32.dll
 0004:000002a8       __imp__RtlUnwind@16        401112a8     kernel32:KERNEL32.dll
 0004:000002ac       __imp__HeapAlloc@12        401112ac     kernel32:KERNEL32.dll
 0004:000002b0       __imp__HeapReAlloc@16      401112b0     kernel32:KERNEL32.dll
 0004:000002b4       __imp__VirtualAlloc@16     401112b4     kernel32:KERNEL32.dll
 0004:000002b8       __imp__GetACP@0            401112b8     kernel32:KERNEL32.dll
 0004:000002bc       __imp__GetOEMCP@0          401112bc     kernel32:KERNEL32.dll
 0004:000002c0       __imp__SetStdHandle@8      401112c0     kernel32:KERNEL32.dll
 0004:000002c4       __imp__CloseHandle@4       401112c4     kernel32:KERNEL32.dll
 0004:000002c8       __imp__GetTimeZoneInformation@4 401112c8     kernel32:KERNEL32.dll
 0004:000002cc       __imp__GetLocaleInfoW@16   401112cc     kernel32:KERNEL32.dll
 0004:000002d0       __imp__CompareStringA@24   401112d0     kernel32:KERNEL32.dll
 0004:000002d4       __imp__CompareStringW@24   401112d4     kernel32:KERNEL32.dll
 0004:000002d8       __imp__SetEnvironmentVariableA@8 401112d8     kernel32:KERNEL32.dll
 0004:000002dc       \177KERNEL32_NULL_THUNK_DATA 401112dc     kernel32:KERNEL32.dll

 entry point at        0001:000386c0

